seed 1
Namespace(batch_size=1, lr=0.01, data='../data', sparsity=0.0, local_upsampling_kernel_size=8, upsampling_kernel_size=8, static_upsampling_kernel=False, latent_factor=1, mod_base=7, highest_flag=1, context_arm=16, dim_arm_mod=16, use_candidate=True, type='other', mod_hid_layer=0, sythesis_features=12, hidden_features=64, hidden_layer=2, scale=1, lambda_rate=0.01, lambda_rate_list=[0.01, 0.00802, 0.00604, 0.00406, 0.00208, 0.0001], start_index=0, mask_type='full', wsmse_tag=1, swhdc_tag=0, workdir='./experiments_wspsnr', train_steps_1=1000, train_steps_2=1000, patch_h=256, patch_w=512, all_pix_num=131072, eval_pix_num=131072)
Directory './saved/modbase_7/context_16_arm_mod_16' already exists.
Directory './saved/modbase_7/context_16_arm_mod_16/sparity_0.0' already exists.
top %: 0.0

🔁 Stage-1 Training Candidate 1/7
Quantizer parameter: encoding gain  16
total pixel: 131072
Get Mod with shape torch.Size([1, 1, 4, 8]) at layer: 1
Get Mod with shape torch.Size([1, 1, 8, 16]) at layer: 2
Get Mod with shape torch.Size([1, 1, 16, 32]) at layer: 3
Get Mod with shape torch.Size([1, 1, 32, 64]) at layer: 4
Get Mod with shape torch.Size([1, 1, 64, 128]) at layer: 5
Get Mod with shape torch.Size([1, 1, 128, 256]) at layer: 6
Get Mod with shape torch.Size([1, 1, 256, 512]) at layer: 7
start temperature: 0.3 noise parameter: 2.0
end temperature: 0.3 noise parameter: 2.0
********************Start from stage I
/home/diego/Desktop/MoRIC-main/models/candidate_train.py:172: UserWarning: Converting a tensor with requires_grad=True to a scalar may lead to unexpected behavior.
Consider using tensor.detach() first. (Triggered internally at /pytorch/torch/csrc/autograd/generated/python_variable_methods.cpp:838.)
  "Step %d, BEST PSNR: %0.6f, Total loss %0.6f"
Step 400, BEST PSNR: 25.453343, Total loss 0.004747 with its rate 0.1870785355567932 latent_bits 24520.7578125

🔁 Stage-1 Training Candidate 2/7
Quantizer parameter: encoding gain  16
total pixel: 131072
Get Mod with shape torch.Size([1, 1, 4, 8]) at layer: 1
Get Mod with shape torch.Size([1, 1, 8, 16]) at layer: 2
Get Mod with shape torch.Size([1, 1, 16, 32]) at layer: 3
Get Mod with shape torch.Size([1, 1, 32, 64]) at layer: 4
Get Mod with shape torch.Size([1, 1, 64, 128]) at layer: 5
Get Mod with shape torch.Size([1, 1, 128, 256]) at layer: 6
Get Mod with shape torch.Size([1, 1, 256, 512]) at layer: 7
start temperature: 0.3 noise parameter: 2.0
end temperature: 0.3 noise parameter: 2.0
********************Start from stage I
Step 400, BEST PSNR: 24.874048, Total loss 0.005233 with its rate 0.19529971480369568 latent_bits 25598.32421875

🔁 Stage-1 Training Candidate 3/7
Quantizer parameter: encoding gain  16
total pixel: 131072
Get Mod with shape torch.Size([1, 1, 4, 8]) at layer: 1
Get Mod with shape torch.Size([1, 1, 8, 16]) at layer: 2
Get Mod with shape torch.Size([1, 1, 16, 32]) at layer: 3
Get Mod with shape torch.Size([1, 1, 32, 64]) at layer: 4
Get Mod with shape torch.Size([1, 1, 64, 128]) at layer: 5
Get Mod with shape torch.Size([1, 1, 128, 256]) at layer: 6
Get Mod with shape torch.Size([1, 1, 256, 512]) at layer: 7
start temperature: 0.3 noise parameter: 2.0
end temperature: 0.3 noise parameter: 2.0
********************Start from stage I
Step 400, BEST PSNR: 25.745928, Total loss 0.004533 with its rate 0.1852620542049408 latent_bits 24282.66796875

🔁 Stage-1 Training Candidate 4/7
Quantizer parameter: encoding gain  16
total pixel: 131072
Get Mod with shape torch.Size([1, 1, 4, 8]) at layer: 1
Get Mod with shape torch.Size([1, 1, 8, 16]) at layer: 2
Get Mod with shape torch.Size([1, 1, 16, 32]) at layer: 3
Get Mod with shape torch.Size([1, 1, 32, 64]) at layer: 4
Get Mod with shape torch.Size([1, 1, 64, 128]) at layer: 5
Get Mod with shape torch.Size([1, 1, 128, 256]) at layer: 6
Get Mod with shape torch.Size([1, 1, 256, 512]) at layer: 7
start temperature: 0.3 noise parameter: 2.0
end temperature: 0.3 noise parameter: 2.0
********************Start from stage I
Step 400, BEST PSNR: 25.582675, Total loss 0.004760 with its rate 0.1974862515926361 latent_bits 25884.91796875

🔁 Stage-1 Training Candidate 5/7
Quantizer parameter: encoding gain  16
total pixel: 131072
Get Mod with shape torch.Size([1, 1, 4, 8]) at layer: 1
Get Mod with shape torch.Size([1, 1, 8, 16]) at layer: 2
Get Mod with shape torch.Size([1, 1, 16, 32]) at layer: 3
Get Mod with shape torch.Size([1, 1, 32, 64]) at layer: 4
Get Mod with shape torch.Size([1, 1, 64, 128]) at layer: 5
Get Mod with shape torch.Size([1, 1, 128, 256]) at layer: 6
Get Mod with shape torch.Size([1, 1, 256, 512]) at layer: 7
start temperature: 0.3 noise parameter: 2.0
end temperature: 0.3 noise parameter: 2.0
********************Start from stage I
Step 400, BEST PSNR: 25.125410, Total loss 0.005057 with its rate 0.195026695728302 latent_bits 25562.5390625

🔁 Stage-1 Training Candidate 6/7
Quantizer parameter: encoding gain  16
total pixel: 131072
Get Mod with shape torch.Size([1, 1, 4, 8]) at layer: 1
Get Mod with shape torch.Size([1, 1, 8, 16]) at layer: 2
Get Mod with shape torch.Size([1, 1, 16, 32]) at layer: 3
Get Mod with shape torch.Size([1, 1, 32, 64]) at layer: 4
Get Mod with shape torch.Size([1, 1, 64, 128]) at layer: 5
Get Mod with shape torch.Size([1, 1, 128, 256]) at layer: 6
Get Mod with shape torch.Size([1, 1, 256, 512]) at layer: 7
start temperature: 0.3 noise parameter: 2.0
end temperature: 0.3 noise parameter: 2.0
********************Start from stage I
Step 400, BEST PSNR: 24.779346, Total loss 0.005235 with its rate 0.1879810094833374 latent_bits 24639.046875

🔁 Stage-1 Training Candidate 7/7
Quantizer parameter: encoding gain  16
total pixel: 131072
Get Mod with shape torch.Size([1, 1, 4, 8]) at layer: 1
Get Mod with shape torch.Size([1, 1, 8, 16]) at layer: 2
Get Mod with shape torch.Size([1, 1, 16, 32]) at layer: 3
Get Mod with shape torch.Size([1, 1, 32, 64]) at layer: 4
Get Mod with shape torch.Size([1, 1, 64, 128]) at layer: 5
Get Mod with shape torch.Size([1, 1, 128, 256]) at layer: 6
Get Mod with shape torch.Size([1, 1, 256, 512]) at layer: 7
start temperature: 0.3 noise parameter: 2.0
end temperature: 0.3 noise parameter: 2.0
********************Start from stage I
Step 400, BEST PSNR: 25.361916, Total loss 0.004749 with its rate 0.18156050145626068 latent_bits 23797.498046875

🌟 Selected Top-3 Candidates by RD cost

🎯 Stage-2 Refining Candidate 1/3
start temperature: 0.3 noise parameter: 2.0
end temperature: 0.3 noise parameter: 2.0
********************Start from stage I
Step 400, BEST PSNR: 26.077695, Total loss 0.004759 with its rate 0.22693578898906708 latent_bits 29744.927734375

🎯 Stage-2 Refining Candidate 2/3
start temperature: 0.3 noise parameter: 2.0
end temperature: 0.3 noise parameter: 2.0
********************Start from stage I
Step 400, BEST PSNR: 26.157130, Total loss 0.004711 with its rate 0.22662128508090973 latent_bits 29703.705078125

🎯 Stage-2 Refining Candidate 3/3
start temperature: 0.3 noise parameter: 2.0
end temperature: 0.3 noise parameter: 2.0
********************Start from stage I
Step 400, BEST PSNR: 26.184967, Total loss 0.004710 with its rate 0.22854211926460266 latent_bits 29955.47265625

🏆 Best Candidate Final PSNR: 26.18, Rate: 0.2285
Masked_INR(
  (upsampling_2d): Upsampling(
    (conv_transpose2d): UpsamplingConvTranspose2d()
  )
  (arm): Arm(
    (mlp): Sequential(
      (0): ArmConv(
        (conv1_1): Conv1d(16, 16, kernel_size=(1,), stride=(1,))
      )
      (1): GELU(approximate='none')
      (2): ArmConv(
        (conv1_1): Conv1d(16, 16, kernel_size=(1,), stride=(1,))
      )
      (3): GELU(approximate='none')
      (4): ArmConv(
        (conv1_1): Conv1d(16, 2, kernel_size=(1,), stride=(1,))
      )
    )
  )
  (conv_mod): LocalGlobalBlock(
    (net): Sequential(
      (0): Sequential(
        (0): SynthesisLayer(
          (pad): ReplicationPad2d((0, 0, 0, 0))
          (conv_layer): Conv2d(2, 3, kernel_size=(1, 1), stride=(1, 1))
          (non_linearity): GELU(approximate='none')
        )
      )
      (1): Sequential(
        (0): SynthesisResidualLayer(
          (pad): ReplicationPad2d((0, 0, 0, 0))
          (conv_layer): Conv2d(3, 3, kernel_size=(1, 1), stride=(1, 1))
          (non_linearity): GELU(approximate='none')
        )
      )
      (2): Sequential(
        (0): SynthesisResidualLayer(
          (pad): ReplicationPad2d((0, 0, 0, 0))
          (conv_layer): Conv2d(3, 3, kernel_size=(1, 1), stride=(1, 1))
          (non_linearity): GELU(approximate='none')
        )
      )
      (3): Sequential(
        (0): SynthesisResidualLayer(
          (pad): ReplicationPad2d((0, 0, 0, 0))
          (conv_layer): Conv2d(3, 3, kernel_size=(1, 1), stride=(1, 1))
          (non_linearity): Identity()
        )
      )
    )
    (global_net): Sequential(
      (0): SynthesisLayer(
        (pad): ReplicationPad2d((0, 0, 0, 0))
        (conv_layer): Conv2d(2, 3, kernel_size=(1, 1), stride=(1, 1))
        (non_linearity): GELU(approximate='none')
      )
      (1): SynthesisResidualLayer(
        (pad): ReplicationPad2d((0, 0, 0, 0))
        (conv_layer): Conv2d(3, 3, kernel_size=(1, 1), stride=(1, 1))
        (non_linearity): GELU(approximate='none')
      )
      (2): SynthesisResidualLayer(
        (pad): ReplicationPad2d((0, 0, 0, 0))
        (conv_layer): Conv2d(3, 3, kernel_size=(1, 1), stride=(1, 1))
        (non_linearity): GELU(approximate='none')
      )
      (3): SynthesisResidualLayer(
        (pad): ReplicationPad2d((0, 0, 0, 0))
        (conv_layer): Conv2d(3, 3, kernel_size=(1, 1), stride=(1, 1))
        (non_linearity): Identity()
      )
    )
    (agg_func): Sequential(
      (0): Sequential(
        (0): SynthesisLayer(
          (pad): ReplicationPad2d((0, 0, 0, 0))
          (conv_layer): Conv2d(18, 3, kernel_size=(1, 1), stride=(1, 1))
          (non_linearity): GELU(approximate='none')
        )
      )
      (1): Sequential(
        (0): SynthesisLayer(
          (pad): ReplicationPad2d((0, 0, 0, 0))
          (conv_layer): Conv2d(21, 3, kernel_size=(1, 1), stride=(1, 1))
          (non_linearity): GELU(approximate='none')
        )
      )
      (2): Sequential(
        (0): SynthesisLayer(
          (pad): ReplicationPad2d((0, 0, 0, 0))
          (conv_layer): Conv2d(24, 3, kernel_size=(1, 1), stride=(1, 1))
          (non_linearity): GELU(approximate='none')
        )
      )
    )
    (full_net): Sequential(
      (0): SynthesisLayer(
        (pad): ReplicationPad2d((0, 0, 0, 0))
        (conv_layer): Conv2d(7, 12, kernel_size=(1, 1), stride=(1, 1))
        (non_linearity): GELU(approximate='none')
      )
      (1): SynthesisLayer(
        (pad): ReplicationPad2d((0, 0, 0, 0))
        (conv_layer): Conv2d(12, 3, kernel_size=(1, 1), stride=(1, 1))
        (non_linearity): GELU(approximate='none')
      )
      (2): SynthesisResidualLayer(
        (pad): ReplicationPad2d((1, 1, 1, 1))
        (conv_layer): Conv2d(3, 3, kernel_size=(3, 3), stride=(1, 1))
        (non_linearity): GELU(approximate='none')
      )
      (3): SynthesisResidualLayer(
        (pad): ReplicationPad2d((1, 1, 1, 1))
        (conv_layer): Conv2d(3, 3, kernel_size=(3, 3), stride=(1, 1))
        (non_linearity): GELU(approximate='none')
      )
    )
  )
  (modulation_sf): ParameterList(
      (0): Parameter containing: [torch.float32 of size 1x1x4x8 (cuda:0)]
      (1): Parameter containing: [torch.float32 of size 1x1x8x16 (cuda:0)]
      (2): Parameter containing: [torch.float32 of size 1x1x16x32 (cuda:0)]
      (3): Parameter containing: [torch.float32 of size 1x1x32x64 (cuda:0)]
      (4): Parameter containing: [torch.float32 of size 1x1x64x128 (cuda:0)]
      (5): Parameter containing: [torch.float32 of size 1x1x128x256 (cuda:0)]
      (6): Parameter containing: [torch.float32 of size 1x1x256x512 (cuda:0)]
  )
)
train the 0 -th image
start temperature: 0.3 noise parameter: 2.0
end temperature: 0.1 noise parameter: 1.0
********************Start from stage I
********************going into stage II
eval_object_psnr: 26.57242922958156
eval_background_psnr: 100.0
eval_background_psnr: 100.0
********************Evaluation the Image 0-th, after Step 999, BEST PSNR: 26.572429, Print rate 0.131304. *************************
Saved model at ./saved/modbase_7/context_16_arm_mod_16/sparity_0.0/inr_mod_16KODAK_ROI_Global_new_struture_7_12_3_33_orderconcat_operator_0_pw_0.01_img_object0.pth
Trained the image with PSNR: 26.57242922958156  latent bits 0.13130426406860352 latent bits number 17210.3125
[26.57242922958156]
[0.13130426406860352]
[17210.3125]
load the model: ./saved/modbase_7/context_16_arm_mod_16/sparity_0.0/inr_mod_16KODAK_ROI_Global_new_struture_7_12_3_33_orderconcat_operator_0_pw_0.01_img_object0.pth for the  0 -th image
********************Evalutation with quantization
********************Starting quantizing models
eval_object_psnr: 26.40920807303317
full_image_psnr: 26.40920807303317
object_psnr: 26.40920807303317
background_psnr: 100.0
********************Evaluation the Image 0-th, BEST PSNR: 26.409208, Print rate 0.134534, Network rate 0.056168. *************************
Evaluate the image: PSNR: 26.40920807303317 All bits: 0.19070184230804443  latent bits: 0.13453423976898193  network bits: 0.0561676025390625
Evaluate arm network bits: 0.02642822265625 Evaluate synthesis network bits: 0.0268707275390625
Image All bits num: 24995.671875 latent bits num: 17633.671875 mlp bits num: 7362.0 border bits num:
arm bits num: 3464.0 synthesis bits num: 3522.0
[26.40920807303317]
[0.19070184230804443]
[24995.671875]
Metrics saved to ./experiments_wspsnr/results.csv
Current eval Ave PSNR: 26.40920807303317 Ave Bits 0.19070184230804443
.......Copmlete all dataset training......
Ave Training PSNR: 26.57242922958156 Ave Training Bits 0.13130426406860352
Training PSNR: [26.57242922958156]
Training rate: [0.13130426406860352]
Evalutation: Ave Eval PSNR: 26.40920807303317 Ave Eval all bits: 0.19070184230804443 Ave Eval Bits 0.13453423976898193 Ave Eval Network 0.0561676025390625
Eval All PSNR: [26.40920807303317]
Eval All rate [0.19070184230804443]
Eval Latent rate [0.13453423976898193]
Eval MLP rate [0.0561676025390625]
Namespace(batch_size=1, lr=0.01, data='../data', sparsity=0.0, local_upsampling_kernel_size=8, upsampling_kernel_size=8, static_upsampling_kernel=False, latent_factor=1, mod_base=7, highest_flag=1, context_arm=16, dim_arm_mod=16, use_candidate=True, type='other', mod_hid_layer=0, sythesis_features=12, hidden_features=64, hidden_layer=2, scale=1, lambda_rate=0.00802, lambda_rate_list=[0.01, 0.00802, 0.00604, 0.00406, 0.00208, 0.0001], start_index=0, mask_type='full', wsmse_tag=1, swhdc_tag=0, workdir='./experiments_wspsnr', train_steps_1=1000, train_steps_2=1000, patch_h=256, patch_w=512, all_pix_num=131072, eval_pix_num=131072)
Directory './saved/modbase_7/context_16_arm_mod_16' already exists.
Directory './saved/modbase_7/context_16_arm_mod_16/sparity_0.0' already exists.
top %: 0.0

🔁 Stage-1 Training Candidate 1/7
Quantizer parameter: encoding gain  16
total pixel: 131072
Get Mod with shape torch.Size([1, 1, 4, 8]) at layer: 1
Get Mod with shape torch.Size([1, 1, 8, 16]) at layer: 2
Get Mod with shape torch.Size([1, 1, 16, 32]) at layer: 3
Get Mod with shape torch.Size([1, 1, 32, 64]) at layer: 4
Get Mod with shape torch.Size([1, 1, 64, 128]) at layer: 5
Get Mod with shape torch.Size([1, 1, 128, 256]) at layer: 6
Get Mod with shape torch.Size([1, 1, 256, 512]) at layer: 7
start temperature: 0.3 noise parameter: 2.0
end temperature: 0.3 noise parameter: 2.0
********************Start from stage I
Step 400, BEST PSNR: 25.835986, Total loss 0.004336 with its rate 0.21272622048854828 latent_bits 27882.451171875

🔁 Stage-1 Training Candidate 2/7
Quantizer parameter: encoding gain  16
total pixel: 131072
Get Mod with shape torch.Size([1, 1, 4, 8]) at layer: 1
Get Mod with shape torch.Size([1, 1, 8, 16]) at layer: 2
Get Mod with shape torch.Size([1, 1, 16, 32]) at layer: 3
Get Mod with shape torch.Size([1, 1, 32, 64]) at layer: 4
Get Mod with shape torch.Size([1, 1, 64, 128]) at layer: 5
Get Mod with shape torch.Size([1, 1, 128, 256]) at layer: 6
Get Mod with shape torch.Size([1, 1, 256, 512]) at layer: 7
start temperature: 0.3 noise parameter: 2.0
end temperature: 0.3 noise parameter: 2.0
********************Start from stage I
Step 400, BEST PSNR: 25.172426, Total loss 0.004791 with its rate 0.215715691447258 latent_bits 28274.287109375

🔁 Stage-1 Training Candidate 3/7
Quantizer parameter: encoding gain  16
total pixel: 131072
Get Mod with shape torch.Size([1, 1, 4, 8]) at layer: 1
Get Mod with shape torch.Size([1, 1, 8, 16]) at layer: 2
Get Mod with shape torch.Size([1, 1, 16, 32]) at layer: 3
Get Mod with shape torch.Size([1, 1, 32, 64]) at layer: 4
Get Mod with shape torch.Size([1, 1, 64, 128]) at layer: 5
Get Mod with shape torch.Size([1, 1, 128, 256]) at layer: 6
Get Mod with shape torch.Size([1, 1, 256, 512]) at layer: 7
start temperature: 0.3 noise parameter: 2.0
end temperature: 0.3 noise parameter: 2.0
********************Start from stage I
Step 400, BEST PSNR: 25.711458, Total loss 0.004415 with its rate 0.21206724643707275 latent_bits 27796.078125

🔁 Stage-1 Training Candidate 4/7
Quantizer parameter: encoding gain  16
total pixel: 131072
Get Mod with shape torch.Size([1, 1, 4, 8]) at layer: 1
Get Mod with shape torch.Size([1, 1, 8, 16]) at layer: 2
Get Mod with shape torch.Size([1, 1, 16, 32]) at layer: 3
Get Mod with shape torch.Size([1, 1, 32, 64]) at layer: 4
Get Mod with shape torch.Size([1, 1, 64, 128]) at layer: 5
Get Mod with shape torch.Size([1, 1, 128, 256]) at layer: 6
Get Mod with shape torch.Size([1, 1, 256, 512]) at layer: 7
start temperature: 0.3 noise parameter: 2.0
end temperature: 0.3 noise parameter: 2.0
********************Start from stage I
Step 400, BEST PSNR: 25.949632, Total loss 0.004333 with its rate 0.22122082114219666 latent_bits 28995.85546875

🔁 Stage-1 Training Candidate 5/7
Quantizer parameter: encoding gain  16
total pixel: 131072
Get Mod with shape torch.Size([1, 1, 4, 8]) at layer: 1
Get Mod with shape torch.Size([1, 1, 8, 16]) at layer: 2
Get Mod with shape torch.Size([1, 1, 16, 32]) at layer: 3
Get Mod with shape torch.Size([1, 1, 32, 64]) at layer: 4
Get Mod with shape torch.Size([1, 1, 64, 128]) at layer: 5
Get Mod with shape torch.Size([1, 1, 128, 256]) at layer: 6
Get Mod with shape torch.Size([1, 1, 256, 512]) at layer: 7
start temperature: 0.3 noise parameter: 2.0
end temperature: 0.3 noise parameter: 2.0
********************Start from stage I
Step 400, BEST PSNR: 25.711574, Total loss 0.004513 with its rate 0.22496706247329712 latent_bits 29486.8828125

🔁 Stage-1 Training Candidate 6/7
Quantizer parameter: encoding gain  16
total pixel: 131072
Get Mod with shape torch.Size([1, 1, 4, 8]) at layer: 1
Get Mod with shape torch.Size([1, 1, 8, 16]) at layer: 2
Get Mod with shape torch.Size([1, 1, 16, 32]) at layer: 3
Get Mod with shape torch.Size([1, 1, 32, 64]) at layer: 4
Get Mod with shape torch.Size([1, 1, 64, 128]) at layer: 5
Get Mod with shape torch.Size([1, 1, 128, 256]) at layer: 6
Get Mod with shape torch.Size([1, 1, 256, 512]) at layer: 7
start temperature: 0.3 noise parameter: 2.0
end temperature: 0.3 noise parameter: 2.0
********************Start from stage I
Step 400, BEST PSNR: 25.126006, Total loss 0.004817 with its rate 0.2147417962551117 latent_bits 28146.63671875

🔁 Stage-1 Training Candidate 7/7
Quantizer parameter: encoding gain  16
total pixel: 131072
Get Mod with shape torch.Size([1, 1, 4, 8]) at layer: 1
Get Mod with shape torch.Size([1, 1, 8, 16]) at layer: 2
Get Mod with shape torch.Size([1, 1, 16, 32]) at layer: 3
Get Mod with shape torch.Size([1, 1, 32, 64]) at layer: 4
Get Mod with shape torch.Size([1, 1, 64, 128]) at layer: 5
Get Mod with shape torch.Size([1, 1, 128, 256]) at layer: 6
Get Mod with shape torch.Size([1, 1, 256, 512]) at layer: 7
start temperature: 0.3 noise parameter: 2.0
end temperature: 0.3 noise parameter: 2.0
********************Start from stage I
Step 400, BEST PSNR: 25.824507, Total loss 0.004332 with its rate 0.21155743300914764 latent_bits 27729.255859375

🌟 Selected Top-3 Candidates by RD cost

🎯 Stage-2 Refining Candidate 1/3
start temperature: 0.3 noise parameter: 2.0
end temperature: 0.3 noise parameter: 2.0
********************Start from stage I
Step 400, BEST PSNR: 26.550703, Total loss 0.004310 with its rate 0.2596433162689209 latent_bits 34031.96875

🎯 Stage-2 Refining Candidate 2/3
start temperature: 0.3 noise parameter: 2.0
end temperature: 0.3 noise parameter: 2.0
********************Start from stage I
Step 400, BEST PSNR: 26.552687, Total loss 0.004254 with its rate 0.2520444393157959 latent_bits 33035.96875

🎯 Stage-2 Refining Candidate 3/3
start temperature: 0.3 noise parameter: 2.0
end temperature: 0.3 noise parameter: 2.0
********************Start from stage I
Step 400, BEST PSNR: 26.463319, Total loss 0.004277 with its rate 0.24957403540611267 latent_bits 32712.16796875

🏆 Best Candidate Final PSNR: 26.55, Rate: 0.2520
Masked_INR(
  (upsampling_2d): Upsampling(
    (conv_transpose2d): UpsamplingConvTranspose2d()
  )
  (arm): Arm(
    (mlp): Sequential(
      (0): ArmConv(
        (conv1_1): Conv1d(16, 16, kernel_size=(1,), stride=(1,))
      )
      (1): GELU(approximate='none')
      (2): ArmConv(
        (conv1_1): Conv1d(16, 16, kernel_size=(1,), stride=(1,))
      )
      (3): GELU(approximate='none')
      (4): ArmConv(
        (conv1_1): Conv1d(16, 2, kernel_size=(1,), stride=(1,))
      )
    )
  )
  (conv_mod): LocalGlobalBlock(
    (net): Sequential(
      (0): Sequential(
        (0): SynthesisLayer(
          (pad): ReplicationPad2d((0, 0, 0, 0))
          (conv_layer): Conv2d(2, 3, kernel_size=(1, 1), stride=(1, 1))
          (non_linearity): GELU(approximate='none')
        )
      )
      (1): Sequential(
        (0): SynthesisResidualLayer(
          (pad): ReplicationPad2d((0, 0, 0, 0))
          (conv_layer): Conv2d(3, 3, kernel_size=(1, 1), stride=(1, 1))
          (non_linearity): GELU(approximate='none')
        )
      )
      (2): Sequential(
        (0): SynthesisResidualLayer(
          (pad): ReplicationPad2d((0, 0, 0, 0))
          (conv_layer): Conv2d(3, 3, kernel_size=(1, 1), stride=(1, 1))
          (non_linearity): GELU(approximate='none')
        )
      )
      (3): Sequential(
        (0): SynthesisResidualLayer(
          (pad): ReplicationPad2d((0, 0, 0, 0))
          (conv_layer): Conv2d(3, 3, kernel_size=(1, 1), stride=(1, 1))
          (non_linearity): Identity()
        )
      )
    )
    (global_net): Sequential(
      (0): SynthesisLayer(
        (pad): ReplicationPad2d((0, 0, 0, 0))
        (conv_layer): Conv2d(2, 3, kernel_size=(1, 1), stride=(1, 1))
        (non_linearity): GELU(approximate='none')
      )
      (1): SynthesisResidualLayer(
        (pad): ReplicationPad2d((0, 0, 0, 0))
        (conv_layer): Conv2d(3, 3, kernel_size=(1, 1), stride=(1, 1))
        (non_linearity): GELU(approximate='none')
      )
      (2): SynthesisResidualLayer(
        (pad): ReplicationPad2d((0, 0, 0, 0))
        (conv_layer): Conv2d(3, 3, kernel_size=(1, 1), stride=(1, 1))
        (non_linearity): GELU(approximate='none')
      )
      (3): SynthesisResidualLayer(
        (pad): ReplicationPad2d((0, 0, 0, 0))
        (conv_layer): Conv2d(3, 3, kernel_size=(1, 1), stride=(1, 1))
        (non_linearity): Identity()
      )
    )
    (agg_func): Sequential(
      (0): Sequential(
        (0): SynthesisLayer(
          (pad): ReplicationPad2d((0, 0, 0, 0))
          (conv_layer): Conv2d(18, 3, kernel_size=(1, 1), stride=(1, 1))
          (non_linearity): GELU(approximate='none')
        )
      )
      (1): Sequential(
        (0): SynthesisLayer(
          (pad): ReplicationPad2d((0, 0, 0, 0))
          (conv_layer): Conv2d(21, 3, kernel_size=(1, 1), stride=(1, 1))
          (non_linearity): GELU(approximate='none')
        )
      )
      (2): Sequential(
        (0): SynthesisLayer(
          (pad): ReplicationPad2d((0, 0, 0, 0))
          (conv_layer): Conv2d(24, 3, kernel_size=(1, 1), stride=(1, 1))
          (non_linearity): GELU(approximate='none')
        )
      )
    )
    (full_net): Sequential(
      (0): SynthesisLayer(
        (pad): ReplicationPad2d((0, 0, 0, 0))
        (conv_layer): Conv2d(7, 12, kernel_size=(1, 1), stride=(1, 1))
        (non_linearity): GELU(approximate='none')
      )
      (1): SynthesisLayer(
        (pad): ReplicationPad2d((0, 0, 0, 0))
        (conv_layer): Conv2d(12, 3, kernel_size=(1, 1), stride=(1, 1))
        (non_linearity): GELU(approximate='none')
      )
      (2): SynthesisResidualLayer(
        (pad): ReplicationPad2d((1, 1, 1, 1))
        (conv_layer): Conv2d(3, 3, kernel_size=(3, 3), stride=(1, 1))
        (non_linearity): GELU(approximate='none')
      )
      (3): SynthesisResidualLayer(
        (pad): ReplicationPad2d((1, 1, 1, 1))
        (conv_layer): Conv2d(3, 3, kernel_size=(3, 3), stride=(1, 1))
        (non_linearity): GELU(approximate='none')
      )
    )
  )
  (modulation_sf): ParameterList(
      (0): Parameter containing: [torch.float32 of size 1x1x4x8 (cuda:0)]
      (1): Parameter containing: [torch.float32 of size 1x1x8x16 (cuda:0)]
      (2): Parameter containing: [torch.float32 of size 1x1x16x32 (cuda:0)]
      (3): Parameter containing: [torch.float32 of size 1x1x32x64 (cuda:0)]
      (4): Parameter containing: [torch.float32 of size 1x1x64x128 (cuda:0)]
      (5): Parameter containing: [torch.float32 of size 1x1x128x256 (cuda:0)]
      (6): Parameter containing: [torch.float32 of size 1x1x256x512 (cuda:0)]
  )
)
train the 0 -th image
start temperature: 0.3 noise parameter: 2.0
end temperature: 0.1 noise parameter: 1.0
********************Start from stage I
********************going into stage II
eval_object_psnr: 27.01571048525314
eval_background_psnr: 100.0
eval_background_psnr: 100.0
********************Evaluation the Image 0-th, after Step 999, BEST PSNR: 27.015710, Print rate 0.149723. *************************
Saved model at ./saved/modbase_7/context_16_arm_mod_16/sparity_0.0/inr_mod_16KODAK_ROI_Global_new_struture_7_12_3_33_orderconcat_operator_0_pw_0.00802_img_object0.pth
Trained the image with PSNR: 27.01571048525314  latent bits 0.14972272515296936 latent bits number 19624.45703125
[27.01571048525314]
[0.14972272515296936]
[19624.45703125]
load the model: ./saved/modbase_7/context_16_arm_mod_16/sparity_0.0/inr_mod_16KODAK_ROI_Global_new_struture_7_12_3_33_orderconcat_operator_0_pw_0.00802_img_object0.pth for the  0 -th image
********************Evalutation with quantization
********************Starting quantizing models
eval_object_psnr: 27.00298065015218
full_image_psnr: 27.00298065015218
object_psnr: 27.00298065015218
background_psnr: 100.0
********************Evaluation the Image 0-th, BEST PSNR: 27.002981, Print rate 0.153261, Network rate 0.065422. *************************
Evaluate the image: PSNR: 27.00298065015218 All bits: 0.21868301928043365  latent bits: 0.1532609611749649  network bits: 0.06542205810546875
Evaluate arm network bits: 0.0260009765625 Evaluate synthesis network bits: 0.03598785400390625
Image All bits num: 28663.220703125 latent bits num: 20088.220703125 mlp bits num: 8575.0 border bits num:
arm bits num: 3408.0 synthesis bits num: 4717.0
[27.00298065015218]
[0.21868301928043365]
[28663.220703125]
Metrics saved to ./experiments_wspsnr/results.csv
Current eval Ave PSNR: 27.00298065015218 Ave Bits 0.21868301928043365
.......Copmlete all dataset training......
Ave Training PSNR: 27.01571048525314 Ave Training Bits 0.14972272515296936
Training PSNR: [27.01571048525314]
Training rate: [0.14972272515296936]
Evalutation: Ave Eval PSNR: 27.00298065015218 Ave Eval all bits: 0.21868301928043365 Ave Eval Bits 0.1532609611749649 Ave Eval Network 0.06542205810546875
Eval All PSNR: [27.00298065015218]
Eval All rate [0.21868301928043365]
Eval Latent rate [0.1532609611749649]
Eval MLP rate [0.06542205810546875]
Namespace(batch_size=1, lr=0.01, data='../data', sparsity=0.0, local_upsampling_kernel_size=8, upsampling_kernel_size=8, static_upsampling_kernel=False, latent_factor=1, mod_base=7, highest_flag=1, context_arm=16, dim_arm_mod=16, use_candidate=True, type='other', mod_hid_layer=0, sythesis_features=12, hidden_features=64, hidden_layer=2, scale=1, lambda_rate=0.00604, lambda_rate_list=[0.01, 0.00802, 0.00604, 0.00406, 0.00208, 0.0001], start_index=0, mask_type='full', wsmse_tag=1, swhdc_tag=0, workdir='./experiments_wspsnr', train_steps_1=1000, train_steps_2=1000, patch_h=256, patch_w=512, all_pix_num=131072, eval_pix_num=131072)
Directory './saved/modbase_7/context_16_arm_mod_16' already exists.
Directory './saved/modbase_7/context_16_arm_mod_16/sparity_0.0' already exists.
top %: 0.0

🔁 Stage-1 Training Candidate 1/7
Quantizer parameter: encoding gain  16
total pixel: 131072
Get Mod with shape torch.Size([1, 1, 4, 8]) at layer: 1
Get Mod with shape torch.Size([1, 1, 8, 16]) at layer: 2
Get Mod with shape torch.Size([1, 1, 16, 32]) at layer: 3
Get Mod with shape torch.Size([1, 1, 32, 64]) at layer: 4
Get Mod with shape torch.Size([1, 1, 64, 128]) at layer: 5
Get Mod with shape torch.Size([1, 1, 128, 256]) at layer: 6
Get Mod with shape torch.Size([1, 1, 256, 512]) at layer: 7
start temperature: 0.3 noise parameter: 2.0
end temperature: 0.3 noise parameter: 2.0
********************Start from stage I
Step 400, BEST PSNR: 26.275761, Total loss 0.003882 with its rate 0.249609112739563 latent_bits 32716.765625

🔁 Stage-1 Training Candidate 2/7
Quantizer parameter: encoding gain  16
total pixel: 131072
Get Mod with shape torch.Size([1, 1, 4, 8]) at layer: 1
Get Mod with shape torch.Size([1, 1, 8, 16]) at layer: 2
Get Mod with shape torch.Size([1, 1, 16, 32]) at layer: 3
Get Mod with shape torch.Size([1, 1, 32, 64]) at layer: 4
Get Mod with shape torch.Size([1, 1, 64, 128]) at layer: 5
Get Mod with shape torch.Size([1, 1, 128, 256]) at layer: 6
Get Mod with shape torch.Size([1, 1, 256, 512]) at layer: 7
start temperature: 0.3 noise parameter: 2.0
end temperature: 0.3 noise parameter: 2.0
********************Start from stage I
Step 400, BEST PSNR: 25.536399, Total loss 0.004345 with its rate 0.25359082221984863 latent_bits 33238.65625

🔁 Stage-1 Training Candidate 3/7
Quantizer parameter: encoding gain  16
total pixel: 131072
Get Mod with shape torch.Size([1, 1, 4, 8]) at layer: 1
Get Mod with shape torch.Size([1, 1, 8, 16]) at layer: 2
Get Mod with shape torch.Size([1, 1, 16, 32]) at layer: 3
Get Mod with shape torch.Size([1, 1, 32, 64]) at layer: 4
Get Mod with shape torch.Size([1, 1, 64, 128]) at layer: 5
Get Mod with shape torch.Size([1, 1, 128, 256]) at layer: 6
Get Mod with shape torch.Size([1, 1, 256, 512]) at layer: 7
start temperature: 0.3 noise parameter: 2.0
end temperature: 0.3 noise parameter: 2.0
********************Start from stage I
Step 400, BEST PSNR: 25.950000, Total loss 0.004103 with its rate 0.25380152463912964 latent_bits 33266.2734375

🔁 Stage-1 Training Candidate 4/7
Quantizer parameter: encoding gain  16
total pixel: 131072
Get Mod with shape torch.Size([1, 1, 4, 8]) at layer: 1
Get Mod with shape torch.Size([1, 1, 8, 16]) at layer: 2
Get Mod with shape torch.Size([1, 1, 16, 32]) at layer: 3
Get Mod with shape torch.Size([1, 1, 32, 64]) at layer: 4
Get Mod with shape torch.Size([1, 1, 64, 128]) at layer: 5
Get Mod with shape torch.Size([1, 1, 128, 256]) at layer: 6
Get Mod with shape torch.Size([1, 1, 256, 512]) at layer: 7
start temperature: 0.3 noise parameter: 2.0
end temperature: 0.3 noise parameter: 2.0
********************Start from stage I
Step 400, BEST PSNR: 26.439505, Total loss 0.003826 with its rate 0.2550854980945587 latent_bits 33434.56640625

🔁 Stage-1 Training Candidate 5/7
Quantizer parameter: encoding gain  16
total pixel: 131072
Get Mod with shape torch.Size([1, 1, 4, 8]) at layer: 1
Get Mod with shape torch.Size([1, 1, 8, 16]) at layer: 2
Get Mod with shape torch.Size([1, 1, 16, 32]) at layer: 3
Get Mod with shape torch.Size([1, 1, 32, 64]) at layer: 4
Get Mod with shape torch.Size([1, 1, 64, 128]) at layer: 5
Get Mod with shape torch.Size([1, 1, 128, 256]) at layer: 6
Get Mod with shape torch.Size([1, 1, 256, 512]) at layer: 7
start temperature: 0.3 noise parameter: 2.0
end temperature: 0.3 noise parameter: 2.0
********************Start from stage I
Step 400, BEST PSNR: 26.039462, Total loss 0.004058 with its rate 0.25606298446655273 latent_bits 33562.6875

🔁 Stage-1 Training Candidate 6/7
Quantizer parameter: encoding gain  16
total pixel: 131072
Get Mod with shape torch.Size([1, 1, 4, 8]) at layer: 1
Get Mod with shape torch.Size([1, 1, 8, 16]) at layer: 2
Get Mod with shape torch.Size([1, 1, 16, 32]) at layer: 3
Get Mod with shape torch.Size([1, 1, 32, 64]) at layer: 4
Get Mod with shape torch.Size([1, 1, 64, 128]) at layer: 5
Get Mod with shape torch.Size([1, 1, 128, 256]) at layer: 6
Get Mod with shape torch.Size([1, 1, 256, 512]) at layer: 7
start temperature: 0.3 noise parameter: 2.0
end temperature: 0.3 noise parameter: 2.0
********************Start from stage I
Step 400, BEST PSNR: 25.485439, Total loss 0.004354 with its rate 0.24896207451820374 latent_bits 32631.95703125

🔁 Stage-1 Training Candidate 7/7
Quantizer parameter: encoding gain  16
total pixel: 131072
Get Mod with shape torch.Size([1, 1, 4, 8]) at layer: 1
Get Mod with shape torch.Size([1, 1, 8, 16]) at layer: 2
Get Mod with shape torch.Size([1, 1, 16, 32]) at layer: 3
Get Mod with shape torch.Size([1, 1, 32, 64]) at layer: 4
Get Mod with shape torch.Size([1, 1, 64, 128]) at layer: 5
Get Mod with shape torch.Size([1, 1, 128, 256]) at layer: 6
Get Mod with shape torch.Size([1, 1, 256, 512]) at layer: 7
start temperature: 0.3 noise parameter: 2.0
end temperature: 0.3 noise parameter: 2.0
********************Start from stage I
Step 400, BEST PSNR: 25.873339, Total loss 0.004120 with its rate 0.251387357711792 latent_bits 32949.84375

🌟 Selected Top-3 Candidates by RD cost

🎯 Stage-2 Refining Candidate 1/3
start temperature: 0.3 noise parameter: 2.0
end temperature: 0.3 noise parameter: 2.0
********************Start from stage I
Step 400, BEST PSNR: 26.916454, Total loss 0.003771 with its rate 0.284961462020874 latent_bits 37350.46875

🎯 Stage-2 Refining Candidate 2/3
start temperature: 0.3 noise parameter: 2.0
end temperature: 0.3 noise parameter: 2.0
********************Start from stage I
Step 400, BEST PSNR: 26.913461, Total loss 0.003759 with its rate 0.28312504291534424 latent_bits 37109.765625

🎯 Stage-2 Refining Candidate 3/3
start temperature: 0.3 noise parameter: 2.0
end temperature: 0.3 noise parameter: 2.0
********************Start from stage I
Step 400, BEST PSNR: 26.904270, Total loss 0.003765 with its rate 0.2833555340766907 latent_bits 37139.9765625

🏆 Best Candidate Final PSNR: 26.91, Rate: 0.2831
Masked_INR(
  (upsampling_2d): Upsampling(
    (conv_transpose2d): UpsamplingConvTranspose2d()
  )
  (arm): Arm(
    (mlp): Sequential(
      (0): ArmConv(
        (conv1_1): Conv1d(16, 16, kernel_size=(1,), stride=(1,))
      )
      (1): GELU(approximate='none')
      (2): ArmConv(
        (conv1_1): Conv1d(16, 16, kernel_size=(1,), stride=(1,))
      )
      (3): GELU(approximate='none')
      (4): ArmConv(
        (conv1_1): Conv1d(16, 2, kernel_size=(1,), stride=(1,))
      )
    )
  )
  (conv_mod): LocalGlobalBlock(
    (net): Sequential(
      (0): Sequential(
        (0): SynthesisLayer(
          (pad): ReplicationPad2d((0, 0, 0, 0))
          (conv_layer): Conv2d(2, 3, kernel_size=(1, 1), stride=(1, 1))
          (non_linearity): GELU(approximate='none')
        )
      )
      (1): Sequential(
        (0): SynthesisResidualLayer(
          (pad): ReplicationPad2d((0, 0, 0, 0))
          (conv_layer): Conv2d(3, 3, kernel_size=(1, 1), stride=(1, 1))
          (non_linearity): GELU(approximate='none')
        )
      )
      (2): Sequential(
        (0): SynthesisResidualLayer(
          (pad): ReplicationPad2d((0, 0, 0, 0))
          (conv_layer): Conv2d(3, 3, kernel_size=(1, 1), stride=(1, 1))
          (non_linearity): GELU(approximate='none')
        )
      )
      (3): Sequential(
        (0): SynthesisResidualLayer(
          (pad): ReplicationPad2d((0, 0, 0, 0))
          (conv_layer): Conv2d(3, 3, kernel_size=(1, 1), stride=(1, 1))
          (non_linearity): Identity()
        )
      )
    )
    (global_net): Sequential(
      (0): SynthesisLayer(
        (pad): ReplicationPad2d((0, 0, 0, 0))
        (conv_layer): Conv2d(2, 3, kernel_size=(1, 1), stride=(1, 1))
        (non_linearity): GELU(approximate='none')
      )
      (1): SynthesisResidualLayer(
        (pad): ReplicationPad2d((0, 0, 0, 0))
        (conv_layer): Conv2d(3, 3, kernel_size=(1, 1), stride=(1, 1))
        (non_linearity): GELU(approximate='none')
      )
      (2): SynthesisResidualLayer(
        (pad): ReplicationPad2d((0, 0, 0, 0))
        (conv_layer): Conv2d(3, 3, kernel_size=(1, 1), stride=(1, 1))
        (non_linearity): GELU(approximate='none')
      )
      (3): SynthesisResidualLayer(
        (pad): ReplicationPad2d((0, 0, 0, 0))
        (conv_layer): Conv2d(3, 3, kernel_size=(1, 1), stride=(1, 1))
        (non_linearity): Identity()
      )
    )
    (agg_func): Sequential(
      (0): Sequential(
        (0): SynthesisLayer(
          (pad): ReplicationPad2d((0, 0, 0, 0))
          (conv_layer): Conv2d(18, 3, kernel_size=(1, 1), stride=(1, 1))
          (non_linearity): GELU(approximate='none')
        )
      )
      (1): Sequential(
        (0): SynthesisLayer(
          (pad): ReplicationPad2d((0, 0, 0, 0))
          (conv_layer): Conv2d(21, 3, kernel_size=(1, 1), stride=(1, 1))
          (non_linearity): GELU(approximate='none')
        )
      )
      (2): Sequential(
        (0): SynthesisLayer(
          (pad): ReplicationPad2d((0, 0, 0, 0))
          (conv_layer): Conv2d(24, 3, kernel_size=(1, 1), stride=(1, 1))
          (non_linearity): GELU(approximate='none')
        )
      )
    )
    (full_net): Sequential(
      (0): SynthesisLayer(
        (pad): ReplicationPad2d((0, 0, 0, 0))
        (conv_layer): Conv2d(7, 12, kernel_size=(1, 1), stride=(1, 1))
        (non_linearity): GELU(approximate='none')
      )
      (1): SynthesisLayer(
        (pad): ReplicationPad2d((0, 0, 0, 0))
        (conv_layer): Conv2d(12, 3, kernel_size=(1, 1), stride=(1, 1))
        (non_linearity): GELU(approximate='none')
      )
      (2): SynthesisResidualLayer(
        (pad): ReplicationPad2d((1, 1, 1, 1))
        (conv_layer): Conv2d(3, 3, kernel_size=(3, 3), stride=(1, 1))
        (non_linearity): GELU(approximate='none')
      )
      (3): SynthesisResidualLayer(
        (pad): ReplicationPad2d((1, 1, 1, 1))
        (conv_layer): Conv2d(3, 3, kernel_size=(3, 3), stride=(1, 1))
        (non_linearity): GELU(approximate='none')
      )
    )
  )
  (modulation_sf): ParameterList(
      (0): Parameter containing: [torch.float32 of size 1x1x4x8 (cuda:0)]
      (1): Parameter containing: [torch.float32 of size 1x1x8x16 (cuda:0)]
      (2): Parameter containing: [torch.float32 of size 1x1x16x32 (cuda:0)]
      (3): Parameter containing: [torch.float32 of size 1x1x32x64 (cuda:0)]
      (4): Parameter containing: [torch.float32 of size 1x1x64x128 (cuda:0)]
      (5): Parameter containing: [torch.float32 of size 1x1x128x256 (cuda:0)]
      (6): Parameter containing: [torch.float32 of size 1x1x256x512 (cuda:0)]
  )
)
train the 0 -th image
start temperature: 0.3 noise parameter: 2.0
end temperature: 0.1 noise parameter: 1.0
********************Start from stage I
********************going into stage II
eval_object_psnr: 27.398958948527675
eval_background_psnr: 100.0
eval_background_psnr: 100.0
********************Evaluation the Image 0-th, after Step 999, BEST PSNR: 27.398959, Print rate 0.184963. *************************
Saved model at ./saved/modbase_7/context_16_arm_mod_16/sparity_0.0/inr_mod_16KODAK_ROI_Global_new_struture_7_12_3_33_orderconcat_operator_0_pw_0.00604_img_object0.pth
Trained the image with PSNR: 27.398958948527675  latent bits 0.1849631369113922 latent bits number 24243.48828125
[27.398958948527675]
[0.1849631369113922]
[24243.48828125]
load the model: ./saved/modbase_7/context_16_arm_mod_16/sparity_0.0/inr_mod_16KODAK_ROI_Global_new_struture_7_12_3_33_orderconcat_operator_0_pw_0.00604_img_object0.pth for the  0 -th image
********************Evalutation with quantization
********************Starting quantizing models
eval_object_psnr: 27.22765717431876
full_image_psnr: 27.22765717431876
object_psnr: 27.22765717431876
background_psnr: 100.0
********************Evaluation the Image 0-th, BEST PSNR: 27.227657, Print rate 0.185915, Network rate 0.058685. *************************
Evaluate the image: PSNR: 27.22765717431876 All bits: 0.2446005940437317  latent bits: 0.1859152913093567  network bits: 0.058685302734375
Evaluate arm network bits: 0.03022003173828125 Evaluate synthesis network bits: 0.0261077880859375
Image All bits num: 32060.2890625 latent bits num: 24368.2890625 mlp bits num: 7692.0 border bits num:
arm bits num: 3961.0 synthesis bits num: 3422.0
[27.22765717431876]
[0.2446005940437317]
[32060.2890625]
Metrics saved to ./experiments_wspsnr/results.csv
Current eval Ave PSNR: 27.22765717431876 Ave Bits 0.2446005940437317
.......Copmlete all dataset training......
Ave Training PSNR: 27.398958948527675 Ave Training Bits 0.1849631369113922
Training PSNR: [27.398958948527675]
Training rate: [0.1849631369113922]
Evalutation: Ave Eval PSNR: 27.22765717431876 Ave Eval all bits: 0.2446005940437317 Ave Eval Bits 0.1859152913093567 Ave Eval Network 0.058685302734375
Eval All PSNR: [27.22765717431876]
Eval All rate [0.2446005940437317]
Eval Latent rate [0.1859152913093567]
Eval MLP rate [0.058685302734375]
Namespace(batch_size=1, lr=0.01, data='../data', sparsity=0.0, local_upsampling_kernel_size=8, upsampling_kernel_size=8, static_upsampling_kernel=False, latent_factor=1, mod_base=7, highest_flag=1, context_arm=16, dim_arm_mod=16, use_candidate=True, type='other', mod_hid_layer=0, sythesis_features=12, hidden_features=64, hidden_layer=2, scale=1, lambda_rate=0.00406, lambda_rate_list=[0.01, 0.00802, 0.00604, 0.00406, 0.00208, 0.0001], start_index=0, mask_type='full', wsmse_tag=1, swhdc_tag=0, workdir='./experiments_wspsnr', train_steps_1=1000, train_steps_2=1000, patch_h=256, patch_w=512, all_pix_num=131072, eval_pix_num=131072)
Directory './saved/modbase_7/context_16_arm_mod_16' already exists.
Directory './saved/modbase_7/context_16_arm_mod_16/sparity_0.0' already exists.
top %: 0.0

🔁 Stage-1 Training Candidate 1/7
Quantizer parameter: encoding gain  16
total pixel: 131072
Get Mod with shape torch.Size([1, 1, 4, 8]) at layer: 1
Get Mod with shape torch.Size([1, 1, 8, 16]) at layer: 2
Get Mod with shape torch.Size([1, 1, 16, 32]) at layer: 3
Get Mod with shape torch.Size([1, 1, 32, 64]) at layer: 4
Get Mod with shape torch.Size([1, 1, 64, 128]) at layer: 5
Get Mod with shape torch.Size([1, 1, 128, 256]) at layer: 6
Get Mod with shape torch.Size([1, 1, 256, 512]) at layer: 7
start temperature: 0.3 noise parameter: 2.0
end temperature: 0.3 noise parameter: 2.0
********************Start from stage I
Step 400, BEST PSNR: 27.467944, Total loss 0.003252 with its rate 0.3563374876976013 latent_bits 46705.8671875

🔁 Stage-1 Training Candidate 2/7
Quantizer parameter: encoding gain  16
total pixel: 131072
Get Mod with shape torch.Size([1, 1, 4, 8]) at layer: 1
Get Mod with shape torch.Size([1, 1, 8, 16]) at layer: 2
Get Mod with shape torch.Size([1, 1, 16, 32]) at layer: 3
Get Mod with shape torch.Size([1, 1, 32, 64]) at layer: 4
Get Mod with shape torch.Size([1, 1, 64, 128]) at layer: 5
Get Mod with shape torch.Size([1, 1, 128, 256]) at layer: 6
Get Mod with shape torch.Size([1, 1, 256, 512]) at layer: 7
start temperature: 0.3 noise parameter: 2.0
end temperature: 0.3 noise parameter: 2.0
********************Start from stage I
Step 400, BEST PSNR: 26.684550, Total loss 0.003633 with its rate 0.36147063970565796 latent_bits 47378.6796875

🔁 Stage-1 Training Candidate 3/7
Quantizer parameter: encoding gain  16
total pixel: 131072
Get Mod with shape torch.Size([1, 1, 4, 8]) at layer: 1
Get Mod with shape torch.Size([1, 1, 8, 16]) at layer: 2
Get Mod with shape torch.Size([1, 1, 16, 32]) at layer: 3
Get Mod with shape torch.Size([1, 1, 32, 64]) at layer: 4
Get Mod with shape torch.Size([1, 1, 64, 128]) at layer: 5
Get Mod with shape torch.Size([1, 1, 128, 256]) at layer: 6
Get Mod with shape torch.Size([1, 1, 256, 512]) at layer: 7
start temperature: 0.3 noise parameter: 2.0
end temperature: 0.3 noise parameter: 2.0
********************Start from stage I
Step 400, BEST PSNR: 26.925752, Total loss 0.003493 with its rate 0.3554264307022095 latent_bits 46586.453125

🔁 Stage-1 Training Candidate 4/7
Quantizer parameter: encoding gain  16
total pixel: 131072
Get Mod with shape torch.Size([1, 1, 4, 8]) at layer: 1
Get Mod with shape torch.Size([1, 1, 8, 16]) at layer: 2
Get Mod with shape torch.Size([1, 1, 16, 32]) at layer: 3
Get Mod with shape torch.Size([1, 1, 32, 64]) at layer: 4
Get Mod with shape torch.Size([1, 1, 64, 128]) at layer: 5
Get Mod with shape torch.Size([1, 1, 128, 256]) at layer: 6
Get Mod with shape torch.Size([1, 1, 256, 512]) at layer: 7
start temperature: 0.3 noise parameter: 2.0
end temperature: 0.3 noise parameter: 2.0
********************Start from stage I
Step 400, BEST PSNR: 27.095950, Total loss 0.003371 with its rate 0.3441798985004425 latent_bits 45112.34765625

🔁 Stage-1 Training Candidate 5/7
Quantizer parameter: encoding gain  16
total pixel: 131072
Get Mod with shape torch.Size([1, 1, 4, 8]) at layer: 1
Get Mod with shape torch.Size([1, 1, 8, 16]) at layer: 2
Get Mod with shape torch.Size([1, 1, 16, 32]) at layer: 3
Get Mod with shape torch.Size([1, 1, 32, 64]) at layer: 4
Get Mod with shape torch.Size([1, 1, 64, 128]) at layer: 5
Get Mod with shape torch.Size([1, 1, 128, 256]) at layer: 6
Get Mod with shape torch.Size([1, 1, 256, 512]) at layer: 7
start temperature: 0.3 noise parameter: 2.0
end temperature: 0.3 noise parameter: 2.0
********************Start from stage I
Step 400, BEST PSNR: 27.479669, Total loss 0.003306 with its rate 0.3699950575828552 latent_bits 48495.9921875

🔁 Stage-1 Training Candidate 6/7
Quantizer parameter: encoding gain  16
total pixel: 131072
Get Mod with shape torch.Size([1, 1, 4, 8]) at layer: 1
Get Mod with shape torch.Size([1, 1, 8, 16]) at layer: 2
Get Mod with shape torch.Size([1, 1, 16, 32]) at layer: 3
Get Mod with shape torch.Size([1, 1, 32, 64]) at layer: 4
Get Mod with shape torch.Size([1, 1, 64, 128]) at layer: 5
Get Mod with shape torch.Size([1, 1, 128, 256]) at layer: 6
Get Mod with shape torch.Size([1, 1, 256, 512]) at layer: 7
start temperature: 0.3 noise parameter: 2.0
end temperature: 0.3 noise parameter: 2.0
********************Start from stage I
Step 400, BEST PSNR: 26.925730, Total loss 0.003496 with its rate 0.35315024852752686 latent_bits 46288.109375

🔁 Stage-1 Training Candidate 7/7
Quantizer parameter: encoding gain  16
total pixel: 131072
Get Mod with shape torch.Size([1, 1, 4, 8]) at layer: 1
Get Mod with shape torch.Size([1, 1, 8, 16]) at layer: 2
Get Mod with shape torch.Size([1, 1, 16, 32]) at layer: 3
Get Mod with shape torch.Size([1, 1, 32, 64]) at layer: 4
Get Mod with shape torch.Size([1, 1, 64, 128]) at layer: 5
Get Mod with shape torch.Size([1, 1, 128, 256]) at layer: 6
Get Mod with shape torch.Size([1, 1, 256, 512]) at layer: 7
start temperature: 0.3 noise parameter: 2.0
end temperature: 0.3 noise parameter: 2.0
********************Start from stage I
Step 400, BEST PSNR: 26.868402, Total loss 0.003541 with its rate 0.3577274978160858 latent_bits 46888.05859375

🌟 Selected Top-3 Candidates by RD cost

🎯 Stage-2 Refining Candidate 1/3
start temperature: 0.3 noise parameter: 2.0
end temperature: 0.3 noise parameter: 2.0
********************Start from stage I
Step 400, BEST PSNR: 28.412373, Total loss 0.003047 with its rate 0.3926340937614441 latent_bits 51463.3359375

🎯 Stage-2 Refining Candidate 2/3
start temperature: 0.3 noise parameter: 2.0
end temperature: 0.3 noise parameter: 2.0
********************Start from stage I
Step 400, BEST PSNR: 28.237642, Total loss 0.003144 with its rate 0.4011337161064148 latent_bits 52577.3984375

🎯 Stage-2 Refining Candidate 3/3
start temperature: 0.3 noise parameter: 2.0
end temperature: 0.3 noise parameter: 2.0
********************Start from stage I
Step 400, BEST PSNR: 28.203326, Total loss 0.003082 with its rate 0.38203150033950806 latent_bits 50073.6328125

🏆 Best Candidate Final PSNR: 28.41, Rate: 0.3926
Masked_INR(
  (upsampling_2d): Upsampling(
    (conv_transpose2d): UpsamplingConvTranspose2d()
  )
  (arm): Arm(
    (mlp): Sequential(
      (0): ArmConv(
        (conv1_1): Conv1d(16, 16, kernel_size=(1,), stride=(1,))
      )
      (1): GELU(approximate='none')
      (2): ArmConv(
        (conv1_1): Conv1d(16, 16, kernel_size=(1,), stride=(1,))
      )
      (3): GELU(approximate='none')
      (4): ArmConv(
        (conv1_1): Conv1d(16, 2, kernel_size=(1,), stride=(1,))
      )
    )
  )
  (conv_mod): LocalGlobalBlock(
    (net): Sequential(
      (0): Sequential(
        (0): SynthesisLayer(
          (pad): ReplicationPad2d((0, 0, 0, 0))
          (conv_layer): Conv2d(2, 3, kernel_size=(1, 1), stride=(1, 1))
          (non_linearity): GELU(approximate='none')
        )
      )
      (1): Sequential(
        (0): SynthesisResidualLayer(
          (pad): ReplicationPad2d((0, 0, 0, 0))
          (conv_layer): Conv2d(3, 3, kernel_size=(1, 1), stride=(1, 1))
          (non_linearity): GELU(approximate='none')
        )
      )
      (2): Sequential(
        (0): SynthesisResidualLayer(
          (pad): ReplicationPad2d((0, 0, 0, 0))
          (conv_layer): Conv2d(3, 3, kernel_size=(1, 1), stride=(1, 1))
          (non_linearity): GELU(approximate='none')
        )
      )
      (3): Sequential(
        (0): SynthesisResidualLayer(
          (pad): ReplicationPad2d((0, 0, 0, 0))
          (conv_layer): Conv2d(3, 3, kernel_size=(1, 1), stride=(1, 1))
          (non_linearity): Identity()
        )
      )
    )
    (global_net): Sequential(
      (0): SynthesisLayer(
        (pad): ReplicationPad2d((0, 0, 0, 0))
        (conv_layer): Conv2d(2, 3, kernel_size=(1, 1), stride=(1, 1))
        (non_linearity): GELU(approximate='none')
      )
      (1): SynthesisResidualLayer(
        (pad): ReplicationPad2d((0, 0, 0, 0))
        (conv_layer): Conv2d(3, 3, kernel_size=(1, 1), stride=(1, 1))
        (non_linearity): GELU(approximate='none')
      )
      (2): SynthesisResidualLayer(
        (pad): ReplicationPad2d((0, 0, 0, 0))
        (conv_layer): Conv2d(3, 3, kernel_size=(1, 1), stride=(1, 1))
        (non_linearity): GELU(approximate='none')
      )
      (3): SynthesisResidualLayer(
        (pad): ReplicationPad2d((0, 0, 0, 0))
        (conv_layer): Conv2d(3, 3, kernel_size=(1, 1), stride=(1, 1))
        (non_linearity): Identity()
      )
    )
    (agg_func): Sequential(
      (0): Sequential(
        (0): SynthesisLayer(
          (pad): ReplicationPad2d((0, 0, 0, 0))
          (conv_layer): Conv2d(18, 3, kernel_size=(1, 1), stride=(1, 1))
          (non_linearity): GELU(approximate='none')
        )
      )
      (1): Sequential(
        (0): SynthesisLayer(
          (pad): ReplicationPad2d((0, 0, 0, 0))
          (conv_layer): Conv2d(21, 3, kernel_size=(1, 1), stride=(1, 1))
          (non_linearity): GELU(approximate='none')
        )
      )
      (2): Sequential(
        (0): SynthesisLayer(
          (pad): ReplicationPad2d((0, 0, 0, 0))
          (conv_layer): Conv2d(24, 3, kernel_size=(1, 1), stride=(1, 1))
          (non_linearity): GELU(approximate='none')
        )
      )
    )
    (full_net): Sequential(
      (0): SynthesisLayer(
        (pad): ReplicationPad2d((0, 0, 0, 0))
        (conv_layer): Conv2d(7, 12, kernel_size=(1, 1), stride=(1, 1))
        (non_linearity): GELU(approximate='none')
      )
      (1): SynthesisLayer(
        (pad): ReplicationPad2d((0, 0, 0, 0))
        (conv_layer): Conv2d(12, 3, kernel_size=(1, 1), stride=(1, 1))
        (non_linearity): GELU(approximate='none')
      )
      (2): SynthesisResidualLayer(
        (pad): ReplicationPad2d((1, 1, 1, 1))
        (conv_layer): Conv2d(3, 3, kernel_size=(3, 3), stride=(1, 1))
        (non_linearity): GELU(approximate='none')
      )
      (3): SynthesisResidualLayer(
        (pad): ReplicationPad2d((1, 1, 1, 1))
        (conv_layer): Conv2d(3, 3, kernel_size=(3, 3), stride=(1, 1))
        (non_linearity): GELU(approximate='none')
      )
    )
  )
  (modulation_sf): ParameterList(
      (0): Parameter containing: [torch.float32 of size 1x1x4x8 (cuda:0)]
      (1): Parameter containing: [torch.float32 of size 1x1x8x16 (cuda:0)]
      (2): Parameter containing: [torch.float32 of size 1x1x16x32 (cuda:0)]
      (3): Parameter containing: [torch.float32 of size 1x1x32x64 (cuda:0)]
      (4): Parameter containing: [torch.float32 of size 1x1x64x128 (cuda:0)]
      (5): Parameter containing: [torch.float32 of size 1x1x128x256 (cuda:0)]
      (6): Parameter containing: [torch.float32 of size 1x1x256x512 (cuda:0)]
  )
)
train the 0 -th image
start temperature: 0.3 noise parameter: 2.0
end temperature: 0.1 noise parameter: 1.0
********************Start from stage I
********************going into stage II
eval_object_psnr: 28.916022803471847
eval_background_psnr: 100.0
eval_background_psnr: 100.0
********************Evaluation the Image 0-th, after Step 999, BEST PSNR: 28.916023, Print rate 0.287185. *************************
Saved model at ./saved/modbase_7/context_16_arm_mod_16/sparity_0.0/inr_mod_16KODAK_ROI_Global_new_struture_7_12_3_33_orderconcat_operator_0_pw_0.00406_img_object0.pth
Trained the image with PSNR: 28.916022803471847  latent bits 0.2871848940849304 latent bits number 37641.8984375
[28.916022803471847]
[0.2871848940849304]
[37641.8984375]
load the model: ./saved/modbase_7/context_16_arm_mod_16/sparity_0.0/inr_mod_16KODAK_ROI_Global_new_struture_7_12_3_33_orderconcat_operator_0_pw_0.00406_img_object0.pth for the  0 -th image
********************Evalutation with quantization
********************Starting quantizing models
eval_object_psnr: 28.857086086049065
full_image_psnr: 28.857086086049065
object_psnr: 28.857086086049065
background_psnr: 100.0
********************Evaluation the Image 0-th, BEST PSNR: 28.857086, Print rate 0.289838, Network rate 0.060379. *************************
Evaluate the image: PSNR: 28.857086086049065 All bits: 0.35021671652793884  latent bits: 0.28983768820762634  network bits: 0.0603790283203125
Evaluate arm network bits: 0.02686309814453125 Evaluate synthesis network bits: 0.03021240234375
Image All bits num: 45903.60546875 latent bits num: 37989.60546875 mlp bits num: 7914.0 border bits num:
arm bits num: 3521.0 synthesis bits num: 3960.0
[28.857086086049065]
[0.35021671652793884]
[45903.60546875]
Metrics saved to ./experiments_wspsnr/results.csv
Current eval Ave PSNR: 28.857086086049065 Ave Bits 0.35021671652793884
.......Copmlete all dataset training......
Ave Training PSNR: 28.916022803471847 Ave Training Bits 0.2871848940849304
Training PSNR: [28.916022803471847]
Training rate: [0.2871848940849304]
Evalutation: Ave Eval PSNR: 28.857086086049065 Ave Eval all bits: 0.35021671652793884 Ave Eval Bits 0.28983768820762634 Ave Eval Network 0.0603790283203125
Eval All PSNR: [28.857086086049065]
Eval All rate [0.35021671652793884]
Eval Latent rate [0.28983768820762634]
Eval MLP rate [0.0603790283203125]
Namespace(batch_size=1, lr=0.01, data='../data', sparsity=0.0, local_upsampling_kernel_size=8, upsampling_kernel_size=8, static_upsampling_kernel=False, latent_factor=1, mod_base=7, highest_flag=1, context_arm=16, dim_arm_mod=16, use_candidate=True, type='other', mod_hid_layer=0, sythesis_features=12, hidden_features=64, hidden_layer=2, scale=1, lambda_rate=0.00208, lambda_rate_list=[0.01, 0.00802, 0.00604, 0.00406, 0.00208, 0.0001], start_index=0, mask_type='full', wsmse_tag=1, swhdc_tag=0, workdir='./experiments_wspsnr', train_steps_1=1000, train_steps_2=1000, patch_h=256, patch_w=512, all_pix_num=131072, eval_pix_num=131072)
Directory './saved/modbase_7/context_16_arm_mod_16' already exists.
Directory './saved/modbase_7/context_16_arm_mod_16/sparity_0.0' already exists.
top %: 0.0

🔁 Stage-1 Training Candidate 1/7
Quantizer parameter: encoding gain  16
total pixel: 131072
Get Mod with shape torch.Size([1, 1, 4, 8]) at layer: 1
Get Mod with shape torch.Size([1, 1, 8, 16]) at layer: 2
Get Mod with shape torch.Size([1, 1, 16, 32]) at layer: 3
Get Mod with shape torch.Size([1, 1, 32, 64]) at layer: 4
Get Mod with shape torch.Size([1, 1, 64, 128]) at layer: 5
Get Mod with shape torch.Size([1, 1, 128, 256]) at layer: 6
Get Mod with shape torch.Size([1, 1, 256, 512]) at layer: 7
start temperature: 0.3 noise parameter: 2.0
end temperature: 0.3 noise parameter: 2.0
********************Start from stage I
Step 400, BEST PSNR: 28.967669, Total loss 0.002416 with its rate 0.5457475185394287 latent_bits 71532.21875

🔁 Stage-1 Training Candidate 2/7
Quantizer parameter: encoding gain  16
total pixel: 131072
Get Mod with shape torch.Size([1, 1, 4, 8]) at layer: 1
Get Mod with shape torch.Size([1, 1, 8, 16]) at layer: 2
Get Mod with shape torch.Size([1, 1, 16, 32]) at layer: 3
Get Mod with shape torch.Size([1, 1, 32, 64]) at layer: 4
Get Mod with shape torch.Size([1, 1, 64, 128]) at layer: 5
Get Mod with shape torch.Size([1, 1, 128, 256]) at layer: 6
Get Mod with shape torch.Size([1, 1, 256, 512]) at layer: 7
start temperature: 0.3 noise parameter: 2.0
end temperature: 0.3 noise parameter: 2.0
********************Start from stage I
Step 400, BEST PSNR: 28.242215, Total loss 0.002674 with its rate 0.5521040558815002 latent_bits 72365.3828125

🔁 Stage-1 Training Candidate 3/7
Quantizer parameter: encoding gain  16
total pixel: 131072
Get Mod with shape torch.Size([1, 1, 4, 8]) at layer: 1
Get Mod with shape torch.Size([1, 1, 8, 16]) at layer: 2
Get Mod with shape torch.Size([1, 1, 16, 32]) at layer: 3
Get Mod with shape torch.Size([1, 1, 32, 64]) at layer: 4
Get Mod with shape torch.Size([1, 1, 64, 128]) at layer: 5
Get Mod with shape torch.Size([1, 1, 128, 256]) at layer: 6
Get Mod with shape torch.Size([1, 1, 256, 512]) at layer: 7
start temperature: 0.3 noise parameter: 2.0
end temperature: 0.3 noise parameter: 2.0
********************Start from stage I
Step 400, BEST PSNR: 28.156765, Total loss 0.002698 with its rate 0.5547153353691101 latent_bits 72707.6484375

🔁 Stage-1 Training Candidate 4/7
Quantizer parameter: encoding gain  16
total pixel: 131072
Get Mod with shape torch.Size([1, 1, 4, 8]) at layer: 1
Get Mod with shape torch.Size([1, 1, 8, 16]) at layer: 2
Get Mod with shape torch.Size([1, 1, 16, 32]) at layer: 3
Get Mod with shape torch.Size([1, 1, 32, 64]) at layer: 4
Get Mod with shape torch.Size([1, 1, 64, 128]) at layer: 5
Get Mod with shape torch.Size([1, 1, 128, 256]) at layer: 6
Get Mod with shape torch.Size([1, 1, 256, 512]) at layer: 7
start temperature: 0.3 noise parameter: 2.0
end temperature: 0.3 noise parameter: 2.0
********************Start from stage I
Step 400, BEST PSNR: 29.358990, Total loss 0.002311 with its rate 0.5478796362876892 latent_bits 71811.6796875

🔁 Stage-1 Training Candidate 5/7
Quantizer parameter: encoding gain  16
total pixel: 131072
Get Mod with shape torch.Size([1, 1, 4, 8]) at layer: 1
Get Mod with shape torch.Size([1, 1, 8, 16]) at layer: 2
Get Mod with shape torch.Size([1, 1, 16, 32]) at layer: 3
Get Mod with shape torch.Size([1, 1, 32, 64]) at layer: 4
Get Mod with shape torch.Size([1, 1, 64, 128]) at layer: 5
Get Mod with shape torch.Size([1, 1, 128, 256]) at layer: 6
Get Mod with shape torch.Size([1, 1, 256, 512]) at layer: 7
start temperature: 0.3 noise parameter: 2.0
end temperature: 0.3 noise parameter: 2.0
********************Start from stage I
Step 400, BEST PSNR: 28.936568, Total loss 0.002441 with its rate 0.5522047877311707 latent_bits 72378.5859375

🔁 Stage-1 Training Candidate 6/7
Quantizer parameter: encoding gain  16
total pixel: 131072
Get Mod with shape torch.Size([1, 1, 4, 8]) at layer: 1
Get Mod with shape torch.Size([1, 1, 8, 16]) at layer: 2
Get Mod with shape torch.Size([1, 1, 16, 32]) at layer: 3
Get Mod with shape torch.Size([1, 1, 32, 64]) at layer: 4
Get Mod with shape torch.Size([1, 1, 64, 128]) at layer: 5
Get Mod with shape torch.Size([1, 1, 128, 256]) at layer: 6
Get Mod with shape torch.Size([1, 1, 256, 512]) at layer: 7
start temperature: 0.3 noise parameter: 2.0
end temperature: 0.3 noise parameter: 2.0
********************Start from stage I
Step 400, BEST PSNR: 29.424696, Total loss 0.002290 with its rate 0.5431880354881287 latent_bits 71196.7421875

🔁 Stage-1 Training Candidate 7/7
Quantizer parameter: encoding gain  16
total pixel: 131072
Get Mod with shape torch.Size([1, 1, 4, 8]) at layer: 1
Get Mod with shape torch.Size([1, 1, 8, 16]) at layer: 2
Get Mod with shape torch.Size([1, 1, 16, 32]) at layer: 3
Get Mod with shape torch.Size([1, 1, 32, 64]) at layer: 4
Get Mod with shape torch.Size([1, 1, 64, 128]) at layer: 5
Get Mod with shape torch.Size([1, 1, 128, 256]) at layer: 6
Get Mod with shape torch.Size([1, 1, 256, 512]) at layer: 7
start temperature: 0.3 noise parameter: 2.0
end temperature: 0.3 noise parameter: 2.0
********************Start from stage I
Step 400, BEST PSNR: 28.929159, Total loss 0.002438 with its rate 0.5438491702079773 latent_bits 71283.3984375

🌟 Selected Top-3 Candidates by RD cost

🎯 Stage-2 Refining Candidate 1/3
start temperature: 0.3 noise parameter: 2.0
end temperature: 0.3 noise parameter: 2.0
********************Start from stage I
Step 400, BEST PSNR: 29.982955, Total loss 0.002289 with its rate 0.6093989014625549 latent_bits 79875.1328125

🎯 Stage-2 Refining Candidate 2/3
start temperature: 0.3 noise parameter: 2.0
end temperature: 0.3 noise parameter: 2.0
********************Start from stage I
Step 400, BEST PSNR: 29.768909, Total loss 0.002247 with its rate 0.5676252245903015 latent_bits 74399.7734375

🎯 Stage-2 Refining Candidate 3/3
start temperature: 0.3 noise parameter: 2.0
end temperature: 0.3 noise parameter: 2.0
********************Start from stage I
Step 400, BEST PSNR: 30.120061, Total loss 0.002157 with its rate 0.5640721917152405 latent_bits 73934.0703125

🏆 Best Candidate Final PSNR: 30.12, Rate: 0.5641
Masked_INR(
  (upsampling_2d): Upsampling(
    (conv_transpose2d): UpsamplingConvTranspose2d()
  )
  (arm): Arm(
    (mlp): Sequential(
      (0): ArmConv(
        (conv1_1): Conv1d(16, 16, kernel_size=(1,), stride=(1,))
      )
      (1): GELU(approximate='none')
      (2): ArmConv(
        (conv1_1): Conv1d(16, 16, kernel_size=(1,), stride=(1,))
      )
      (3): GELU(approximate='none')
      (4): ArmConv(
        (conv1_1): Conv1d(16, 2, kernel_size=(1,), stride=(1,))
      )
    )
  )
  (conv_mod): LocalGlobalBlock(
    (net): Sequential(
      (0): Sequential(
        (0): SynthesisLayer(
          (pad): ReplicationPad2d((0, 0, 0, 0))
          (conv_layer): Conv2d(2, 3, kernel_size=(1, 1), stride=(1, 1))
          (non_linearity): GELU(approximate='none')
        )
      )
      (1): Sequential(
        (0): SynthesisResidualLayer(
          (pad): ReplicationPad2d((0, 0, 0, 0))
          (conv_layer): Conv2d(3, 3, kernel_size=(1, 1), stride=(1, 1))
          (non_linearity): GELU(approximate='none')
        )
      )
      (2): Sequential(
        (0): SynthesisResidualLayer(
          (pad): ReplicationPad2d((0, 0, 0, 0))
          (conv_layer): Conv2d(3, 3, kernel_size=(1, 1), stride=(1, 1))
          (non_linearity): GELU(approximate='none')
        )
      )
      (3): Sequential(
        (0): SynthesisResidualLayer(
          (pad): ReplicationPad2d((0, 0, 0, 0))
          (conv_layer): Conv2d(3, 3, kernel_size=(1, 1), stride=(1, 1))
          (non_linearity): Identity()
        )
      )
    )
    (global_net): Sequential(
      (0): SynthesisLayer(
        (pad): ReplicationPad2d((0, 0, 0, 0))
        (conv_layer): Conv2d(2, 3, kernel_size=(1, 1), stride=(1, 1))
        (non_linearity): GELU(approximate='none')
      )
      (1): SynthesisResidualLayer(
        (pad): ReplicationPad2d((0, 0, 0, 0))
        (conv_layer): Conv2d(3, 3, kernel_size=(1, 1), stride=(1, 1))
        (non_linearity): GELU(approximate='none')
      )
      (2): SynthesisResidualLayer(
        (pad): ReplicationPad2d((0, 0, 0, 0))
        (conv_layer): Conv2d(3, 3, kernel_size=(1, 1), stride=(1, 1))
        (non_linearity): GELU(approximate='none')
      )
      (3): SynthesisResidualLayer(
        (pad): ReplicationPad2d((0, 0, 0, 0))
        (conv_layer): Conv2d(3, 3, kernel_size=(1, 1), stride=(1, 1))
        (non_linearity): Identity()
      )
    )
    (agg_func): Sequential(
      (0): Sequential(
        (0): SynthesisLayer(
          (pad): ReplicationPad2d((0, 0, 0, 0))
          (conv_layer): Conv2d(18, 3, kernel_size=(1, 1), stride=(1, 1))
          (non_linearity): GELU(approximate='none')
        )
      )
      (1): Sequential(
        (0): SynthesisLayer(
          (pad): ReplicationPad2d((0, 0, 0, 0))
          (conv_layer): Conv2d(21, 3, kernel_size=(1, 1), stride=(1, 1))
          (non_linearity): GELU(approximate='none')
        )
      )
      (2): Sequential(
        (0): SynthesisLayer(
          (pad): ReplicationPad2d((0, 0, 0, 0))
          (conv_layer): Conv2d(24, 3, kernel_size=(1, 1), stride=(1, 1))
          (non_linearity): GELU(approximate='none')
        )
      )
    )
    (full_net): Sequential(
      (0): SynthesisLayer(
        (pad): ReplicationPad2d((0, 0, 0, 0))
        (conv_layer): Conv2d(7, 12, kernel_size=(1, 1), stride=(1, 1))
        (non_linearity): GELU(approximate='none')
      )
      (1): SynthesisLayer(
        (pad): ReplicationPad2d((0, 0, 0, 0))
        (conv_layer): Conv2d(12, 3, kernel_size=(1, 1), stride=(1, 1))
        (non_linearity): GELU(approximate='none')
      )
      (2): SynthesisResidualLayer(
        (pad): ReplicationPad2d((1, 1, 1, 1))
        (conv_layer): Conv2d(3, 3, kernel_size=(3, 3), stride=(1, 1))
        (non_linearity): GELU(approximate='none')
      )
      (3): SynthesisResidualLayer(
        (pad): ReplicationPad2d((1, 1, 1, 1))
        (conv_layer): Conv2d(3, 3, kernel_size=(3, 3), stride=(1, 1))
        (non_linearity): GELU(approximate='none')
      )
    )
  )
  (modulation_sf): ParameterList(
      (0): Parameter containing: [torch.float32 of size 1x1x4x8 (cuda:0)]
      (1): Parameter containing: [torch.float32 of size 1x1x8x16 (cuda:0)]
      (2): Parameter containing: [torch.float32 of size 1x1x16x32 (cuda:0)]
      (3): Parameter containing: [torch.float32 of size 1x1x32x64 (cuda:0)]
      (4): Parameter containing: [torch.float32 of size 1x1x64x128 (cuda:0)]
      (5): Parameter containing: [torch.float32 of size 1x1x128x256 (cuda:0)]
      (6): Parameter containing: [torch.float32 of size 1x1x256x512 (cuda:0)]
  )
)
train the 0 -th image
start temperature: 0.3 noise parameter: 2.0
end temperature: 0.1 noise parameter: 1.0
********************Start from stage I
********************going into stage II
eval_object_psnr: 31.005829304064687
eval_background_psnr: 100.0
eval_background_psnr: 100.0
********************Evaluation the Image 0-th, after Step 999, BEST PSNR: 31.005829, Print rate 0.452490. *************************
Saved model at ./saved/modbase_7/context_16_arm_mod_16/sparity_0.0/inr_mod_16KODAK_ROI_Global_new_struture_7_12_3_33_orderconcat_operator_0_pw_0.00208_img_object0.pth
Trained the image with PSNR: 31.005829304064687  latent bits 0.45248955488204956 latent bits number 59308.7109375
[31.005829304064687]
[0.45248955488204956]
[59308.7109375]
load the model: ./saved/modbase_7/context_16_arm_mod_16/sparity_0.0/inr_mod_16KODAK_ROI_Global_new_struture_7_12_3_33_orderconcat_operator_0_pw_0.00208_img_object0.pth for the  0 -th image
********************Evalutation with quantization
********************Starting quantizing models
eval_object_psnr: 30.897974898725874
full_image_psnr: 30.897974898725874
object_psnr: 30.897974898725874
background_psnr: 100.0
********************Evaluation the Image 0-th, BEST PSNR: 30.897975, Print rate 0.457450, Network rate 0.059784. *************************
Evaluate the image: PSNR: 30.897974898725874 All bits: 0.5172337293624878  latent bits: 0.4574497938156128  network bits: 0.059783935546875
Evaluate arm network bits: 0.0259857177734375 Evaluate synthesis network bits: 0.031402587890625
Image All bits num: 67794.859375 latent bits num: 59958.859375 mlp bits num: 7836.0 border bits num:
arm bits num: 3406.0 synthesis bits num: 4116.0
[30.897974898725874]
[0.5172337293624878]
[67794.859375]
Metrics saved to ./experiments_wspsnr/results.csv
Current eval Ave PSNR: 30.897974898725874 Ave Bits 0.5172337293624878
.......Copmlete all dataset training......
Ave Training PSNR: 31.005829304064687 Ave Training Bits 0.45248955488204956
Training PSNR: [31.005829304064687]
Training rate: [0.45248955488204956]
Evalutation: Ave Eval PSNR: 30.897974898725874 Ave Eval all bits: 0.5172337293624878 Ave Eval Bits 0.4574497938156128 Ave Eval Network 0.059783935546875
Eval All PSNR: [30.897974898725874]
Eval All rate [0.5172337293624878]
Eval Latent rate [0.4574497938156128]
Eval MLP rate [0.059783935546875]
Namespace(batch_size=1, lr=0.01, data='../data', sparsity=0.0, local_upsampling_kernel_size=8, upsampling_kernel_size=8, static_upsampling_kernel=False, latent_factor=1, mod_base=7, highest_flag=1, context_arm=16, dim_arm_mod=16, use_candidate=True, type='other', mod_hid_layer=0, sythesis_features=12, hidden_features=64, hidden_layer=2, scale=1, lambda_rate=0.0001, lambda_rate_list=[0.01, 0.00802, 0.00604, 0.00406, 0.00208, 0.0001], start_index=0, mask_type='full', wsmse_tag=1, swhdc_tag=0, workdir='./experiments_wspsnr', train_steps_1=1000, train_steps_2=1000, patch_h=256, patch_w=512, all_pix_num=131072, eval_pix_num=131072)
Directory './saved/modbase_7/context_16_arm_mod_16' already exists.
Directory './saved/modbase_7/context_16_arm_mod_16/sparity_0.0' already exists.
top %: 0.0

🔁 Stage-1 Training Candidate 1/7
Quantizer parameter: encoding gain  16
total pixel: 131072
Get Mod with shape torch.Size([1, 1, 4, 8]) at layer: 1
Get Mod with shape torch.Size([1, 1, 8, 16]) at layer: 2
Get Mod with shape torch.Size([1, 1, 16, 32]) at layer: 3
Get Mod with shape torch.Size([1, 1, 32, 64]) at layer: 4
Get Mod with shape torch.Size([1, 1, 64, 128]) at layer: 5
Get Mod with shape torch.Size([1, 1, 128, 256]) at layer: 6
Get Mod with shape torch.Size([1, 1, 256, 512]) at layer: 7
start temperature: 0.3 noise parameter: 2.0
end temperature: 0.3 noise parameter: 2.0
********************Start from stage I
Step 400, BEST PSNR: 32.424230, Total loss 0.000740 with its rate 1.6600538492202759 latent_bits 217586.578125

🔁 Stage-1 Training Candidate 2/7
Quantizer parameter: encoding gain  16
total pixel: 131072
Get Mod with shape torch.Size([1, 1, 4, 8]) at layer: 1
Get Mod with shape torch.Size([1, 1, 8, 16]) at layer: 2
Get Mod with shape torch.Size([1, 1, 16, 32]) at layer: 3
Get Mod with shape torch.Size([1, 1, 32, 64]) at layer: 4
Get Mod with shape torch.Size([1, 1, 64, 128]) at layer: 5
Get Mod with shape torch.Size([1, 1, 128, 256]) at layer: 6
Get Mod with shape torch.Size([1, 1, 256, 512]) at layer: 7
start temperature: 0.3 noise parameter: 2.0
end temperature: 0.3 noise parameter: 2.0
********************Start from stage I
Step 400, BEST PSNR: 31.801918, Total loss 0.000834 with its rate 1.702480435371399 latent_bits 223147.515625

🔁 Stage-1 Training Candidate 3/7
Quantizer parameter: encoding gain  16
total pixel: 131072
Get Mod with shape torch.Size([1, 1, 4, 8]) at layer: 1
Get Mod with shape torch.Size([1, 1, 8, 16]) at layer: 2
Get Mod with shape torch.Size([1, 1, 16, 32]) at layer: 3
Get Mod with shape torch.Size([1, 1, 32, 64]) at layer: 4
Get Mod with shape torch.Size([1, 1, 64, 128]) at layer: 5
Get Mod with shape torch.Size([1, 1, 128, 256]) at layer: 6
Get Mod with shape torch.Size([1, 1, 256, 512]) at layer: 7
start temperature: 0.3 noise parameter: 2.0
end temperature: 0.3 noise parameter: 2.0
********************Start from stage I
Step 400, BEST PSNR: 30.429956, Total loss 0.001084 with its rate 1.575907588005066 latent_bits 206557.359375

🔁 Stage-1 Training Candidate 4/7
Quantizer parameter: encoding gain  16
total pixel: 131072
Get Mod with shape torch.Size([1, 1, 4, 8]) at layer: 1
Get Mod with shape torch.Size([1, 1, 8, 16]) at layer: 2
Get Mod with shape torch.Size([1, 1, 16, 32]) at layer: 3
Get Mod with shape torch.Size([1, 1, 32, 64]) at layer: 4
Get Mod with shape torch.Size([1, 1, 64, 128]) at layer: 5
Get Mod with shape torch.Size([1, 1, 128, 256]) at layer: 6
Get Mod with shape torch.Size([1, 1, 256, 512]) at layer: 7
start temperature: 0.3 noise parameter: 2.0
end temperature: 0.3 noise parameter: 2.0
********************Start from stage I
Step 400, BEST PSNR: 33.937255, Total loss 0.000581 with its rate 1.7616981267929077 latent_bits 230909.296875

🔁 Stage-1 Training Candidate 5/7
Quantizer parameter: encoding gain  16
total pixel: 131072
Get Mod with shape torch.Size([1, 1, 4, 8]) at layer: 1
Get Mod with shape torch.Size([1, 1, 8, 16]) at layer: 2
Get Mod with shape torch.Size([1, 1, 16, 32]) at layer: 3
Get Mod with shape torch.Size([1, 1, 32, 64]) at layer: 4
Get Mod with shape torch.Size([1, 1, 64, 128]) at layer: 5
Get Mod with shape torch.Size([1, 1, 128, 256]) at layer: 6
Get Mod with shape torch.Size([1, 1, 256, 512]) at layer: 7
start temperature: 0.3 noise parameter: 2.0
end temperature: 0.3 noise parameter: 2.0
********************Start from stage I
Step 400, BEST PSNR: 30.455620, Total loss 0.001096 with its rate 1.7137362957000732 latent_bits 224622.84375

🔁 Stage-1 Training Candidate 6/7
Quantizer parameter: encoding gain  16
total pixel: 131072
Get Mod with shape torch.Size([1, 1, 4, 8]) at layer: 1
Get Mod with shape torch.Size([1, 1, 8, 16]) at layer: 2
Get Mod with shape torch.Size([1, 1, 16, 32]) at layer: 3
Get Mod with shape torch.Size([1, 1, 32, 64]) at layer: 4
Get Mod with shape torch.Size([1, 1, 64, 128]) at layer: 5
Get Mod with shape torch.Size([1, 1, 128, 256]) at layer: 6
Get Mod with shape torch.Size([1, 1, 256, 512]) at layer: 7
start temperature: 0.3 noise parameter: 2.0
end temperature: 0.3 noise parameter: 2.0
********************Start from stage I
Step 400, BEST PSNR: 31.409396, Total loss 0.000896 with its rate 1.686549425125122 latent_bits 221059.40625

🔁 Stage-1 Training Candidate 7/7
Quantizer parameter: encoding gain  16
total pixel: 131072
Get Mod with shape torch.Size([1, 1, 4, 8]) at layer: 1
Get Mod with shape torch.Size([1, 1, 8, 16]) at layer: 2
Get Mod with shape torch.Size([1, 1, 16, 32]) at layer: 3
Get Mod with shape torch.Size([1, 1, 32, 64]) at layer: 4
Get Mod with shape torch.Size([1, 1, 64, 128]) at layer: 5
Get Mod with shape torch.Size([1, 1, 128, 256]) at layer: 6
Get Mod with shape torch.Size([1, 1, 256, 512]) at layer: 7
start temperature: 0.3 noise parameter: 2.0
end temperature: 0.3 noise parameter: 2.0
********************Start from stage I
Step 400, BEST PSNR: 33.132291, Total loss 0.000653 with its rate 1.6332941055297852 latent_bits 214079.125

🌟 Selected Top-3 Candidates by RD cost

🎯 Stage-2 Refining Candidate 1/3
start temperature: 0.3 noise parameter: 2.0
end temperature: 0.3 noise parameter: 2.0
********************Start from stage I
Step 400, BEST PSNR: 35.977602, Total loss 0.000428 with its rate 1.7541484832763672 latent_bits 229919.75

🎯 Stage-2 Refining Candidate 2/3
start temperature: 0.3 noise parameter: 2.0
end temperature: 0.3 noise parameter: 2.0
********************Start from stage I
Step 400, BEST PSNR: 35.256154, Total loss 0.000473 with its rate 1.7418458461761475 latent_bits 228307.21875

🎯 Stage-2 Refining Candidate 3/3
start temperature: 0.3 noise parameter: 2.0
end temperature: 0.3 noise parameter: 2.0
********************Start from stage I
Step 400, BEST PSNR: 35.054578, Total loss 0.000490 with its rate 1.7284138202667236 latent_bits 226546.65625

🏆 Best Candidate Final PSNR: 35.98, Rate: 1.7541
Masked_INR(
  (upsampling_2d): Upsampling(
    (conv_transpose2d): UpsamplingConvTranspose2d()
  )
  (arm): Arm(
    (mlp): Sequential(
      (0): ArmConv(
        (conv1_1): Conv1d(16, 16, kernel_size=(1,), stride=(1,))
      )
      (1): GELU(approximate='none')
      (2): ArmConv(
        (conv1_1): Conv1d(16, 16, kernel_size=(1,), stride=(1,))
      )
      (3): GELU(approximate='none')
      (4): ArmConv(
        (conv1_1): Conv1d(16, 2, kernel_size=(1,), stride=(1,))
      )
    )
  )
  (conv_mod): LocalGlobalBlock(
    (net): Sequential(
      (0): Sequential(
        (0): SynthesisLayer(
          (pad): ReplicationPad2d((0, 0, 0, 0))
          (conv_layer): Conv2d(2, 3, kernel_size=(1, 1), stride=(1, 1))
          (non_linearity): GELU(approximate='none')
        )
      )
      (1): Sequential(
        (0): SynthesisResidualLayer(
          (pad): ReplicationPad2d((0, 0, 0, 0))
          (conv_layer): Conv2d(3, 3, kernel_size=(1, 1), stride=(1, 1))
          (non_linearity): GELU(approximate='none')
        )
      )
      (2): Sequential(
        (0): SynthesisResidualLayer(
          (pad): ReplicationPad2d((0, 0, 0, 0))
          (conv_layer): Conv2d(3, 3, kernel_size=(1, 1), stride=(1, 1))
          (non_linearity): GELU(approximate='none')
        )
      )
      (3): Sequential(
        (0): SynthesisResidualLayer(
          (pad): ReplicationPad2d((0, 0, 0, 0))
          (conv_layer): Conv2d(3, 3, kernel_size=(1, 1), stride=(1, 1))
          (non_linearity): Identity()
        )
      )
    )
    (global_net): Sequential(
      (0): SynthesisLayer(
        (pad): ReplicationPad2d((0, 0, 0, 0))
        (conv_layer): Conv2d(2, 3, kernel_size=(1, 1), stride=(1, 1))
        (non_linearity): GELU(approximate='none')
      )
      (1): SynthesisResidualLayer(
        (pad): ReplicationPad2d((0, 0, 0, 0))
        (conv_layer): Conv2d(3, 3, kernel_size=(1, 1), stride=(1, 1))
        (non_linearity): GELU(approximate='none')
      )
      (2): SynthesisResidualLayer(
        (pad): ReplicationPad2d((0, 0, 0, 0))
        (conv_layer): Conv2d(3, 3, kernel_size=(1, 1), stride=(1, 1))
        (non_linearity): GELU(approximate='none')
      )
      (3): SynthesisResidualLayer(
        (pad): ReplicationPad2d((0, 0, 0, 0))
        (conv_layer): Conv2d(3, 3, kernel_size=(1, 1), stride=(1, 1))
        (non_linearity): Identity()
      )
    )
    (agg_func): Sequential(
      (0): Sequential(
        (0): SynthesisLayer(
          (pad): ReplicationPad2d((0, 0, 0, 0))
          (conv_layer): Conv2d(18, 3, kernel_size=(1, 1), stride=(1, 1))
          (non_linearity): GELU(approximate='none')
        )
      )
      (1): Sequential(
        (0): SynthesisLayer(
          (pad): ReplicationPad2d((0, 0, 0, 0))
          (conv_layer): Conv2d(21, 3, kernel_size=(1, 1), stride=(1, 1))
          (non_linearity): GELU(approximate='none')
        )
      )
      (2): Sequential(
        (0): SynthesisLayer(
          (pad): ReplicationPad2d((0, 0, 0, 0))
          (conv_layer): Conv2d(24, 3, kernel_size=(1, 1), stride=(1, 1))
          (non_linearity): GELU(approximate='none')
        )
      )
    )
    (full_net): Sequential(
      (0): SynthesisLayer(
        (pad): ReplicationPad2d((0, 0, 0, 0))
        (conv_layer): Conv2d(7, 12, kernel_size=(1, 1), stride=(1, 1))
        (non_linearity): GELU(approximate='none')
      )
      (1): SynthesisLayer(
        (pad): ReplicationPad2d((0, 0, 0, 0))
        (conv_layer): Conv2d(12, 3, kernel_size=(1, 1), stride=(1, 1))
        (non_linearity): GELU(approximate='none')
      )
      (2): SynthesisResidualLayer(
        (pad): ReplicationPad2d((1, 1, 1, 1))
        (conv_layer): Conv2d(3, 3, kernel_size=(3, 3), stride=(1, 1))
        (non_linearity): GELU(approximate='none')
      )
      (3): SynthesisResidualLayer(
        (pad): ReplicationPad2d((1, 1, 1, 1))
        (conv_layer): Conv2d(3, 3, kernel_size=(3, 3), stride=(1, 1))
        (non_linearity): GELU(approximate='none')
      )
    )
  )
  (modulation_sf): ParameterList(
      (0): Parameter containing: [torch.float32 of size 1x1x4x8 (cuda:0)]
      (1): Parameter containing: [torch.float32 of size 1x1x8x16 (cuda:0)]
      (2): Parameter containing: [torch.float32 of size 1x1x16x32 (cuda:0)]
      (3): Parameter containing: [torch.float32 of size 1x1x32x64 (cuda:0)]
      (4): Parameter containing: [torch.float32 of size 1x1x64x128 (cuda:0)]
      (5): Parameter containing: [torch.float32 of size 1x1x128x256 (cuda:0)]
      (6): Parameter containing: [torch.float32 of size 1x1x256x512 (cuda:0)]
  )
)
train the 0 -th image
start temperature: 0.3 noise parameter: 2.0
end temperature: 0.1 noise parameter: 1.0
********************Start from stage I
********************going into stage II
eval_object_psnr: 37.59183002497365
eval_background_psnr: 100.0
eval_background_psnr: 100.0
********************Evaluation the Image 0-th, after Step 999, BEST PSNR: 37.591830, Print rate 1.785181. *************************
Saved model at ./saved/modbase_7/context_16_arm_mod_16/sparity_0.0/inr_mod_16KODAK_ROI_Global_new_struture_7_12_3_33_orderconcat_operator_0_pw_0.0001_img_object0.pth
Trained the image with PSNR: 37.59183002497365  latent bits 1.7851812839508057 latent bits number 233987.28125
[37.59183002497365]
[1.7851812839508057]
[233987.28125]
load the model: ./saved/modbase_7/context_16_arm_mod_16/sparity_0.0/inr_mod_16KODAK_ROI_Global_new_struture_7_12_3_33_orderconcat_operator_0_pw_0.0001_img_object0.pth for the  0 -th image
********************Evalutation with quantization
********************Starting quantizing models
eval_object_psnr: 37.586193519306654
full_image_psnr: 37.586193519306654
object_psnr: 37.586193519306654
background_psnr: 100.0
********************Evaluation the Image 0-th, BEST PSNR: 37.586194, Print rate 1.788800, Network rate 0.082100. *************************
Evaluate the image: PSNR: 37.586193519306654 All bits: 1.8708999156951904  latent bits: 1.7888000011444092  network bits: 0.08209991455078125
Evaluate arm network bits: 0.0332794189453125 Evaluate synthesis network bits: 0.04505157470703125
Image All bits num: 245222.59375 latent bits num: 234461.59375 mlp bits num: 10761.0 border bits num:
arm bits num: 4362.0 synthesis bits num: 5905.0
[37.586193519306654]
[1.8708999156951904]
[245222.59375]
Metrics saved to ./experiments_wspsnr/results.csv
Current eval Ave PSNR: 37.586193519306654 Ave Bits 1.8708999156951904
.......Copmlete all dataset training......
Ave Training PSNR: 37.59183002497365 Ave Training Bits 1.7851812839508057
Training PSNR: [37.59183002497365]
Training rate: [1.7851812839508057]
Evalutation: Ave Eval PSNR: 37.586193519306654 Ave Eval all bits: 1.8708999156951904 Ave Eval Bits 1.7888000011444092 Ave Eval Network 0.08209991455078125
Eval All PSNR: [37.586193519306654]
Eval All rate [1.8708999156951904]
Eval Latent rate [1.7888000011444092]
Eval MLP rate [0.08209991455078125]
======== ALL Results ========
Lambda = 0.01:
  all_psnr: [26.57242922958156]
  all_rate: [0.13130426406860352]
  all_rate_num: [17210.3125]
  eval_all_psnr: [26.40920807303317]
  eval_all_y_rate: [0.13453423976898193]
  eval_all_y_rate_num: [17633.671875]
  eval_all_mlp_rate: [0.0561676025390625]
  eval_all_mlp_rate_num: [7362.0]
  eval_all_arm_rate: [0.02642822265625]
  eval_all_arm_rate_num: [3464.0]
  eval_all_conv_rate: [0.0268707275390625]
  eval_all_conv_rate_num: [3522.0]
  eval_all_border_rate: [0.0]
  eval_all_border_rate_num: [0]
  eval_all_total_rate [[0.19070184230804443]]
  eval_all_total_rate_num [[24995.671875]]
---------------------------------
Lambda = 0.00802:
  all_psnr: [27.01571048525314]
  all_rate: [0.14972272515296936]
  all_rate_num: [19624.45703125]
  eval_all_psnr: [27.00298065015218]
  eval_all_y_rate: [0.1532609611749649]
  eval_all_y_rate_num: [20088.220703125]
  eval_all_mlp_rate: [0.06542205810546875]
  eval_all_mlp_rate_num: [8575.0]
  eval_all_arm_rate: [0.0260009765625]
  eval_all_arm_rate_num: [3408.0]
  eval_all_conv_rate: [0.03598785400390625]
  eval_all_conv_rate_num: [4717.0]
  eval_all_border_rate: [0.0]
  eval_all_border_rate_num: [0]
  eval_all_total_rate [[0.21868301928043365]]
  eval_all_total_rate_num [[28663.220703125]]
---------------------------------
Lambda = 0.00604:
  all_psnr: [27.398958948527675]
  all_rate: [0.1849631369113922]
  all_rate_num: [24243.48828125]
  eval_all_psnr: [27.22765717431876]
  eval_all_y_rate: [0.1859152913093567]
  eval_all_y_rate_num: [24368.2890625]
  eval_all_mlp_rate: [0.058685302734375]
  eval_all_mlp_rate_num: [7692.0]
  eval_all_arm_rate: [0.03022003173828125]
  eval_all_arm_rate_num: [3961.0]
  eval_all_conv_rate: [0.0261077880859375]
  eval_all_conv_rate_num: [3422.0]
  eval_all_border_rate: [0.0]
  eval_all_border_rate_num: [0]
  eval_all_total_rate [[0.2446005940437317]]
  eval_all_total_rate_num [[32060.2890625]]
---------------------------------
Lambda = 0.00406:
  all_psnr: [28.916022803471847]
  all_rate: [0.2871848940849304]
  all_rate_num: [37641.8984375]
  eval_all_psnr: [28.857086086049065]
  eval_all_y_rate: [0.28983768820762634]
  eval_all_y_rate_num: [37989.60546875]
  eval_all_mlp_rate: [0.0603790283203125]
  eval_all_mlp_rate_num: [7914.0]
  eval_all_arm_rate: [0.02686309814453125]
  eval_all_arm_rate_num: [3521.0]
  eval_all_conv_rate: [0.03021240234375]
  eval_all_conv_rate_num: [3960.0]
  eval_all_border_rate: [0.0]
  eval_all_border_rate_num: [0]
  eval_all_total_rate [[0.35021671652793884]]
  eval_all_total_rate_num [[45903.60546875]]
---------------------------------
Lambda = 0.00208:
  all_psnr: [31.005829304064687]
  all_rate: [0.45248955488204956]
  all_rate_num: [59308.7109375]
  eval_all_psnr: [30.897974898725874]
  eval_all_y_rate: [0.4574497938156128]
  eval_all_y_rate_num: [59958.859375]
  eval_all_mlp_rate: [0.059783935546875]
  eval_all_mlp_rate_num: [7836.0]
  eval_all_arm_rate: [0.0259857177734375]
  eval_all_arm_rate_num: [3406.0]
  eval_all_conv_rate: [0.031402587890625]
  eval_all_conv_rate_num: [4116.0]
  eval_all_border_rate: [0.0]
  eval_all_border_rate_num: [0]
  eval_all_total_rate [[0.5172337293624878]]
  eval_all_total_rate_num [[67794.859375]]
---------------------------------
Lambda = 0.0001:
  all_psnr: [37.59183002497365]
  all_rate: [1.7851812839508057]
  all_rate_num: [233987.28125]
  eval_all_psnr: [37.586193519306654]
  eval_all_y_rate: [1.7888000011444092]
  eval_all_y_rate_num: [234461.59375]
  eval_all_mlp_rate: [0.08209991455078125]
  eval_all_mlp_rate_num: [10761.0]
  eval_all_arm_rate: [0.0332794189453125]
  eval_all_arm_rate_num: [4362.0]
  eval_all_conv_rate: [0.04505157470703125]
  eval_all_conv_rate_num: [5905.0]
  eval_all_border_rate: [0.0]
  eval_all_border_rate_num: [0]
  eval_all_total_rate [[1.8708999156951904]]
  eval_all_total_rate_num [[245222.59375]]
---------------------------------
