========================================
Experiment 1/16
  mask_type   = full
  wsmse_tag   = 0
  swhdc_tag   = 0
  erp_padding = 0
  Log: ./experiments/erp_padding_test/logs/full_wsmse0_swhdc0_erp0.out
========================================
========================================
Experiment 1/16
  mask_type   = full
  wsmse_tag   = 0
  swhdc_tag   = 0
  erp_padding = 0
  Log: ./experiments/erp_padding_test/logs/full_wsmse0_swhdc0_erp0.out
========================================
✓ Finished [1/16]: mask=full wsmse=0 swhdc=0 erp=0

========================================
Experiment 2/16
  mask_type   = full
  wsmse_tag   = 0
  swhdc_tag   = 0
  erp_padding = 1
  Log: ./experiments/erp_padding_test/logs/full_wsmse0_swhdc0_erp1.out
========================================
✓ Finished [2/16]: mask=full wsmse=0 swhdc=0 erp=1

========================================
Experiment 3/16
  mask_type   = full
  wsmse_tag   = 0
  swhdc_tag   = 1
  erp_padding = 0
  Log: ./experiments/erp_padding_test/logs/full_wsmse0_swhdc1_erp0.out
========================================
✓ Finished [3/16]: mask=full wsmse=0 swhdc=1 erp=0

========================================
Experiment 4/16
  mask_type   = full
  wsmse_tag   = 0
  swhdc_tag   = 1
  erp_padding = 1
  Log: ./experiments/erp_padding_test/logs/full_wsmse0_swhdc1_erp1.out
========================================
✓ Finished [4/16]: mask=full wsmse=0 swhdc=1 erp=1

========================================
Experiment 5/16
  mask_type   = full
  wsmse_tag   = 1
  swhdc_tag   = 0
  erp_padding = 0
  Log: ./experiments/erp_padding_test/logs/full_wsmse1_swhdc0_erp0.out
========================================
✓ Finished [5/16]: mask=full wsmse=1 swhdc=0 erp=0

========================================
Experiment 6/16
  mask_type   = full
  wsmse_tag   = 1
  swhdc_tag   = 0
  erp_padding = 1
  Log: ./experiments/erp_padding_test/logs/full_wsmse1_swhdc0_erp1.out
========================================
✓ Finished [6/16]: mask=full wsmse=1 swhdc=0 erp=1

========================================
Experiment 7/16
  mask_type   = full
  wsmse_tag   = 1
  swhdc_tag   = 1
  erp_padding = 0
  Log: ./experiments/erp_padding_test/logs/full_wsmse1_swhdc1_erp0.out
========================================
✓ Finished [7/16]: mask=full wsmse=1 swhdc=1 erp=0

========================================
Experiment 8/16
  mask_type   = full
  wsmse_tag   = 1
  swhdc_tag   = 1
  erp_padding = 1
  Log: ./experiments/erp_padding_test/logs/full_wsmse1_swhdc1_erp1.out
========================================
✓ Finished [8/16]: mask=full wsmse=1 swhdc=1 erp=1

========================================
Experiment 9/16
  mask_type   = erp
  wsmse_tag   = 0
  swhdc_tag   = 0
  erp_padding = 0
  Log: ./experiments/erp_padding_test/logs/erp_wsmse0_swhdc0_erp0.out
========================================
✓ Finished [9/16]: mask=erp wsmse=0 swhdc=0 erp=0

========================================
Experiment 10/16
  mask_type   = erp
  wsmse_tag   = 0
  swhdc_tag   = 0
  erp_padding = 1
  Log: ./experiments/erp_padding_test/logs/erp_wsmse0_swhdc0_erp1.out
========================================
✓ Finished [10/16]: mask=erp wsmse=0 swhdc=0 erp=1

========================================
Experiment 11/16
  mask_type   = erp
  wsmse_tag   = 0
  swhdc_tag   = 1
  erp_padding = 0
  Log: ./experiments/erp_padding_test/logs/erp_wsmse0_swhdc1_erp0.out
========================================
✓ Finished [11/16]: mask=erp wsmse=0 swhdc=1 erp=0

========================================
Experiment 12/16
  mask_type   = erp
  wsmse_tag   = 0
  swhdc_tag   = 1
  erp_padding = 1
  Log: ./experiments/erp_padding_test/logs/erp_wsmse0_swhdc1_erp1.out
========================================
✓ Finished [12/16]: mask=erp wsmse=0 swhdc=1 erp=1

========================================
Experiment 13/16
  mask_type   = erp
  wsmse_tag   = 1
  swhdc_tag   = 0
  erp_padding = 0
  Log: ./experiments/erp_padding_test/logs/erp_wsmse1_swhdc0_erp0.out
========================================
✓ Finished [13/16]: mask=erp wsmse=1 swhdc=0 erp=0

========================================
Experiment 14/16
  mask_type   = erp
  wsmse_tag   = 1
  swhdc_tag   = 0
  erp_padding = 1
  Log: ./experiments/erp_padding_test/logs/erp_wsmse1_swhdc0_erp1.out
========================================
✓ Finished [14/16]: mask=erp wsmse=1 swhdc=0 erp=1

========================================
Experiment 15/16
  mask_type   = erp
  wsmse_tag   = 1
  swhdc_tag   = 1
  erp_padding = 0
  Log: ./experiments/erp_padding_test/logs/erp_wsmse1_swhdc1_erp0.out
========================================
✓ Finished [15/16]: mask=erp wsmse=1 swhdc=1 erp=0

========================================
Experiment 16/16
  mask_type   = erp
  wsmse_tag   = 1
  swhdc_tag   = 1
  erp_padding = 1
  Log: ./experiments/erp_padding_test/logs/erp_wsmse1_swhdc1_erp1.out
========================================
✓ Finished [16/16]: mask=erp wsmse=1 swhdc=1 erp=1

========================================
Todos os 16 experimentos concluídos.
Resultados em: ./experiments/erp_padding_test/results.csv
Logs em:       ./experiments/erp_padding_test/logs/
========================================
========================================
Experiment 1/16
  mask_type   = full
  wsmse_tag   = 0
  swhdc_tag   = 0
  erp_padding = 0
  Log: ./experiments/13_3080/logs/full_wsmse0_swhdc0_erp0.out
========================================
========================================
Experiment 1/8
  mask_type   = full
  wsmse_tag   = 0
  swhdc_tag   = 0
  erp_padding = 1
  Log: ./experiments/vcip/logs/full_wsmse0_swhdc0_erp1.out
========================================
Finished [1/8]: mask=full wsmse=0 swhdc=0 erp=1

========================================
Experiment 2/8
  mask_type   = full
  wsmse_tag   = 0
  swhdc_tag   = 1
  erp_padding = 1
  Log: ./experiments/vcip/logs/full_wsmse0_swhdc1_erp1.out
========================================
Finished [2/8]: mask=full wsmse=0 swhdc=1 erp=1

========================================
Experiment 3/8
  mask_type   = full
  wsmse_tag   = 1
  swhdc_tag   = 0
  erp_padding = 1
  Log: ./experiments/vcip/logs/full_wsmse1_swhdc0_erp1.out
========================================
Finished [3/8]: mask=full wsmse=1 swhdc=0 erp=1

========================================
Experiment 4/8
  mask_type   = full
  wsmse_tag   = 1
  swhdc_tag   = 1
  erp_padding = 1
  Log: ./experiments/vcip/logs/full_wsmse1_swhdc1_erp1.out
========================================
Finished [4/8]: mask=full wsmse=1 swhdc=1 erp=1

========================================
Experiment 5/8
  mask_type   = erp
  wsmse_tag   = 0
  swhdc_tag   = 0
  erp_padding = 1
  Log: ./experiments/vcip/logs/erp_wsmse0_swhdc0_erp1.out
========================================
Finished [5/8]: mask=erp wsmse=0 swhdc=0 erp=1

========================================
Experiment 6/8
  mask_type   = erp
  wsmse_tag   = 0
  swhdc_tag   = 1
  erp_padding = 1
  Log: ./experiments/vcip/logs/erp_wsmse0_swhdc1_erp1.out
========================================
Finished [6/8]: mask=erp wsmse=0 swhdc=1 erp=1

========================================
Experiment 7/8
  mask_type   = erp
  wsmse_tag   = 1
  swhdc_tag   = 0
  erp_padding = 1
  Log: ./experiments/vcip/logs/erp_wsmse1_swhdc0_erp1.out
========================================
Finished [7/8]: mask=erp wsmse=1 swhdc=0 erp=1

========================================
Experiment 8/8
  mask_type   = erp
  wsmse_tag   = 1
  swhdc_tag   = 1
  erp_padding = 1
  Log: ./experiments/vcip/logs/erp_wsmse1_swhdc1_erp1.out
========================================
Finished [8/8]: mask=erp wsmse=1 swhdc=1 erp=1

========================================
Todos os 8 experimentos concluídos.
Resultados em: ./experiments/vcip/results.csv
Logs em:       ./experiments/vcip/logs/
========================================
