seed 1
Namespace(batch_size=1, lr=0.01, data='../data', sparsity=0.0, local_upsampling_kernel_size=8, upsampling_kernel_size=8, static_upsampling_kernel=False, latent_factor=1, mod_base=7, highest_flag=1, context_arm=16, dim_arm_mod=16, use_candidate=True, type='other', mod_hid_layer=0, sythesis_features=12, hidden_features=64, hidden_layer=2, scale=1, lambda_rate=0.01, lambda_rate_list=[0.01, 0.00802, 0.00604, 0.00406, 0.00208, 0.0001], start_index=0, mask_type='erp', wsmse_tag=1, swhdc_tag=0, workdir='./experiments', train_steps_1=100000, train_steps_2=10000, patch_h=256, patch_w=512, all_pix_num=131072, eval_pix_num=131072)
Directory './saved/modbase_7/context_16_arm_mod_16' already exists.
Directory './saved/modbase_7/context_16_arm_mod_16/sparity_0.0' already exists.
top %: 0.0

🔁 Stage-1 Training Candidate 1/7
Quantizer parameter: encoding gain  16
total pixel: 131072
Get Mod with shape torch.Size([1, 1, 4, 8]) at layer: 1
Get Mod with shape torch.Size([1, 1, 8, 16]) at layer: 2
Get Mod with shape torch.Size([1, 1, 16, 32]) at layer: 3
Get Mod with shape torch.Size([1, 1, 32, 64]) at layer: 4
Get Mod with shape torch.Size([1, 1, 64, 128]) at layer: 5
Get Mod with shape torch.Size([1, 1, 128, 256]) at layer: 6
Get Mod with shape torch.Size([1, 1, 256, 512]) at layer: 7
start temperature: 0.3 noise parameter: 2.0
end temperature: 0.3 noise parameter: 2.0
********************Start from stage I
/home/diego/Desktop/MoRIC-main/models/candidate_train.py:172: UserWarning: Converting a tensor with requires_grad=True to a scalar may lead to unexpected behavior.
Consider using tensor.detach() first. (Triggered internally at /pytorch/torch/csrc/autograd/generated/python_variable_methods.cpp:838.)
  "Step %d, BEST PSNR: %0.6f, Total loss %0.6f"
Step 400, BEST PSNR: 25.432562, Total loss 0.004739 with its rate 0.18767520785331726 latent_bits 24598.96484375

🔁 Stage-1 Training Candidate 2/7
Quantizer parameter: encoding gain  16
total pixel: 131072
Get Mod with shape torch.Size([1, 1, 4, 8]) at layer: 1
Get Mod with shape torch.Size([1, 1, 8, 16]) at layer: 2
Get Mod with shape torch.Size([1, 1, 16, 32]) at layer: 3
Get Mod with shape torch.Size([1, 1, 32, 64]) at layer: 4
Get Mod with shape torch.Size([1, 1, 64, 128]) at layer: 5
Get Mod with shape torch.Size([1, 1, 128, 256]) at layer: 6
Get Mod with shape torch.Size([1, 1, 256, 512]) at layer: 7
start temperature: 0.3 noise parameter: 2.0
end temperature: 0.3 noise parameter: 2.0
********************Start from stage I
Step 400, BEST PSNR: 24.903009, Total loss 0.005181 with its rate 0.19468356668949127 latent_bits 25517.564453125

🔁 Stage-1 Training Candidate 3/7
Quantizer parameter: encoding gain  16
total pixel: 131072
Get Mod with shape torch.Size([1, 1, 4, 8]) at layer: 1
Get Mod with shape torch.Size([1, 1, 8, 16]) at layer: 2
Get Mod with shape torch.Size([1, 1, 16, 32]) at layer: 3
Get Mod with shape torch.Size([1, 1, 32, 64]) at layer: 4
Get Mod with shape torch.Size([1, 1, 64, 128]) at layer: 5
Get Mod with shape torch.Size([1, 1, 128, 256]) at layer: 6
Get Mod with shape torch.Size([1, 1, 256, 512]) at layer: 7
start temperature: 0.3 noise parameter: 2.0
end temperature: 0.3 noise parameter: 2.0
********************Start from stage I
Step 400, BEST PSNR: 25.713839, Total loss 0.004561 with its rate 0.18781571090221405 latent_bits 24617.380859375

🔁 Stage-1 Training Candidate 4/7
Quantizer parameter: encoding gain  16
total pixel: 131072
Get Mod with shape torch.Size([1, 1, 4, 8]) at layer: 1
Get Mod with shape torch.Size([1, 1, 8, 16]) at layer: 2
Get Mod with shape torch.Size([1, 1, 16, 32]) at layer: 3
Get Mod with shape torch.Size([1, 1, 32, 64]) at layer: 4
Get Mod with shape torch.Size([1, 1, 64, 128]) at layer: 5
Get Mod with shape torch.Size([1, 1, 128, 256]) at layer: 6
Get Mod with shape torch.Size([1, 1, 256, 512]) at layer: 7
start temperature: 0.3 noise parameter: 2.0
end temperature: 0.3 noise parameter: 2.0
********************Start from stage I
Step 400, BEST PSNR: 25.505620, Total loss 0.004770 with its rate 0.1954902708530426 latent_bits 25623.30078125

🔁 Stage-1 Training Candidate 5/7
Quantizer parameter: encoding gain  16
total pixel: 131072
Get Mod with shape torch.Size([1, 1, 4, 8]) at layer: 1
Get Mod with shape torch.Size([1, 1, 8, 16]) at layer: 2
Get Mod with shape torch.Size([1, 1, 16, 32]) at layer: 3
Get Mod with shape torch.Size([1, 1, 32, 64]) at layer: 4
Get Mod with shape torch.Size([1, 1, 64, 128]) at layer: 5
Get Mod with shape torch.Size([1, 1, 128, 256]) at layer: 6
Get Mod with shape torch.Size([1, 1, 256, 512]) at layer: 7
start temperature: 0.3 noise parameter: 2.0
end temperature: 0.3 noise parameter: 2.0
********************Start from stage I
Step 400, BEST PSNR: 25.103213, Total loss 0.005059 with its rate 0.1970755159854889 latent_bits 25831.08203125

🔁 Stage-1 Training Candidate 6/7
Quantizer parameter: encoding gain  16
total pixel: 131072
Get Mod with shape torch.Size([1, 1, 4, 8]) at layer: 1
Get Mod with shape torch.Size([1, 1, 8, 16]) at layer: 2
Get Mod with shape torch.Size([1, 1, 16, 32]) at layer: 3
Get Mod with shape torch.Size([1, 1, 32, 64]) at layer: 4
Get Mod with shape torch.Size([1, 1, 64, 128]) at layer: 5
Get Mod with shape torch.Size([1, 1, 128, 256]) at layer: 6
Get Mod with shape torch.Size([1, 1, 256, 512]) at layer: 7
start temperature: 0.3 noise parameter: 2.0
end temperature: 0.3 noise parameter: 2.0
********************Start from stage I
Step 400, BEST PSNR: 25.148131, Total loss 0.004917 with its rate 0.18604964017868042 latent_bits 24385.8984375

🔁 Stage-1 Training Candidate 7/7
Quantizer parameter: encoding gain  16
total pixel: 131072
Get Mod with shape torch.Size([1, 1, 4, 8]) at layer: 1
Get Mod with shape torch.Size([1, 1, 8, 16]) at layer: 2
Get Mod with shape torch.Size([1, 1, 16, 32]) at layer: 3
Get Mod with shape torch.Size([1, 1, 32, 64]) at layer: 4
Get Mod with shape torch.Size([1, 1, 64, 128]) at layer: 5
Get Mod with shape torch.Size([1, 1, 128, 256]) at layer: 6
Get Mod with shape torch.Size([1, 1, 256, 512]) at layer: 7
start temperature: 0.3 noise parameter: 2.0
end temperature: 0.3 noise parameter: 2.0
********************Start from stage I
Step 400, BEST PSNR: 25.481956, Total loss 0.004694 with its rate 0.18639694154262543 latent_bits 24431.419921875

🌟 Selected Top-3 Candidates by RD cost

🎯 Stage-2 Refining Candidate 1/3
start temperature: 0.3 noise parameter: 2.0
end temperature: 0.3 noise parameter: 2.0
********************Start from stage I
Step 400, BEST PSNR: 26.028872, Total loss 0.004748 with its rate 0.22530144453048706 latent_bits 29530.7109375

🎯 Stage-2 Refining Candidate 2/3
start temperature: 0.3 noise parameter: 2.0
end temperature: 0.3 noise parameter: 2.0
********************Start from stage I
Step 400, BEST PSNR: 26.233886, Total loss 0.004678 with its rate 0.22980357706546783 latent_bits 30120.814453125

🎯 Stage-2 Refining Candidate 3/3
start temperature: 0.3 noise parameter: 2.0
end temperature: 0.3 noise parameter: 2.0
********************Start from stage I
Step 400, BEST PSNR: 26.075728, Total loss 0.004750 with its rate 0.2281322032213211 latent_bits 29901.744140625

🏆 Best Candidate Final PSNR: 26.23, Rate: 0.2298
Masked_INR(
  (upsampling_2d): Upsampling(
    (conv_transpose2d): UpsamplingConvTranspose2d()
  )
  (arm): Arm(
    (mlp): Sequential(
      (0): ArmConv(
        (conv1_1): Conv1d(16, 16, kernel_size=(1,), stride=(1,))
      )
      (1): GELU(approximate='none')
      (2): ArmConv(
        (conv1_1): Conv1d(16, 16, kernel_size=(1,), stride=(1,))
      )
      (3): GELU(approximate='none')
      (4): ArmConv(
        (conv1_1): Conv1d(16, 2, kernel_size=(1,), stride=(1,))
      )
    )
  )
  (conv_mod): LocalGlobalBlock(
    (net): Sequential(
      (0): Sequential(
        (0): SynthesisLayer(
          (pad): ReplicationPad2d((0, 0, 0, 0))
          (conv_layer): Conv2d(2, 3, kernel_size=(1, 1), stride=(1, 1))
          (non_linearity): GELU(approximate='none')
        )
      )
      (1): Sequential(
        (0): SynthesisResidualLayer(
          (pad): ReplicationPad2d((0, 0, 0, 0))
          (conv_layer): Conv2d(3, 3, kernel_size=(1, 1), stride=(1, 1))
          (non_linearity): GELU(approximate='none')
        )
      )
      (2): Sequential(
        (0): SynthesisResidualLayer(
          (pad): ReplicationPad2d((0, 0, 0, 0))
          (conv_layer): Conv2d(3, 3, kernel_size=(1, 1), stride=(1, 1))
          (non_linearity): GELU(approximate='none')
        )
      )
      (3): Sequential(
        (0): SynthesisResidualLayer(
          (pad): ReplicationPad2d((0, 0, 0, 0))
          (conv_layer): Conv2d(3, 3, kernel_size=(1, 1), stride=(1, 1))
          (non_linearity): Identity()
        )
      )
    )
    (global_net): Sequential(
      (0): SynthesisLayer(
        (pad): ReplicationPad2d((0, 0, 0, 0))
        (conv_layer): Conv2d(2, 3, kernel_size=(1, 1), stride=(1, 1))
        (non_linearity): GELU(approximate='none')
      )
      (1): SynthesisResidualLayer(
        (pad): ReplicationPad2d((0, 0, 0, 0))
        (conv_layer): Conv2d(3, 3, kernel_size=(1, 1), stride=(1, 1))
        (non_linearity): GELU(approximate='none')
      )
      (2): SynthesisResidualLayer(
        (pad): ReplicationPad2d((0, 0, 0, 0))
        (conv_layer): Conv2d(3, 3, kernel_size=(1, 1), stride=(1, 1))
        (non_linearity): GELU(approximate='none')
      )
      (3): SynthesisResidualLayer(
        (pad): ReplicationPad2d((0, 0, 0, 0))
        (conv_layer): Conv2d(3, 3, kernel_size=(1, 1), stride=(1, 1))
        (non_linearity): Identity()
      )
    )
    (agg_func): Sequential(
      (0): Sequential(
        (0): SynthesisLayer(
          (pad): ReplicationPad2d((0, 0, 0, 0))
          (conv_layer): Conv2d(18, 3, kernel_size=(1, 1), stride=(1, 1))
          (non_linearity): GELU(approximate='none')
        )
      )
      (1): Sequential(
        (0): SynthesisLayer(
          (pad): ReplicationPad2d((0, 0, 0, 0))
          (conv_layer): Conv2d(21, 3, kernel_size=(1, 1), stride=(1, 1))
          (non_linearity): GELU(approximate='none')
        )
      )
      (2): Sequential(
        (0): SynthesisLayer(
          (pad): ReplicationPad2d((0, 0, 0, 0))
          (conv_layer): Conv2d(24, 3, kernel_size=(1, 1), stride=(1, 1))
          (non_linearity): GELU(approximate='none')
        )
      )
    )
    (full_net): Sequential(
      (0): SynthesisLayer(
        (pad): ReplicationPad2d((0, 0, 0, 0))
        (conv_layer): Conv2d(7, 12, kernel_size=(1, 1), stride=(1, 1))
        (non_linearity): GELU(approximate='none')
      )
      (1): SynthesisLayer(
        (pad): ReplicationPad2d((0, 0, 0, 0))
        (conv_layer): Conv2d(12, 3, kernel_size=(1, 1), stride=(1, 1))
        (non_linearity): GELU(approximate='none')
      )
      (2): SynthesisResidualLayer(
        (pad): ReplicationPad2d((1, 1, 1, 1))
        (conv_layer): Conv2d(3, 3, kernel_size=(3, 3), stride=(1, 1))
        (non_linearity): GELU(approximate='none')
      )
      (3): SynthesisResidualLayer(
        (pad): ReplicationPad2d((1, 1, 1, 1))
        (conv_layer): Conv2d(3, 3, kernel_size=(3, 3), stride=(1, 1))
        (non_linearity): GELU(approximate='none')
      )
    )
  )
  (modulation_sf): ParameterList(
      (0): Parameter containing: [torch.float32 of size 1x1x4x8 (cuda:0)]
      (1): Parameter containing: [torch.float32 of size 1x1x8x16 (cuda:0)]
      (2): Parameter containing: [torch.float32 of size 1x1x16x32 (cuda:0)]
      (3): Parameter containing: [torch.float32 of size 1x1x32x64 (cuda:0)]
      (4): Parameter containing: [torch.float32 of size 1x1x64x128 (cuda:0)]
      (5): Parameter containing: [torch.float32 of size 1x1x128x256 (cuda:0)]
      (6): Parameter containing: [torch.float32 of size 1x1x256x512 (cuda:0)]
  )
)
train the 0 -th image
start temperature: 0.3 noise parameter: 2.0
end temperature: 0.1 noise parameter: 1.0
********************Start from stage I
********************going into stage II
eval_object_psnr: 33.407427895137964
eval_background_psnr: 28.696302315473723
eval_background_psnr: 28.696302315473723
********************Evaluation the Image 0-th, after Step 9999, BEST PSNR: 27.431815, Print rate 0.112941. *************************
Saved model at ./saved/modbase_7/context_16_arm_mod_16/sparity_0.0/inr_mod_16KODAK_ROI_Global_new_struture_7_12_3_33_orderconcat_operator_0_pw_0.01_img_object0.pth
Trained the image with PSNR: 27.431815090255334  latent bits 0.11294117569923401 latent bits number 14803.42578125
[np.float64(27.431815090255334)]
[0.11294117569923401]
[14803.42578125]
load the model: ./saved/modbase_7/context_16_arm_mod_16/sparity_0.0/inr_mod_16KODAK_ROI_Global_new_struture_7_12_3_33_orderconcat_operator_0_pw_0.01_img_object0.pth for the  0 -th image
********************Evalutation with quantization
********************Starting quantizing models
eval_object_psnr: 33.32320716437048
full_image_psnr: 27.352092884557454
object_psnr: 33.32320716437048
background_psnr: 28.618101287148754
********************Evaluation the Image 0-th, BEST PSNR: 27.352093, Print rate 0.119096, Network rate 0.068184. *************************
Evaluate the image: PSNR: 27.352092884557454 All bits: 0.18727941066026688  latent bits: 0.11909551173448563  network bits: 0.06818389892578125
Evaluate arm network bits: 0.02872467041015625 Evaluate synthesis network bits: 0.0364227294921875
Image All bits num: 24547.0869140625 latent bits num: 15610.0869140625 mlp bits num: 8937.0 border bits num:
arm bits num: 3765.0 synthesis bits num: 4774.0
[np.float64(27.352092884557454)]
[0.18727941066026688]
[24547.0869140625]
Metrics saved to ./experiments/results.csv
Current eval Ave PSNR: 27.352092884557454 Ave Bits 0.18727941066026688
.......Copmlete all dataset training......
Ave Training PSNR: 27.431815090255334 Ave Training Bits 0.11294117569923401
Training PSNR: [np.float64(27.431815090255334)]
Training rate: [0.11294117569923401]
Evalutation: Ave Eval PSNR: 27.352092884557454 Ave Eval all bits: 0.18727941066026688 Ave Eval Bits 0.11909551173448563 Ave Eval Network 0.06818389892578125
Eval All PSNR: [np.float64(27.352092884557454)]
Eval All rate [0.18727941066026688]
Eval Latent rate [0.11909551173448563]
Eval MLP rate [0.06818389892578125]
Namespace(batch_size=1, lr=0.01, data='../data', sparsity=0.0, local_upsampling_kernel_size=8, upsampling_kernel_size=8, static_upsampling_kernel=False, latent_factor=1, mod_base=7, highest_flag=1, context_arm=16, dim_arm_mod=16, use_candidate=True, type='other', mod_hid_layer=0, sythesis_features=12, hidden_features=64, hidden_layer=2, scale=1, lambda_rate=0.00802, lambda_rate_list=[0.01, 0.00802, 0.00604, 0.00406, 0.00208, 0.0001], start_index=0, mask_type='erp', wsmse_tag=1, swhdc_tag=0, workdir='./experiments', train_steps_1=100000, train_steps_2=10000, patch_h=256, patch_w=512, all_pix_num=131072, eval_pix_num=131072)
Directory './saved/modbase_7/context_16_arm_mod_16' already exists.
Directory './saved/modbase_7/context_16_arm_mod_16/sparity_0.0' already exists.
top %: 0.0

🔁 Stage-1 Training Candidate 1/7
Quantizer parameter: encoding gain  16
total pixel: 131072
Get Mod with shape torch.Size([1, 1, 4, 8]) at layer: 1
Get Mod with shape torch.Size([1, 1, 8, 16]) at layer: 2
Get Mod with shape torch.Size([1, 1, 16, 32]) at layer: 3
Get Mod with shape torch.Size([1, 1, 32, 64]) at layer: 4
Get Mod with shape torch.Size([1, 1, 64, 128]) at layer: 5
Get Mod with shape torch.Size([1, 1, 128, 256]) at layer: 6
Get Mod with shape torch.Size([1, 1, 256, 512]) at layer: 7
start temperature: 0.3 noise parameter: 2.0
end temperature: 0.3 noise parameter: 2.0
********************Start from stage I
Step 400, BEST PSNR: 25.802454, Total loss 0.004323 with its rate 0.21123898029327393 latent_bits 27687.515625

🔁 Stage-1 Training Candidate 2/7
Quantizer parameter: encoding gain  16
total pixel: 131072
Get Mod with shape torch.Size([1, 1, 4, 8]) at layer: 1
Get Mod with shape torch.Size([1, 1, 8, 16]) at layer: 2
Get Mod with shape torch.Size([1, 1, 16, 32]) at layer: 3
Get Mod with shape torch.Size([1, 1, 32, 64]) at layer: 4
Get Mod with shape torch.Size([1, 1, 64, 128]) at layer: 5
Get Mod with shape torch.Size([1, 1, 128, 256]) at layer: 6
Get Mod with shape torch.Size([1, 1, 256, 512]) at layer: 7
start temperature: 0.3 noise parameter: 2.0
end temperature: 0.3 noise parameter: 2.0
********************Start from stage I
Step 400, BEST PSNR: 25.232625, Total loss 0.004723 with its rate 0.21517035365104675 latent_bits 28202.80859375

🔁 Stage-1 Training Candidate 3/7
Quantizer parameter: encoding gain  16
total pixel: 131072
Get Mod with shape torch.Size([1, 1, 4, 8]) at layer: 1
Get Mod with shape torch.Size([1, 1, 8, 16]) at layer: 2
Get Mod with shape torch.Size([1, 1, 16, 32]) at layer: 3
Get Mod with shape torch.Size([1, 1, 32, 64]) at layer: 4
Get Mod with shape torch.Size([1, 1, 64, 128]) at layer: 5
Get Mod with shape torch.Size([1, 1, 128, 256]) at layer: 6
Get Mod with shape torch.Size([1, 1, 256, 512]) at layer: 7
start temperature: 0.3 noise parameter: 2.0
end temperature: 0.3 noise parameter: 2.0
********************Start from stage I
Step 400, BEST PSNR: 25.512628, Total loss 0.004496 with its rate 0.21025240421295166 latent_bits 27558.203125

🔁 Stage-1 Training Candidate 4/7
Quantizer parameter: encoding gain  16
total pixel: 131072
Get Mod with shape torch.Size([1, 1, 4, 8]) at layer: 1
Get Mod with shape torch.Size([1, 1, 8, 16]) at layer: 2
Get Mod with shape torch.Size([1, 1, 16, 32]) at layer: 3
Get Mod with shape torch.Size([1, 1, 32, 64]) at layer: 4
Get Mod with shape torch.Size([1, 1, 64, 128]) at layer: 5
Get Mod with shape torch.Size([1, 1, 128, 256]) at layer: 6
Get Mod with shape torch.Size([1, 1, 256, 512]) at layer: 7
start temperature: 0.3 noise parameter: 2.0
end temperature: 0.3 noise parameter: 2.0
********************Start from stage I
Step 400, BEST PSNR: 25.807581, Total loss 0.004380 with its rate 0.21873754262924194 latent_bits 28670.3671875

🔁 Stage-1 Training Candidate 5/7
Quantizer parameter: encoding gain  16
total pixel: 131072
Get Mod with shape torch.Size([1, 1, 4, 8]) at layer: 1
Get Mod with shape torch.Size([1, 1, 8, 16]) at layer: 2
Get Mod with shape torch.Size([1, 1, 16, 32]) at layer: 3
Get Mod with shape torch.Size([1, 1, 32, 64]) at layer: 4
Get Mod with shape torch.Size([1, 1, 64, 128]) at layer: 5
Get Mod with shape torch.Size([1, 1, 128, 256]) at layer: 6
Get Mod with shape torch.Size([1, 1, 256, 512]) at layer: 7
start temperature: 0.3 noise parameter: 2.0
end temperature: 0.3 noise parameter: 2.0
********************Start from stage I
Step 400, BEST PSNR: 25.636422, Total loss 0.004510 with its rate 0.2218109369277954 latent_bits 29073.203125

🔁 Stage-1 Training Candidate 6/7
Quantizer parameter: encoding gain  16
total pixel: 131072
Get Mod with shape torch.Size([1, 1, 4, 8]) at layer: 1
Get Mod with shape torch.Size([1, 1, 8, 16]) at layer: 2
Get Mod with shape torch.Size([1, 1, 16, 32]) at layer: 3
Get Mod with shape torch.Size([1, 1, 32, 64]) at layer: 4
Get Mod with shape torch.Size([1, 1, 64, 128]) at layer: 5
Get Mod with shape torch.Size([1, 1, 128, 256]) at layer: 6
Get Mod with shape torch.Size([1, 1, 256, 512]) at layer: 7
start temperature: 0.3 noise parameter: 2.0
end temperature: 0.3 noise parameter: 2.0
********************Start from stage I
Step 400, BEST PSNR: 25.412330, Total loss 0.004579 with its rate 0.21240845322608948 latent_bits 27840.80078125

🔁 Stage-1 Training Candidate 7/7
Quantizer parameter: encoding gain  16
total pixel: 131072
Get Mod with shape torch.Size([1, 1, 4, 8]) at layer: 1
Get Mod with shape torch.Size([1, 1, 8, 16]) at layer: 2
Get Mod with shape torch.Size([1, 1, 16, 32]) at layer: 3
Get Mod with shape torch.Size([1, 1, 32, 64]) at layer: 4
Get Mod with shape torch.Size([1, 1, 64, 128]) at layer: 5
Get Mod with shape torch.Size([1, 1, 128, 256]) at layer: 6
Get Mod with shape torch.Size([1, 1, 256, 512]) at layer: 7
start temperature: 0.3 noise parameter: 2.0
end temperature: 0.3 noise parameter: 2.0
********************Start from stage I
Step 400, BEST PSNR: 25.886399, Total loss 0.004296 with its rate 0.21412083506584167 latent_bits 28065.24609375

🌟 Selected Top-3 Candidates by RD cost

🎯 Stage-2 Refining Candidate 1/3
start temperature: 0.3 noise parameter: 2.0
end temperature: 0.3 noise parameter: 2.0
********************Start from stage I
Step 400, BEST PSNR: 26.523664, Total loss 0.004227 with its rate 0.2494645118713379 latent_bits 32697.8125

🎯 Stage-2 Refining Candidate 2/3
start temperature: 0.3 noise parameter: 2.0
end temperature: 0.3 noise parameter: 2.0
********************Start from stage I
Step 400, BEST PSNR: 26.457022, Total loss 0.004287 with its rate 0.25266754627227783 latent_bits 33117.640625

🎯 Stage-2 Refining Candidate 3/3
start temperature: 0.3 noise parameter: 2.0
end temperature: 0.3 noise parameter: 2.0
********************Start from stage I
Step 400, BEST PSNR: 26.472931, Total loss 0.004296 with its rate 0.25471389293670654 latent_bits 33385.859375

🏆 Best Candidate Final PSNR: 26.52, Rate: 0.2495
Masked_INR(
  (upsampling_2d): Upsampling(
    (conv_transpose2d): UpsamplingConvTranspose2d()
  )
  (arm): Arm(
    (mlp): Sequential(
      (0): ArmConv(
        (conv1_1): Conv1d(16, 16, kernel_size=(1,), stride=(1,))
      )
      (1): GELU(approximate='none')
      (2): ArmConv(
        (conv1_1): Conv1d(16, 16, kernel_size=(1,), stride=(1,))
      )
      (3): GELU(approximate='none')
      (4): ArmConv(
        (conv1_1): Conv1d(16, 2, kernel_size=(1,), stride=(1,))
      )
    )
  )
  (conv_mod): LocalGlobalBlock(
    (net): Sequential(
      (0): Sequential(
        (0): SynthesisLayer(
          (pad): ReplicationPad2d((0, 0, 0, 0))
          (conv_layer): Conv2d(2, 3, kernel_size=(1, 1), stride=(1, 1))
          (non_linearity): GELU(approximate='none')
        )
      )
      (1): Sequential(
        (0): SynthesisResidualLayer(
          (pad): ReplicationPad2d((0, 0, 0, 0))
          (conv_layer): Conv2d(3, 3, kernel_size=(1, 1), stride=(1, 1))
          (non_linearity): GELU(approximate='none')
        )
      )
      (2): Sequential(
        (0): SynthesisResidualLayer(
          (pad): ReplicationPad2d((0, 0, 0, 0))
          (conv_layer): Conv2d(3, 3, kernel_size=(1, 1), stride=(1, 1))
          (non_linearity): GELU(approximate='none')
        )
      )
      (3): Sequential(
        (0): SynthesisResidualLayer(
          (pad): ReplicationPad2d((0, 0, 0, 0))
          (conv_layer): Conv2d(3, 3, kernel_size=(1, 1), stride=(1, 1))
          (non_linearity): Identity()
        )
      )
    )
    (global_net): Sequential(
      (0): SynthesisLayer(
        (pad): ReplicationPad2d((0, 0, 0, 0))
        (conv_layer): Conv2d(2, 3, kernel_size=(1, 1), stride=(1, 1))
        (non_linearity): GELU(approximate='none')
      )
      (1): SynthesisResidualLayer(
        (pad): ReplicationPad2d((0, 0, 0, 0))
        (conv_layer): Conv2d(3, 3, kernel_size=(1, 1), stride=(1, 1))
        (non_linearity): GELU(approximate='none')
      )
      (2): SynthesisResidualLayer(
        (pad): ReplicationPad2d((0, 0, 0, 0))
        (conv_layer): Conv2d(3, 3, kernel_size=(1, 1), stride=(1, 1))
        (non_linearity): GELU(approximate='none')
      )
      (3): SynthesisResidualLayer(
        (pad): ReplicationPad2d((0, 0, 0, 0))
        (conv_layer): Conv2d(3, 3, kernel_size=(1, 1), stride=(1, 1))
        (non_linearity): Identity()
      )
    )
    (agg_func): Sequential(
      (0): Sequential(
        (0): SynthesisLayer(
          (pad): ReplicationPad2d((0, 0, 0, 0))
          (conv_layer): Conv2d(18, 3, kernel_size=(1, 1), stride=(1, 1))
          (non_linearity): GELU(approximate='none')
        )
      )
      (1): Sequential(
        (0): SynthesisLayer(
          (pad): ReplicationPad2d((0, 0, 0, 0))
          (conv_layer): Conv2d(21, 3, kernel_size=(1, 1), stride=(1, 1))
          (non_linearity): GELU(approximate='none')
        )
      )
      (2): Sequential(
        (0): SynthesisLayer(
          (pad): ReplicationPad2d((0, 0, 0, 0))
          (conv_layer): Conv2d(24, 3, kernel_size=(1, 1), stride=(1, 1))
          (non_linearity): GELU(approximate='none')
        )
      )
    )
    (full_net): Sequential(
      (0): SynthesisLayer(
        (pad): ReplicationPad2d((0, 0, 0, 0))
        (conv_layer): Conv2d(7, 12, kernel_size=(1, 1), stride=(1, 1))
        (non_linearity): GELU(approximate='none')
      )
      (1): SynthesisLayer(
        (pad): ReplicationPad2d((0, 0, 0, 0))
        (conv_layer): Conv2d(12, 3, kernel_size=(1, 1), stride=(1, 1))
        (non_linearity): GELU(approximate='none')
      )
      (2): SynthesisResidualLayer(
        (pad): ReplicationPad2d((1, 1, 1, 1))
        (conv_layer): Conv2d(3, 3, kernel_size=(3, 3), stride=(1, 1))
        (non_linearity): GELU(approximate='none')
      )
      (3): SynthesisResidualLayer(
        (pad): ReplicationPad2d((1, 1, 1, 1))
        (conv_layer): Conv2d(3, 3, kernel_size=(3, 3), stride=(1, 1))
        (non_linearity): GELU(approximate='none')
      )
    )
  )
  (modulation_sf): ParameterList(
      (0): Parameter containing: [torch.float32 of size 1x1x4x8 (cuda:0)]
      (1): Parameter containing: [torch.float32 of size 1x1x8x16 (cuda:0)]
      (2): Parameter containing: [torch.float32 of size 1x1x16x32 (cuda:0)]
      (3): Parameter containing: [torch.float32 of size 1x1x32x64 (cuda:0)]
      (4): Parameter containing: [torch.float32 of size 1x1x64x128 (cuda:0)]
      (5): Parameter containing: [torch.float32 of size 1x1x128x256 (cuda:0)]
      (6): Parameter containing: [torch.float32 of size 1x1x256x512 (cuda:0)]
  )
)
train the 0 -th image
start temperature: 0.3 noise parameter: 2.0
end temperature: 0.1 noise parameter: 1.0
********************Start from stage I
********************going into stage II
eval_object_psnr: 33.88098537295734
eval_background_psnr: 29.1251848213673
eval_background_psnr: 29.1251848213673
********************Evaluation the Image 0-th, after Step 9999, BEST PSNR: 27.871939, Print rate 0.135134. *************************
Saved model at ./saved/modbase_7/context_16_arm_mod_16/sparity_0.0/inr_mod_16KODAK_ROI_Global_new_struture_7_12_3_33_orderconcat_operator_0_pw_0.00802_img_object0.pth
Trained the image with PSNR: 27.871939248428458  latent bits 0.13513363897800446 latent bits number 17712.236328125
[np.float64(27.871939248428458)]
[0.13513363897800446]
[17712.236328125]
load the model: ./saved/modbase_7/context_16_arm_mod_16/sparity_0.0/inr_mod_16KODAK_ROI_Global_new_struture_7_12_3_33_orderconcat_operator_0_pw_0.00802_img_object0.pth for the  0 -th image
********************Evalutation with quantization
********************Starting quantizing models
eval_object_psnr: 33.7703730594047
full_image_psnr: 27.76396112684845
object_psnr: 33.7703730594047
background_psnr: 29.018087937097835
********************Evaluation the Image 0-th, BEST PSNR: 27.763961, Print rate 0.136584, Network rate 0.077324. *************************
Evaluate the image: PSNR: 27.76396112684845 All bits: 0.21390745043754578  latent bits: 0.13658353686332703  network bits: 0.07732391357421875
Evaluate arm network bits: 0.03725433349609375 Evaluate synthesis network bits: 0.03664398193359375
Image All bits num: 28037.27734375 latent bits num: 17902.27734375 mlp bits num: 10135.0 border bits num:
arm bits num: 4883.0 synthesis bits num: 4803.0
[np.float64(27.76396112684845)]
[0.21390745043754578]
[28037.27734375]
Metrics saved to ./experiments/results.csv
Current eval Ave PSNR: 27.76396112684845 Ave Bits 0.21390745043754578
.......Copmlete all dataset training......
Ave Training PSNR: 27.871939248428458 Ave Training Bits 0.13513363897800446
Training PSNR: [np.float64(27.871939248428458)]
Training rate: [0.13513363897800446]
Evalutation: Ave Eval PSNR: 27.76396112684845 Ave Eval all bits: 0.21390745043754578 Ave Eval Bits 0.13658353686332703 Ave Eval Network 0.07732391357421875
Eval All PSNR: [np.float64(27.76396112684845)]
Eval All rate [0.21390745043754578]
Eval Latent rate [0.13658353686332703]
Eval MLP rate [0.07732391357421875]
Namespace(batch_size=1, lr=0.01, data='../data', sparsity=0.0, local_upsampling_kernel_size=8, upsampling_kernel_size=8, static_upsampling_kernel=False, latent_factor=1, mod_base=7, highest_flag=1, context_arm=16, dim_arm_mod=16, use_candidate=True, type='other', mod_hid_layer=0, sythesis_features=12, hidden_features=64, hidden_layer=2, scale=1, lambda_rate=0.00604, lambda_rate_list=[0.01, 0.00802, 0.00604, 0.00406, 0.00208, 0.0001], start_index=0, mask_type='erp', wsmse_tag=1, swhdc_tag=0, workdir='./experiments', train_steps_1=100000, train_steps_2=10000, patch_h=256, patch_w=512, all_pix_num=131072, eval_pix_num=131072)
Directory './saved/modbase_7/context_16_arm_mod_16' already exists.
Directory './saved/modbase_7/context_16_arm_mod_16/sparity_0.0' already exists.
top %: 0.0

🔁 Stage-1 Training Candidate 1/7
Quantizer parameter: encoding gain  16
total pixel: 131072
Get Mod with shape torch.Size([1, 1, 4, 8]) at layer: 1
Get Mod with shape torch.Size([1, 1, 8, 16]) at layer: 2
Get Mod with shape torch.Size([1, 1, 16, 32]) at layer: 3
Get Mod with shape torch.Size([1, 1, 32, 64]) at layer: 4
Get Mod with shape torch.Size([1, 1, 64, 128]) at layer: 5
Get Mod with shape torch.Size([1, 1, 128, 256]) at layer: 6
Get Mod with shape torch.Size([1, 1, 256, 512]) at layer: 7
start temperature: 0.3 noise parameter: 2.0
end temperature: 0.3 noise parameter: 2.0
********************Start from stage I
Step 400, BEST PSNR: 26.281130, Total loss 0.003858 with its rate 0.2488594651222229 latent_bits 32618.5078125

🔁 Stage-1 Training Candidate 2/7
Quantizer parameter: encoding gain  16
total pixel: 131072
Get Mod with shape torch.Size([1, 1, 4, 8]) at layer: 1
Get Mod with shape torch.Size([1, 1, 8, 16]) at layer: 2
Get Mod with shape torch.Size([1, 1, 16, 32]) at layer: 3
Get Mod with shape torch.Size([1, 1, 32, 64]) at layer: 4
Get Mod with shape torch.Size([1, 1, 64, 128]) at layer: 5
Get Mod with shape torch.Size([1, 1, 128, 256]) at layer: 6
Get Mod with shape torch.Size([1, 1, 256, 512]) at layer: 7
start temperature: 0.3 noise parameter: 2.0
end temperature: 0.3 noise parameter: 2.0
********************Start from stage I
Step 400, BEST PSNR: 25.601318, Total loss 0.004274 with its rate 0.25169897079467773 latent_bits 32990.6875

🔁 Stage-1 Training Candidate 3/7
Quantizer parameter: encoding gain  16
total pixel: 131072
Get Mod with shape torch.Size([1, 1, 4, 8]) at layer: 1
Get Mod with shape torch.Size([1, 1, 8, 16]) at layer: 2
Get Mod with shape torch.Size([1, 1, 16, 32]) at layer: 3
Get Mod with shape torch.Size([1, 1, 32, 64]) at layer: 4
Get Mod with shape torch.Size([1, 1, 64, 128]) at layer: 5
Get Mod with shape torch.Size([1, 1, 128, 256]) at layer: 6
Get Mod with shape torch.Size([1, 1, 256, 512]) at layer: 7
start temperature: 0.3 noise parameter: 2.0
end temperature: 0.3 noise parameter: 2.0
********************Start from stage I
Step 400, BEST PSNR: 25.860399, Total loss 0.004114 with its rate 0.25163495540618896 latent_bits 32982.296875

🔁 Stage-1 Training Candidate 4/7
Quantizer parameter: encoding gain  16
total pixel: 131072
Get Mod with shape torch.Size([1, 1, 4, 8]) at layer: 1
Get Mod with shape torch.Size([1, 1, 8, 16]) at layer: 2
Get Mod with shape torch.Size([1, 1, 16, 32]) at layer: 3
Get Mod with shape torch.Size([1, 1, 32, 64]) at layer: 4
Get Mod with shape torch.Size([1, 1, 64, 128]) at layer: 5
Get Mod with shape torch.Size([1, 1, 128, 256]) at layer: 6
Get Mod with shape torch.Size([1, 1, 256, 512]) at layer: 7
start temperature: 0.3 noise parameter: 2.0
end temperature: 0.3 noise parameter: 2.0
********************Start from stage I
Step 400, BEST PSNR: 26.246395, Total loss 0.003913 with its rate 0.2549760043621063 latent_bits 33420.21484375

🔁 Stage-1 Training Candidate 5/7
Quantizer parameter: encoding gain  16
total pixel: 131072
Get Mod with shape torch.Size([1, 1, 4, 8]) at layer: 1
Get Mod with shape torch.Size([1, 1, 8, 16]) at layer: 2
Get Mod with shape torch.Size([1, 1, 16, 32]) at layer: 3
Get Mod with shape torch.Size([1, 1, 32, 64]) at layer: 4
Get Mod with shape torch.Size([1, 1, 64, 128]) at layer: 5
Get Mod with shape torch.Size([1, 1, 128, 256]) at layer: 6
Get Mod with shape torch.Size([1, 1, 256, 512]) at layer: 7
start temperature: 0.3 noise parameter: 2.0
end temperature: 0.3 noise parameter: 2.0
********************Start from stage I
Step 400, BEST PSNR: 26.092397, Total loss 0.004006 with its rate 0.2561480700969696 latent_bits 33573.83984375

🔁 Stage-1 Training Candidate 6/7
Quantizer parameter: encoding gain  16
total pixel: 131072
Get Mod with shape torch.Size([1, 1, 4, 8]) at layer: 1
Get Mod with shape torch.Size([1, 1, 8, 16]) at layer: 2
Get Mod with shape torch.Size([1, 1, 16, 32]) at layer: 3
Get Mod with shape torch.Size([1, 1, 32, 64]) at layer: 4
Get Mod with shape torch.Size([1, 1, 64, 128]) at layer: 5
Get Mod with shape torch.Size([1, 1, 128, 256]) at layer: 6
Get Mod with shape torch.Size([1, 1, 256, 512]) at layer: 7
start temperature: 0.3 noise parameter: 2.0
end temperature: 0.3 noise parameter: 2.0
********************Start from stage I
Step 400, BEST PSNR: 25.693898, Total loss 0.004219 with its rate 0.2521880269050598 latent_bits 33054.7890625

🔁 Stage-1 Training Candidate 7/7
Quantizer parameter: encoding gain  16
total pixel: 131072
Get Mod with shape torch.Size([1, 1, 4, 8]) at layer: 1
Get Mod with shape torch.Size([1, 1, 8, 16]) at layer: 2
Get Mod with shape torch.Size([1, 1, 16, 32]) at layer: 3
Get Mod with shape torch.Size([1, 1, 32, 64]) at layer: 4
Get Mod with shape torch.Size([1, 1, 64, 128]) at layer: 5
Get Mod with shape torch.Size([1, 1, 128, 256]) at layer: 6
Get Mod with shape torch.Size([1, 1, 256, 512]) at layer: 7
start temperature: 0.3 noise parameter: 2.0
end temperature: 0.3 noise parameter: 2.0
********************Start from stage I
Step 400, BEST PSNR: 26.151094, Total loss 0.003941 with its rate 0.2507663071155548 latent_bits 32868.44140625

🌟 Selected Top-3 Candidates by RD cost

🎯 Stage-2 Refining Candidate 1/3
start temperature: 0.3 noise parameter: 2.0
end temperature: 0.3 noise parameter: 2.0
********************Start from stage I
Step 400, BEST PSNR: 26.869199, Total loss 0.003749 with its rate 0.280322402715683 latent_bits 36742.41796875

🎯 Stage-2 Refining Candidate 2/3
start temperature: 0.3 noise parameter: 2.0
end temperature: 0.3 noise parameter: 2.0
********************Start from stage I
Step 400, BEST PSNR: 26.882207, Total loss 0.003773 with its rate 0.28528717160224915 latent_bits 37393.16015625

🎯 Stage-2 Refining Candidate 3/3
start temperature: 0.3 noise parameter: 2.0
end temperature: 0.3 noise parameter: 2.0
********************Start from stage I
Step 400, BEST PSNR: 26.883601, Total loss 0.003823 with its rate 0.29369133710861206 latent_bits 38494.7109375

🏆 Best Candidate Final PSNR: 26.87, Rate: 0.2803
Masked_INR(
  (upsampling_2d): Upsampling(
    (conv_transpose2d): UpsamplingConvTranspose2d()
  )
  (arm): Arm(
    (mlp): Sequential(
      (0): ArmConv(
        (conv1_1): Conv1d(16, 16, kernel_size=(1,), stride=(1,))
      )
      (1): GELU(approximate='none')
      (2): ArmConv(
        (conv1_1): Conv1d(16, 16, kernel_size=(1,), stride=(1,))
      )
      (3): GELU(approximate='none')
      (4): ArmConv(
        (conv1_1): Conv1d(16, 2, kernel_size=(1,), stride=(1,))
      )
    )
  )
  (conv_mod): LocalGlobalBlock(
    (net): Sequential(
      (0): Sequential(
        (0): SynthesisLayer(
          (pad): ReplicationPad2d((0, 0, 0, 0))
          (conv_layer): Conv2d(2, 3, kernel_size=(1, 1), stride=(1, 1))
          (non_linearity): GELU(approximate='none')
        )
      )
      (1): Sequential(
        (0): SynthesisResidualLayer(
          (pad): ReplicationPad2d((0, 0, 0, 0))
          (conv_layer): Conv2d(3, 3, kernel_size=(1, 1), stride=(1, 1))
          (non_linearity): GELU(approximate='none')
        )
      )
      (2): Sequential(
        (0): SynthesisResidualLayer(
          (pad): ReplicationPad2d((0, 0, 0, 0))
          (conv_layer): Conv2d(3, 3, kernel_size=(1, 1), stride=(1, 1))
          (non_linearity): GELU(approximate='none')
        )
      )
      (3): Sequential(
        (0): SynthesisResidualLayer(
          (pad): ReplicationPad2d((0, 0, 0, 0))
          (conv_layer): Conv2d(3, 3, kernel_size=(1, 1), stride=(1, 1))
          (non_linearity): Identity()
        )
      )
    )
    (global_net): Sequential(
      (0): SynthesisLayer(
        (pad): ReplicationPad2d((0, 0, 0, 0))
        (conv_layer): Conv2d(2, 3, kernel_size=(1, 1), stride=(1, 1))
        (non_linearity): GELU(approximate='none')
      )
      (1): SynthesisResidualLayer(
        (pad): ReplicationPad2d((0, 0, 0, 0))
        (conv_layer): Conv2d(3, 3, kernel_size=(1, 1), stride=(1, 1))
        (non_linearity): GELU(approximate='none')
      )
      (2): SynthesisResidualLayer(
        (pad): ReplicationPad2d((0, 0, 0, 0))
        (conv_layer): Conv2d(3, 3, kernel_size=(1, 1), stride=(1, 1))
        (non_linearity): GELU(approximate='none')
      )
      (3): SynthesisResidualLayer(
        (pad): ReplicationPad2d((0, 0, 0, 0))
        (conv_layer): Conv2d(3, 3, kernel_size=(1, 1), stride=(1, 1))
        (non_linearity): Identity()
      )
    )
    (agg_func): Sequential(
      (0): Sequential(
        (0): SynthesisLayer(
          (pad): ReplicationPad2d((0, 0, 0, 0))
          (conv_layer): Conv2d(18, 3, kernel_size=(1, 1), stride=(1, 1))
          (non_linearity): GELU(approximate='none')
        )
      )
      (1): Sequential(
        (0): SynthesisLayer(
          (pad): ReplicationPad2d((0, 0, 0, 0))
          (conv_layer): Conv2d(21, 3, kernel_size=(1, 1), stride=(1, 1))
          (non_linearity): GELU(approximate='none')
        )
      )
      (2): Sequential(
        (0): SynthesisLayer(
          (pad): ReplicationPad2d((0, 0, 0, 0))
          (conv_layer): Conv2d(24, 3, kernel_size=(1, 1), stride=(1, 1))
          (non_linearity): GELU(approximate='none')
        )
      )
    )
    (full_net): Sequential(
      (0): SynthesisLayer(
        (pad): ReplicationPad2d((0, 0, 0, 0))
        (conv_layer): Conv2d(7, 12, kernel_size=(1, 1), stride=(1, 1))
        (non_linearity): GELU(approximate='none')
      )
      (1): SynthesisLayer(
        (pad): ReplicationPad2d((0, 0, 0, 0))
        (conv_layer): Conv2d(12, 3, kernel_size=(1, 1), stride=(1, 1))
        (non_linearity): GELU(approximate='none')
      )
      (2): SynthesisResidualLayer(
        (pad): ReplicationPad2d((1, 1, 1, 1))
        (conv_layer): Conv2d(3, 3, kernel_size=(3, 3), stride=(1, 1))
        (non_linearity): GELU(approximate='none')
      )
      (3): SynthesisResidualLayer(
        (pad): ReplicationPad2d((1, 1, 1, 1))
        (conv_layer): Conv2d(3, 3, kernel_size=(3, 3), stride=(1, 1))
        (non_linearity): GELU(approximate='none')
      )
    )
  )
  (modulation_sf): ParameterList(
      (0): Parameter containing: [torch.float32 of size 1x1x4x8 (cuda:0)]
      (1): Parameter containing: [torch.float32 of size 1x1x8x16 (cuda:0)]
      (2): Parameter containing: [torch.float32 of size 1x1x16x32 (cuda:0)]
      (3): Parameter containing: [torch.float32 of size 1x1x32x64 (cuda:0)]
      (4): Parameter containing: [torch.float32 of size 1x1x64x128 (cuda:0)]
      (5): Parameter containing: [torch.float32 of size 1x1x128x256 (cuda:0)]
      (6): Parameter containing: [torch.float32 of size 1x1x256x512 (cuda:0)]
  )
)
train the 0 -th image
start temperature: 0.3 noise parameter: 2.0
end temperature: 0.1 noise parameter: 1.0
********************Start from stage I
********************going into stage II
eval_object_psnr: 34.55373874765871
eval_background_psnr: 29.562852695657142
eval_background_psnr: 29.562852695657142
********************Evaluation the Image 0-th, after Step 9999, BEST PSNR: 28.367351, Print rate 0.160457. *************************
Saved model at ./saved/modbase_7/context_16_arm_mod_16/sparity_0.0/inr_mod_16KODAK_ROI_Global_new_struture_7_12_3_33_orderconcat_operator_0_pw_0.00604_img_object0.pth
Trained the image with PSNR: 28.36735081477726  latent bits 0.1604573130607605 latent bits number 21031.4609375
[np.float64(28.36735081477726)]
[0.1604573130607605]
[21031.4609375]
load the model: ./saved/modbase_7/context_16_arm_mod_16/sparity_0.0/inr_mod_16KODAK_ROI_Global_new_struture_7_12_3_33_orderconcat_operator_0_pw_0.00604_img_object0.pth for the  0 -th image
********************Evalutation with quantization
********************Starting quantizing models
eval_object_psnr: 34.453118670673184
full_image_psnr: 28.30746223894377
object_psnr: 34.453118670673184
background_psnr: 29.515951841618516
********************Evaluation the Image 0-th, BEST PSNR: 28.307462, Print rate 0.164179, Network rate 0.075035. *************************
Evaluate the image: PSNR: 28.30746223894377 All bits: 0.2392144501209259  latent bits: 0.16417935490608215  network bits: 0.07503509521484375
Evaluate arm network bits: 0.033294677734375 Evaluate synthesis network bits: 0.039093017578125
Image All bits num: 31354.31640625 latent bits num: 21519.31640625 mlp bits num: 9835.0 border bits num:
arm bits num: 4364.0 synthesis bits num: 5124.0
[np.float64(28.30746223894377)]
[0.2392144501209259]
[31354.31640625]
Metrics saved to ./experiments/results.csv
Current eval Ave PSNR: 28.30746223894377 Ave Bits 0.2392144501209259
.......Copmlete all dataset training......
Ave Training PSNR: 28.36735081477726 Ave Training Bits 0.1604573130607605
Training PSNR: [np.float64(28.36735081477726)]
Training rate: [0.1604573130607605]
Evalutation: Ave Eval PSNR: 28.30746223894377 Ave Eval all bits: 0.2392144501209259 Ave Eval Bits 0.16417935490608215 Ave Eval Network 0.07503509521484375
Eval All PSNR: [np.float64(28.30746223894377)]
Eval All rate [0.2392144501209259]
Eval Latent rate [0.16417935490608215]
Eval MLP rate [0.07503509521484375]
Namespace(batch_size=1, lr=0.01, data='../data', sparsity=0.0, local_upsampling_kernel_size=8, upsampling_kernel_size=8, static_upsampling_kernel=False, latent_factor=1, mod_base=7, highest_flag=1, context_arm=16, dim_arm_mod=16, use_candidate=True, type='other', mod_hid_layer=0, sythesis_features=12, hidden_features=64, hidden_layer=2, scale=1, lambda_rate=0.00406, lambda_rate_list=[0.01, 0.00802, 0.00604, 0.00406, 0.00208, 0.0001], start_index=0, mask_type='erp', wsmse_tag=1, swhdc_tag=0, workdir='./experiments', train_steps_1=100000, train_steps_2=10000, patch_h=256, patch_w=512, all_pix_num=131072, eval_pix_num=131072)
Directory './saved/modbase_7/context_16_arm_mod_16' already exists.
Directory './saved/modbase_7/context_16_arm_mod_16/sparity_0.0' already exists.
top %: 0.0

🔁 Stage-1 Training Candidate 1/7
Quantizer parameter: encoding gain  16
total pixel: 131072
Get Mod with shape torch.Size([1, 1, 4, 8]) at layer: 1
Get Mod with shape torch.Size([1, 1, 8, 16]) at layer: 2
Get Mod with shape torch.Size([1, 1, 16, 32]) at layer: 3
Get Mod with shape torch.Size([1, 1, 32, 64]) at layer: 4
Get Mod with shape torch.Size([1, 1, 64, 128]) at layer: 5
Get Mod with shape torch.Size([1, 1, 128, 256]) at layer: 6
Get Mod with shape torch.Size([1, 1, 256, 512]) at layer: 7
start temperature: 0.3 noise parameter: 2.0
end temperature: 0.3 noise parameter: 2.0
********************Start from stage I
Step 400, BEST PSNR: 27.480677, Total loss 0.003245 with its rate 0.3593224883079529 latent_bits 47097.1171875

🔁 Stage-1 Training Candidate 2/7
Quantizer parameter: encoding gain  16
total pixel: 131072
Get Mod with shape torch.Size([1, 1, 4, 8]) at layer: 1
Get Mod with shape torch.Size([1, 1, 8, 16]) at layer: 2
Get Mod with shape torch.Size([1, 1, 16, 32]) at layer: 3
Get Mod with shape torch.Size([1, 1, 32, 64]) at layer: 4
Get Mod with shape torch.Size([1, 1, 64, 128]) at layer: 5
Get Mod with shape torch.Size([1, 1, 128, 256]) at layer: 6
Get Mod with shape torch.Size([1, 1, 256, 512]) at layer: 7
start temperature: 0.3 noise parameter: 2.0
end temperature: 0.3 noise parameter: 2.0
********************Start from stage I
Step 400, BEST PSNR: 26.879884, Total loss 0.003526 with its rate 0.363208532333374 latent_bits 47606.46875

🔁 Stage-1 Training Candidate 3/7
Quantizer parameter: encoding gain  16
total pixel: 131072
Get Mod with shape torch.Size([1, 1, 4, 8]) at layer: 1
Get Mod with shape torch.Size([1, 1, 8, 16]) at layer: 2
Get Mod with shape torch.Size([1, 1, 16, 32]) at layer: 3
Get Mod with shape torch.Size([1, 1, 32, 64]) at layer: 4
Get Mod with shape torch.Size([1, 1, 64, 128]) at layer: 5
Get Mod with shape torch.Size([1, 1, 128, 256]) at layer: 6
Get Mod with shape torch.Size([1, 1, 256, 512]) at layer: 7
start temperature: 0.3 noise parameter: 2.0
end temperature: 0.3 noise parameter: 2.0
********************Start from stage I
Step 400, BEST PSNR: 26.954602, Total loss 0.003509 with its rate 0.36759692430496216 latent_bits 48181.6640625

🔁 Stage-1 Training Candidate 4/7
Quantizer parameter: encoding gain  16
total pixel: 131072
Get Mod with shape torch.Size([1, 1, 4, 8]) at layer: 1
Get Mod with shape torch.Size([1, 1, 8, 16]) at layer: 2
Get Mod with shape torch.Size([1, 1, 16, 32]) at layer: 3
Get Mod with shape torch.Size([1, 1, 32, 64]) at layer: 4
Get Mod with shape torch.Size([1, 1, 64, 128]) at layer: 5
Get Mod with shape torch.Size([1, 1, 128, 256]) at layer: 6
Get Mod with shape torch.Size([1, 1, 256, 512]) at layer: 7
start temperature: 0.3 noise parameter: 2.0
end temperature: 0.3 noise parameter: 2.0
********************Start from stage I
Step 400, BEST PSNR: 27.238352, Total loss 0.003289 with its rate 0.34490808844566345 latent_bits 45207.79296875

🔁 Stage-1 Training Candidate 5/7
Quantizer parameter: encoding gain  16
total pixel: 131072
Get Mod with shape torch.Size([1, 1, 4, 8]) at layer: 1
Get Mod with shape torch.Size([1, 1, 8, 16]) at layer: 2
Get Mod with shape torch.Size([1, 1, 16, 32]) at layer: 3
Get Mod with shape torch.Size([1, 1, 32, 64]) at layer: 4
Get Mod with shape torch.Size([1, 1, 64, 128]) at layer: 5
Get Mod with shape torch.Size([1, 1, 128, 256]) at layer: 6
Get Mod with shape torch.Size([1, 1, 256, 512]) at layer: 7
start temperature: 0.3 noise parameter: 2.0
end temperature: 0.3 noise parameter: 2.0
********************Start from stage I
Step 400, BEST PSNR: 27.425712, Total loss 0.003306 with its rate 0.368812620639801 latent_bits 48341.0078125

🔁 Stage-1 Training Candidate 6/7
Quantizer parameter: encoding gain  16
total pixel: 131072
Get Mod with shape torch.Size([1, 1, 4, 8]) at layer: 1
Get Mod with shape torch.Size([1, 1, 8, 16]) at layer: 2
Get Mod with shape torch.Size([1, 1, 16, 32]) at layer: 3
Get Mod with shape torch.Size([1, 1, 32, 64]) at layer: 4
Get Mod with shape torch.Size([1, 1, 64, 128]) at layer: 5
Get Mod with shape torch.Size([1, 1, 128, 256]) at layer: 6
Get Mod with shape torch.Size([1, 1, 256, 512]) at layer: 7
start temperature: 0.3 noise parameter: 2.0
end temperature: 0.3 noise parameter: 2.0
********************Start from stage I
Step 400, BEST PSNR: 26.279612, Total loss 0.003548 with its rate 0.29372870922088623 latent_bits 38499.609375

🔁 Stage-1 Training Candidate 7/7
Quantizer parameter: encoding gain  16
total pixel: 131072
Get Mod with shape torch.Size([1, 1, 4, 8]) at layer: 1
Get Mod with shape torch.Size([1, 1, 8, 16]) at layer: 2
Get Mod with shape torch.Size([1, 1, 16, 32]) at layer: 3
Get Mod with shape torch.Size([1, 1, 32, 64]) at layer: 4
Get Mod with shape torch.Size([1, 1, 64, 128]) at layer: 5
Get Mod with shape torch.Size([1, 1, 128, 256]) at layer: 6
Get Mod with shape torch.Size([1, 1, 256, 512]) at layer: 7
start temperature: 0.3 noise parameter: 2.0
end temperature: 0.3 noise parameter: 2.0
********************Start from stage I
Step 400, BEST PSNR: 27.299065, Total loss 0.003316 with its rate 0.35809648036956787 latent_bits 46936.421875

🌟 Selected Top-3 Candidates by RD cost

🎯 Stage-2 Refining Candidate 1/3
start temperature: 0.3 noise parameter: 2.0
end temperature: 0.3 noise parameter: 2.0
********************Start from stage I
Step 400, BEST PSNR: 28.400374, Total loss 0.003022 with its rate 0.3883100152015686 latent_bits 50896.5703125

🎯 Stage-2 Refining Candidate 2/3
start temperature: 0.3 noise parameter: 2.0
end temperature: 0.3 noise parameter: 2.0
********************Start from stage I
Step 400, BEST PSNR: 27.949581, Total loss 0.003160 with its rate 0.3833763599395752 latent_bits 50249.90625

🎯 Stage-2 Refining Candidate 3/3
start temperature: 0.3 noise parameter: 2.0
end temperature: 0.3 noise parameter: 2.0
********************Start from stage I
Step 400, BEST PSNR: 28.105159, Total loss 0.003148 with its rate 0.3943271040916443 latent_bits 51685.2421875

🏆 Best Candidate Final PSNR: 28.40, Rate: 0.3883
Masked_INR(
  (upsampling_2d): Upsampling(
    (conv_transpose2d): UpsamplingConvTranspose2d()
  )
  (arm): Arm(
    (mlp): Sequential(
      (0): ArmConv(
        (conv1_1): Conv1d(16, 16, kernel_size=(1,), stride=(1,))
      )
      (1): GELU(approximate='none')
      (2): ArmConv(
        (conv1_1): Conv1d(16, 16, kernel_size=(1,), stride=(1,))
      )
      (3): GELU(approximate='none')
      (4): ArmConv(
        (conv1_1): Conv1d(16, 2, kernel_size=(1,), stride=(1,))
      )
    )
  )
  (conv_mod): LocalGlobalBlock(
    (net): Sequential(
      (0): Sequential(
        (0): SynthesisLayer(
          (pad): ReplicationPad2d((0, 0, 0, 0))
          (conv_layer): Conv2d(2, 3, kernel_size=(1, 1), stride=(1, 1))
          (non_linearity): GELU(approximate='none')
        )
      )
      (1): Sequential(
        (0): SynthesisResidualLayer(
          (pad): ReplicationPad2d((0, 0, 0, 0))
          (conv_layer): Conv2d(3, 3, kernel_size=(1, 1), stride=(1, 1))
          (non_linearity): GELU(approximate='none')
        )
      )
      (2): Sequential(
        (0): SynthesisResidualLayer(
          (pad): ReplicationPad2d((0, 0, 0, 0))
          (conv_layer): Conv2d(3, 3, kernel_size=(1, 1), stride=(1, 1))
          (non_linearity): GELU(approximate='none')
        )
      )
      (3): Sequential(
        (0): SynthesisResidualLayer(
          (pad): ReplicationPad2d((0, 0, 0, 0))
          (conv_layer): Conv2d(3, 3, kernel_size=(1, 1), stride=(1, 1))
          (non_linearity): Identity()
        )
      )
    )
    (global_net): Sequential(
      (0): SynthesisLayer(
        (pad): ReplicationPad2d((0, 0, 0, 0))
        (conv_layer): Conv2d(2, 3, kernel_size=(1, 1), stride=(1, 1))
        (non_linearity): GELU(approximate='none')
      )
      (1): SynthesisResidualLayer(
        (pad): ReplicationPad2d((0, 0, 0, 0))
        (conv_layer): Conv2d(3, 3, kernel_size=(1, 1), stride=(1, 1))
        (non_linearity): GELU(approximate='none')
      )
      (2): SynthesisResidualLayer(
        (pad): ReplicationPad2d((0, 0, 0, 0))
        (conv_layer): Conv2d(3, 3, kernel_size=(1, 1), stride=(1, 1))
        (non_linearity): GELU(approximate='none')
      )
      (3): SynthesisResidualLayer(
        (pad): ReplicationPad2d((0, 0, 0, 0))
        (conv_layer): Conv2d(3, 3, kernel_size=(1, 1), stride=(1, 1))
        (non_linearity): Identity()
      )
    )
    (agg_func): Sequential(
      (0): Sequential(
        (0): SynthesisLayer(
          (pad): ReplicationPad2d((0, 0, 0, 0))
          (conv_layer): Conv2d(18, 3, kernel_size=(1, 1), stride=(1, 1))
          (non_linearity): GELU(approximate='none')
        )
      )
      (1): Sequential(
        (0): SynthesisLayer(
          (pad): ReplicationPad2d((0, 0, 0, 0))
          (conv_layer): Conv2d(21, 3, kernel_size=(1, 1), stride=(1, 1))
          (non_linearity): GELU(approximate='none')
        )
      )
      (2): Sequential(
        (0): SynthesisLayer(
          (pad): ReplicationPad2d((0, 0, 0, 0))
          (conv_layer): Conv2d(24, 3, kernel_size=(1, 1), stride=(1, 1))
          (non_linearity): GELU(approximate='none')
        )
      )
    )
    (full_net): Sequential(
      (0): SynthesisLayer(
        (pad): ReplicationPad2d((0, 0, 0, 0))
        (conv_layer): Conv2d(7, 12, kernel_size=(1, 1), stride=(1, 1))
        (non_linearity): GELU(approximate='none')
      )
      (1): SynthesisLayer(
        (pad): ReplicationPad2d((0, 0, 0, 0))
        (conv_layer): Conv2d(12, 3, kernel_size=(1, 1), stride=(1, 1))
        (non_linearity): GELU(approximate='none')
      )
      (2): SynthesisResidualLayer(
        (pad): ReplicationPad2d((1, 1, 1, 1))
        (conv_layer): Conv2d(3, 3, kernel_size=(3, 3), stride=(1, 1))
        (non_linearity): GELU(approximate='none')
      )
      (3): SynthesisResidualLayer(
        (pad): ReplicationPad2d((1, 1, 1, 1))
        (conv_layer): Conv2d(3, 3, kernel_size=(3, 3), stride=(1, 1))
        (non_linearity): GELU(approximate='none')
      )
    )
  )
  (modulation_sf): ParameterList(
      (0): Parameter containing: [torch.float32 of size 1x1x4x8 (cuda:0)]
      (1): Parameter containing: [torch.float32 of size 1x1x8x16 (cuda:0)]
      (2): Parameter containing: [torch.float32 of size 1x1x16x32 (cuda:0)]
      (3): Parameter containing: [torch.float32 of size 1x1x32x64 (cuda:0)]
      (4): Parameter containing: [torch.float32 of size 1x1x64x128 (cuda:0)]
      (5): Parameter containing: [torch.float32 of size 1x1x128x256 (cuda:0)]
      (6): Parameter containing: [torch.float32 of size 1x1x256x512 (cuda:0)]
  )
)
train the 0 -th image
start temperature: 0.3 noise parameter: 2.0
end temperature: 0.1 noise parameter: 1.0
********************Start from stage I
********************going into stage II
eval_object_psnr: 35.44414266440653
eval_background_psnr: 30.9460644073526
eval_background_psnr: 30.9460644073526
********************Evaluation the Image 0-th, after Step 9999, BEST PSNR: 29.626766, Print rate 0.239837. *************************
Saved model at ./saved/modbase_7/context_16_arm_mod_16/sparity_0.0/inr_mod_16KODAK_ROI_Global_new_struture_7_12_3_33_orderconcat_operator_0_pw_0.00406_img_object0.pth
Trained the image with PSNR: 29.626766122029693  latent bits 0.23983703553676605 latent bits number 31435.919921875
[np.float64(29.626766122029693)]
[0.23983703553676605]
[31435.919921875]
load the model: ./saved/modbase_7/context_16_arm_mod_16/sparity_0.0/inr_mod_16KODAK_ROI_Global_new_struture_7_12_3_33_orderconcat_operator_0_pw_0.00406_img_object0.pth for the  0 -th image
********************Evalutation with quantization
********************Starting quantizing models
eval_object_psnr: 35.370818278979584
full_image_psnr: 29.55960844293734
object_psnr: 35.370818278979584
background_psnr: 30.881097057595884
********************Evaluation the Image 0-th, BEST PSNR: 29.559608, Print rate 0.241591, Network rate 0.076561. *************************
Evaluate the image: PSNR: 29.55960844293734 All bits: 0.31815218925476074  latent bits: 0.241591215133667  network bits: 0.07656097412109375
Evaluate arm network bits: 0.03395843505859375 Evaluate synthesis network bits: 0.0395965576171875
Image All bits num: 41700.84375 latent bits num: 31665.84375 mlp bits num: 10035.0 border bits num:
arm bits num: 4451.0 synthesis bits num: 5190.0
[np.float64(29.55960844293734)]
[0.31815218925476074]
[41700.84375]
Metrics saved to ./experiments/results.csv
Current eval Ave PSNR: 29.55960844293734 Ave Bits 0.31815218925476074
.......Copmlete all dataset training......
Ave Training PSNR: 29.626766122029693 Ave Training Bits 0.23983703553676605
Training PSNR: [np.float64(29.626766122029693)]
Training rate: [0.23983703553676605]
Evalutation: Ave Eval PSNR: 29.55960844293734 Ave Eval all bits: 0.31815218925476074 Ave Eval Bits 0.241591215133667 Ave Eval Network 0.07656097412109375
Eval All PSNR: [np.float64(29.55960844293734)]
Eval All rate [0.31815218925476074]
Eval Latent rate [0.241591215133667]
Eval MLP rate [0.07656097412109375]
Namespace(batch_size=1, lr=0.01, data='../data', sparsity=0.0, local_upsampling_kernel_size=8, upsampling_kernel_size=8, static_upsampling_kernel=False, latent_factor=1, mod_base=7, highest_flag=1, context_arm=16, dim_arm_mod=16, use_candidate=True, type='other', mod_hid_layer=0, sythesis_features=12, hidden_features=64, hidden_layer=2, scale=1, lambda_rate=0.00208, lambda_rate_list=[0.01, 0.00802, 0.00604, 0.00406, 0.00208, 0.0001], start_index=0, mask_type='erp', wsmse_tag=1, swhdc_tag=0, workdir='./experiments', train_steps_1=100000, train_steps_2=10000, patch_h=256, patch_w=512, all_pix_num=131072, eval_pix_num=131072)
Directory './saved/modbase_7/context_16_arm_mod_16' already exists.
Directory './saved/modbase_7/context_16_arm_mod_16/sparity_0.0' already exists.
top %: 0.0

🔁 Stage-1 Training Candidate 1/7
Quantizer parameter: encoding gain  16
total pixel: 131072
Get Mod with shape torch.Size([1, 1, 4, 8]) at layer: 1
Get Mod with shape torch.Size([1, 1, 8, 16]) at layer: 2
Get Mod with shape torch.Size([1, 1, 16, 32]) at layer: 3
Get Mod with shape torch.Size([1, 1, 32, 64]) at layer: 4
Get Mod with shape torch.Size([1, 1, 64, 128]) at layer: 5
Get Mod with shape torch.Size([1, 1, 128, 256]) at layer: 6
Get Mod with shape torch.Size([1, 1, 256, 512]) at layer: 7
start temperature: 0.3 noise parameter: 2.0
end temperature: 0.3 noise parameter: 2.0
********************Start from stage I
Step 400, BEST PSNR: 28.941095, Total loss 0.002412 with its rate 0.5462189316749573 latent_bits 71594.0078125

🔁 Stage-1 Training Candidate 2/7
Quantizer parameter: encoding gain  16
total pixel: 131072
Get Mod with shape torch.Size([1, 1, 4, 8]) at layer: 1
Get Mod with shape torch.Size([1, 1, 8, 16]) at layer: 2
Get Mod with shape torch.Size([1, 1, 16, 32]) at layer: 3
Get Mod with shape torch.Size([1, 1, 32, 64]) at layer: 4
Get Mod with shape torch.Size([1, 1, 64, 128]) at layer: 5
Get Mod with shape torch.Size([1, 1, 128, 256]) at layer: 6
Get Mod with shape torch.Size([1, 1, 256, 512]) at layer: 7
start temperature: 0.3 noise parameter: 2.0
end temperature: 0.3 noise parameter: 2.0
********************Start from stage I
Step 400, BEST PSNR: 28.460442, Total loss 0.002573 with its rate 0.5518254041671753 latent_bits 72328.859375

🔁 Stage-1 Training Candidate 3/7
Quantizer parameter: encoding gain  16
total pixel: 131072
Get Mod with shape torch.Size([1, 1, 4, 8]) at layer: 1
Get Mod with shape torch.Size([1, 1, 8, 16]) at layer: 2
Get Mod with shape torch.Size([1, 1, 16, 32]) at layer: 3
Get Mod with shape torch.Size([1, 1, 32, 64]) at layer: 4
Get Mod with shape torch.Size([1, 1, 64, 128]) at layer: 5
Get Mod with shape torch.Size([1, 1, 128, 256]) at layer: 6
Get Mod with shape torch.Size([1, 1, 256, 512]) at layer: 7
start temperature: 0.3 noise parameter: 2.0
end temperature: 0.3 noise parameter: 2.0
********************Start from stage I
Step 400, BEST PSNR: 28.238361, Total loss 0.002652 with its rate 0.5537234544754028 latent_bits 72577.640625

🔁 Stage-1 Training Candidate 4/7
Quantizer parameter: encoding gain  16
total pixel: 131072
Get Mod with shape torch.Size([1, 1, 4, 8]) at layer: 1
Get Mod with shape torch.Size([1, 1, 8, 16]) at layer: 2
Get Mod with shape torch.Size([1, 1, 16, 32]) at layer: 3
Get Mod with shape torch.Size([1, 1, 32, 64]) at layer: 4
Get Mod with shape torch.Size([1, 1, 64, 128]) at layer: 5
Get Mod with shape torch.Size([1, 1, 128, 256]) at layer: 6
Get Mod with shape torch.Size([1, 1, 256, 512]) at layer: 7
start temperature: 0.3 noise parameter: 2.0
end temperature: 0.3 noise parameter: 2.0
********************Start from stage I
Step 400, BEST PSNR: 29.307929, Total loss 0.002304 with its rate 0.5440562963485718 latent_bits 71310.546875

🔁 Stage-1 Training Candidate 5/7
Quantizer parameter: encoding gain  16
total pixel: 131072
Get Mod with shape torch.Size([1, 1, 4, 8]) at layer: 1
Get Mod with shape torch.Size([1, 1, 8, 16]) at layer: 2
Get Mod with shape torch.Size([1, 1, 16, 32]) at layer: 3
Get Mod with shape torch.Size([1, 1, 32, 64]) at layer: 4
Get Mod with shape torch.Size([1, 1, 64, 128]) at layer: 5
Get Mod with shape torch.Size([1, 1, 128, 256]) at layer: 6
Get Mod with shape torch.Size([1, 1, 256, 512]) at layer: 7
start temperature: 0.3 noise parameter: 2.0
end temperature: 0.3 noise parameter: 2.0
********************Start from stage I
Step 400, BEST PSNR: 28.651868, Total loss 0.002519 with its rate 0.5551093220710754 latent_bits 72759.2890625

🔁 Stage-1 Training Candidate 6/7
Quantizer parameter: encoding gain  16
total pixel: 131072
Get Mod with shape torch.Size([1, 1, 4, 8]) at layer: 1
Get Mod with shape torch.Size([1, 1, 8, 16]) at layer: 2
Get Mod with shape torch.Size([1, 1, 16, 32]) at layer: 3
Get Mod with shape torch.Size([1, 1, 32, 64]) at layer: 4
Get Mod with shape torch.Size([1, 1, 64, 128]) at layer: 5
Get Mod with shape torch.Size([1, 1, 128, 256]) at layer: 6
Get Mod with shape torch.Size([1, 1, 256, 512]) at layer: 7
start temperature: 0.3 noise parameter: 2.0
end temperature: 0.3 noise parameter: 2.0
********************Start from stage I
Step 400, BEST PSNR: 29.205027, Total loss 0.002339 with its rate 0.5469640493392944 latent_bits 71691.671875

🔁 Stage-1 Training Candidate 7/7
Quantizer parameter: encoding gain  16
total pixel: 131072
Get Mod with shape torch.Size([1, 1, 4, 8]) at layer: 1
Get Mod with shape torch.Size([1, 1, 8, 16]) at layer: 2
Get Mod with shape torch.Size([1, 1, 16, 32]) at layer: 3
Get Mod with shape torch.Size([1, 1, 32, 64]) at layer: 4
Get Mod with shape torch.Size([1, 1, 64, 128]) at layer: 5
Get Mod with shape torch.Size([1, 1, 128, 256]) at layer: 6
Get Mod with shape torch.Size([1, 1, 256, 512]) at layer: 7
start temperature: 0.3 noise parameter: 2.0
end temperature: 0.3 noise parameter: 2.0
********************Start from stage I
Step 400, BEST PSNR: 28.949040, Total loss 0.002401 with its rate 0.5420407056808472 latent_bits 71046.359375

🌟 Selected Top-3 Candidates by RD cost

🎯 Stage-2 Refining Candidate 1/3
start temperature: 0.3 noise parameter: 2.0
end temperature: 0.3 noise parameter: 2.0
********************Start from stage I
Step 400, BEST PSNR: 29.923431, Total loss 0.002218 with its rate 0.5768197774887085 latent_bits 75604.921875

🎯 Stage-2 Refining Candidate 2/3
start temperature: 0.3 noise parameter: 2.0
end temperature: 0.3 noise parameter: 2.0
********************Start from stage I
Step 400, BEST PSNR: 30.025742, Total loss 0.002179 with its rate 0.569656491279602 latent_bits 74666.015625

🎯 Stage-2 Refining Candidate 3/3
start temperature: 0.3 noise parameter: 2.0
end temperature: 0.3 noise parameter: 2.0
********************Start from stage I
Step 400, BEST PSNR: 29.876456, Total loss 0.002224 with its rate 0.5747370719909668 latent_bits 75331.9375

🏆 Best Candidate Final PSNR: 30.03, Rate: 0.5697
Masked_INR(
  (upsampling_2d): Upsampling(
    (conv_transpose2d): UpsamplingConvTranspose2d()
  )
  (arm): Arm(
    (mlp): Sequential(
      (0): ArmConv(
        (conv1_1): Conv1d(16, 16, kernel_size=(1,), stride=(1,))
      )
      (1): GELU(approximate='none')
      (2): ArmConv(
        (conv1_1): Conv1d(16, 16, kernel_size=(1,), stride=(1,))
      )
      (3): GELU(approximate='none')
      (4): ArmConv(
        (conv1_1): Conv1d(16, 2, kernel_size=(1,), stride=(1,))
      )
    )
  )
  (conv_mod): LocalGlobalBlock(
    (net): Sequential(
      (0): Sequential(
        (0): SynthesisLayer(
          (pad): ReplicationPad2d((0, 0, 0, 0))
          (conv_layer): Conv2d(2, 3, kernel_size=(1, 1), stride=(1, 1))
          (non_linearity): GELU(approximate='none')
        )
      )
      (1): Sequential(
        (0): SynthesisResidualLayer(
          (pad): ReplicationPad2d((0, 0, 0, 0))
          (conv_layer): Conv2d(3, 3, kernel_size=(1, 1), stride=(1, 1))
          (non_linearity): GELU(approximate='none')
        )
      )
      (2): Sequential(
        (0): SynthesisResidualLayer(
          (pad): ReplicationPad2d((0, 0, 0, 0))
          (conv_layer): Conv2d(3, 3, kernel_size=(1, 1), stride=(1, 1))
          (non_linearity): GELU(approximate='none')
        )
      )
      (3): Sequential(
        (0): SynthesisResidualLayer(
          (pad): ReplicationPad2d((0, 0, 0, 0))
          (conv_layer): Conv2d(3, 3, kernel_size=(1, 1), stride=(1, 1))
          (non_linearity): Identity()
        )
      )
    )
    (global_net): Sequential(
      (0): SynthesisLayer(
        (pad): ReplicationPad2d((0, 0, 0, 0))
        (conv_layer): Conv2d(2, 3, kernel_size=(1, 1), stride=(1, 1))
        (non_linearity): GELU(approximate='none')
      )
      (1): SynthesisResidualLayer(
        (pad): ReplicationPad2d((0, 0, 0, 0))
        (conv_layer): Conv2d(3, 3, kernel_size=(1, 1), stride=(1, 1))
        (non_linearity): GELU(approximate='none')
      )
      (2): SynthesisResidualLayer(
        (pad): ReplicationPad2d((0, 0, 0, 0))
        (conv_layer): Conv2d(3, 3, kernel_size=(1, 1), stride=(1, 1))
        (non_linearity): GELU(approximate='none')
      )
      (3): SynthesisResidualLayer(
        (pad): ReplicationPad2d((0, 0, 0, 0))
        (conv_layer): Conv2d(3, 3, kernel_size=(1, 1), stride=(1, 1))
        (non_linearity): Identity()
      )
    )
    (agg_func): Sequential(
      (0): Sequential(
        (0): SynthesisLayer(
          (pad): ReplicationPad2d((0, 0, 0, 0))
          (conv_layer): Conv2d(18, 3, kernel_size=(1, 1), stride=(1, 1))
          (non_linearity): GELU(approximate='none')
        )
      )
      (1): Sequential(
        (0): SynthesisLayer(
          (pad): ReplicationPad2d((0, 0, 0, 0))
          (conv_layer): Conv2d(21, 3, kernel_size=(1, 1), stride=(1, 1))
          (non_linearity): GELU(approximate='none')
        )
      )
      (2): Sequential(
        (0): SynthesisLayer(
          (pad): ReplicationPad2d((0, 0, 0, 0))
          (conv_layer): Conv2d(24, 3, kernel_size=(1, 1), stride=(1, 1))
          (non_linearity): GELU(approximate='none')
        )
      )
    )
    (full_net): Sequential(
      (0): SynthesisLayer(
        (pad): ReplicationPad2d((0, 0, 0, 0))
        (conv_layer): Conv2d(7, 12, kernel_size=(1, 1), stride=(1, 1))
        (non_linearity): GELU(approximate='none')
      )
      (1): SynthesisLayer(
        (pad): ReplicationPad2d((0, 0, 0, 0))
        (conv_layer): Conv2d(12, 3, kernel_size=(1, 1), stride=(1, 1))
        (non_linearity): GELU(approximate='none')
      )
      (2): SynthesisResidualLayer(
        (pad): ReplicationPad2d((1, 1, 1, 1))
        (conv_layer): Conv2d(3, 3, kernel_size=(3, 3), stride=(1, 1))
        (non_linearity): GELU(approximate='none')
      )
      (3): SynthesisResidualLayer(
        (pad): ReplicationPad2d((1, 1, 1, 1))
        (conv_layer): Conv2d(3, 3, kernel_size=(3, 3), stride=(1, 1))
        (non_linearity): GELU(approximate='none')
      )
    )
  )
  (modulation_sf): ParameterList(
      (0): Parameter containing: [torch.float32 of size 1x1x4x8 (cuda:0)]
      (1): Parameter containing: [torch.float32 of size 1x1x8x16 (cuda:0)]
      (2): Parameter containing: [torch.float32 of size 1x1x16x32 (cuda:0)]
      (3): Parameter containing: [torch.float32 of size 1x1x32x64 (cuda:0)]
      (4): Parameter containing: [torch.float32 of size 1x1x64x128 (cuda:0)]
      (5): Parameter containing: [torch.float32 of size 1x1x128x256 (cuda:0)]
      (6): Parameter containing: [torch.float32 of size 1x1x256x512 (cuda:0)]
  )
)
train the 0 -th image
start temperature: 0.3 noise parameter: 2.0
end temperature: 0.1 noise parameter: 1.0
********************Start from stage I
********************going into stage II
eval_object_psnr: 37.02327565575593
eval_background_psnr: 32.95230273392957
eval_background_psnr: 32.95230273392957
********************Evaluation the Image 0-th, after Step 9999, BEST PSNR: 31.516989, Print rate 0.378373. *************************
Saved model at ./saved/modbase_7/context_16_arm_mod_16/sparity_0.0/inr_mod_16KODAK_ROI_Global_new_struture_7_12_3_33_orderconcat_operator_0_pw_0.00208_img_object0.pth
Trained the image with PSNR: 31.516989434457532  latent bits 0.3783726394176483 latent bits number 49594.05859375
[np.float64(31.516989434457532)]
[0.3783726394176483]
[49594.05859375]
load the model: ./saved/modbase_7/context_16_arm_mod_16/sparity_0.0/inr_mod_16KODAK_ROI_Global_new_struture_7_12_3_33_orderconcat_operator_0_pw_0.00208_img_object0.pth for the  0 -th image
********************Evalutation with quantization
********************Starting quantizing models
eval_object_psnr: 36.97338274387081
full_image_psnr: 31.43124589949393
object_psnr: 36.97338274387081
background_psnr: 32.852598285525715
********************Evaluation the Image 0-th, BEST PSNR: 31.431246, Print rate 0.383335, Network rate 0.076271. *************************
Evaluate the image: PSNR: 31.43124589949393 All bits: 0.45960646867752075  latent bits: 0.3833354115486145  network bits: 0.07627105712890625
Evaluate arm network bits: 0.0330810546875 Evaluate synthesis network bits: 0.03923797607421875
Image All bits num: 60241.5390625 latent bits num: 50244.5390625 mlp bits num: 9997.0 border bits num:
arm bits num: 4336.0 synthesis bits num: 5143.0
[np.float64(31.43124589949393)]
[0.45960646867752075]
[60241.5390625]
Metrics saved to ./experiments/results.csv
Current eval Ave PSNR: 31.43124589949393 Ave Bits 0.45960646867752075
.......Copmlete all dataset training......
Ave Training PSNR: 31.516989434457532 Ave Training Bits 0.3783726394176483
Training PSNR: [np.float64(31.516989434457532)]
Training rate: [0.3783726394176483]
Evalutation: Ave Eval PSNR: 31.43124589949393 Ave Eval all bits: 0.45960646867752075 Ave Eval Bits 0.3833354115486145 Ave Eval Network 0.07627105712890625
Eval All PSNR: [np.float64(31.43124589949393)]
Eval All rate [0.45960646867752075]
Eval Latent rate [0.3833354115486145]
Eval MLP rate [0.07627105712890625]
Namespace(batch_size=1, lr=0.01, data='../data', sparsity=0.0, local_upsampling_kernel_size=8, upsampling_kernel_size=8, static_upsampling_kernel=False, latent_factor=1, mod_base=7, highest_flag=1, context_arm=16, dim_arm_mod=16, use_candidate=True, type='other', mod_hid_layer=0, sythesis_features=12, hidden_features=64, hidden_layer=2, scale=1, lambda_rate=0.0001, lambda_rate_list=[0.01, 0.00802, 0.00604, 0.00406, 0.00208, 0.0001], start_index=0, mask_type='erp', wsmse_tag=1, swhdc_tag=0, workdir='./experiments', train_steps_1=100000, train_steps_2=10000, patch_h=256, patch_w=512, all_pix_num=131072, eval_pix_num=131072)
Directory './saved/modbase_7/context_16_arm_mod_16' already exists.
Directory './saved/modbase_7/context_16_arm_mod_16/sparity_0.0' already exists.
top %: 0.0

🔁 Stage-1 Training Candidate 1/7
Quantizer parameter: encoding gain  16
total pixel: 131072
Get Mod with shape torch.Size([1, 1, 4, 8]) at layer: 1
Get Mod with shape torch.Size([1, 1, 8, 16]) at layer: 2
Get Mod with shape torch.Size([1, 1, 16, 32]) at layer: 3
Get Mod with shape torch.Size([1, 1, 32, 64]) at layer: 4
Get Mod with shape torch.Size([1, 1, 64, 128]) at layer: 5
Get Mod with shape torch.Size([1, 1, 128, 256]) at layer: 6
Get Mod with shape torch.Size([1, 1, 256, 512]) at layer: 7
start temperature: 0.3 noise parameter: 2.0
end temperature: 0.3 noise parameter: 2.0
********************Start from stage I
Step 400, BEST PSNR: 31.608484, Total loss 0.000855 with its rate 1.641615867614746 latent_bits 215169.875

🔁 Stage-1 Training Candidate 2/7
Quantizer parameter: encoding gain  16
total pixel: 131072
Get Mod with shape torch.Size([1, 1, 4, 8]) at layer: 1
Get Mod with shape torch.Size([1, 1, 8, 16]) at layer: 2
Get Mod with shape torch.Size([1, 1, 16, 32]) at layer: 3
Get Mod with shape torch.Size([1, 1, 32, 64]) at layer: 4
Get Mod with shape torch.Size([1, 1, 64, 128]) at layer: 5
Get Mod with shape torch.Size([1, 1, 128, 256]) at layer: 6
Get Mod with shape torch.Size([1, 1, 256, 512]) at layer: 7
start temperature: 0.3 noise parameter: 2.0
end temperature: 0.3 noise parameter: 2.0
********************Start from stage I
Step 400, BEST PSNR: 32.332562, Total loss 0.000754 with its rate 1.7002017498016357 latent_bits 222848.84375

🔁 Stage-1 Training Candidate 3/7
Quantizer parameter: encoding gain  16
total pixel: 131072
Get Mod with shape torch.Size([1, 1, 4, 8]) at layer: 1
Get Mod with shape torch.Size([1, 1, 8, 16]) at layer: 2
Get Mod with shape torch.Size([1, 1, 16, 32]) at layer: 3
Get Mod with shape torch.Size([1, 1, 32, 64]) at layer: 4
Get Mod with shape torch.Size([1, 1, 64, 128]) at layer: 5
Get Mod with shape torch.Size([1, 1, 128, 256]) at layer: 6
Get Mod with shape torch.Size([1, 1, 256, 512]) at layer: 7
start temperature: 0.3 noise parameter: 2.0
end temperature: 0.3 noise parameter: 2.0
********************Start from stage I
Step 400, BEST PSNR: 30.358069, Total loss 0.001081 with its rate 1.6036138534545898 latent_bits 210188.875

🔁 Stage-1 Training Candidate 4/7
Quantizer parameter: encoding gain  16
total pixel: 131072
Get Mod with shape torch.Size([1, 1, 4, 8]) at layer: 1
Get Mod with shape torch.Size([1, 1, 8, 16]) at layer: 2
Get Mod with shape torch.Size([1, 1, 16, 32]) at layer: 3
Get Mod with shape torch.Size([1, 1, 32, 64]) at layer: 4
Get Mod with shape torch.Size([1, 1, 64, 128]) at layer: 5
Get Mod with shape torch.Size([1, 1, 128, 256]) at layer: 6
Get Mod with shape torch.Size([1, 1, 256, 512]) at layer: 7
start temperature: 0.3 noise parameter: 2.0
end temperature: 0.3 noise parameter: 2.0
********************Start from stage I
Step 400, BEST PSNR: 33.363148, Total loss 0.000637 with its rate 1.7645282745361328 latent_bits 231280.25

🔁 Stage-1 Training Candidate 5/7
Quantizer parameter: encoding gain  16
total pixel: 131072
Get Mod with shape torch.Size([1, 1, 4, 8]) at layer: 1
Get Mod with shape torch.Size([1, 1, 8, 16]) at layer: 2
Get Mod with shape torch.Size([1, 1, 16, 32]) at layer: 3
Get Mod with shape torch.Size([1, 1, 32, 64]) at layer: 4
Get Mod with shape torch.Size([1, 1, 64, 128]) at layer: 5
Get Mod with shape torch.Size([1, 1, 128, 256]) at layer: 6
Get Mod with shape torch.Size([1, 1, 256, 512]) at layer: 7
start temperature: 0.3 noise parameter: 2.0
end temperature: 0.3 noise parameter: 2.0
********************Start from stage I
Step 400, BEST PSNR: 30.556185, Total loss 0.001052 with its rate 1.7226581573486328 latent_bits 225792.25

🔁 Stage-1 Training Candidate 6/7
Quantizer parameter: encoding gain  16
total pixel: 131072
Get Mod with shape torch.Size([1, 1, 4, 8]) at layer: 1
Get Mod with shape torch.Size([1, 1, 8, 16]) at layer: 2
Get Mod with shape torch.Size([1, 1, 16, 32]) at layer: 3
Get Mod with shape torch.Size([1, 1, 32, 64]) at layer: 4
Get Mod with shape torch.Size([1, 1, 64, 128]) at layer: 5
Get Mod with shape torch.Size([1, 1, 128, 256]) at layer: 6
Get Mod with shape torch.Size([1, 1, 256, 512]) at layer: 7
start temperature: 0.3 noise parameter: 2.0
end temperature: 0.3 noise parameter: 2.0
********************Start from stage I
Step 400, BEST PSNR: 31.074607, Total loss 0.000951 with its rate 1.7039287090301514 latent_bits 223337.34375

🔁 Stage-1 Training Candidate 7/7
Quantizer parameter: encoding gain  16
total pixel: 131072
Get Mod with shape torch.Size([1, 1, 4, 8]) at layer: 1
Get Mod with shape torch.Size([1, 1, 8, 16]) at layer: 2
Get Mod with shape torch.Size([1, 1, 16, 32]) at layer: 3
Get Mod with shape torch.Size([1, 1, 32, 64]) at layer: 4
Get Mod with shape torch.Size([1, 1, 64, 128]) at layer: 5
Get Mod with shape torch.Size([1, 1, 128, 256]) at layer: 6
Get Mod with shape torch.Size([1, 1, 256, 512]) at layer: 7
start temperature: 0.3 noise parameter: 2.0
end temperature: 0.3 noise parameter: 2.0
********************Start from stage I
Step 400, BEST PSNR: 32.799471, Total loss 0.000688 with its rate 1.6353224515914917 latent_bits 214344.984375

🌟 Selected Top-3 Candidates by RD cost

🎯 Stage-2 Refining Candidate 1/3
start temperature: 0.3 noise parameter: 2.0
end temperature: 0.3 noise parameter: 2.0
********************Start from stage I
Step 400, BEST PSNR: 34.630186, Total loss 0.000528 with its rate 1.8356817960739136 latent_bits 240606.484375

🎯 Stage-2 Refining Candidate 2/3
start temperature: 0.3 noise parameter: 2.0
end temperature: 0.3 noise parameter: 2.0
********************Start from stage I
Step 400, BEST PSNR: 34.907704, Total loss 0.000498 with its rate 1.7466946840286255 latent_bits 228942.765625

🎯 Stage-2 Refining Candidate 3/3
start temperature: 0.3 noise parameter: 2.0
end temperature: 0.3 noise parameter: 2.0
********************Start from stage I
Step 400, BEST PSNR: 35.648405, Total loss 0.000450 with its rate 1.7759908437728882 latent_bits 232782.671875

🏆 Best Candidate Final PSNR: 35.65, Rate: 1.7760
Masked_INR(
  (upsampling_2d): Upsampling(
    (conv_transpose2d): UpsamplingConvTranspose2d()
  )
  (arm): Arm(
    (mlp): Sequential(
      (0): ArmConv(
        (conv1_1): Conv1d(16, 16, kernel_size=(1,), stride=(1,))
      )
      (1): GELU(approximate='none')
      (2): ArmConv(
        (conv1_1): Conv1d(16, 16, kernel_size=(1,), stride=(1,))
      )
      (3): GELU(approximate='none')
      (4): ArmConv(
        (conv1_1): Conv1d(16, 2, kernel_size=(1,), stride=(1,))
      )
    )
  )
  (conv_mod): LocalGlobalBlock(
    (net): Sequential(
      (0): Sequential(
        (0): SynthesisLayer(
          (pad): ReplicationPad2d((0, 0, 0, 0))
          (conv_layer): Conv2d(2, 3, kernel_size=(1, 1), stride=(1, 1))
          (non_linearity): GELU(approximate='none')
        )
      )
      (1): Sequential(
        (0): SynthesisResidualLayer(
          (pad): ReplicationPad2d((0, 0, 0, 0))
          (conv_layer): Conv2d(3, 3, kernel_size=(1, 1), stride=(1, 1))
          (non_linearity): GELU(approximate='none')
        )
      )
      (2): Sequential(
        (0): SynthesisResidualLayer(
          (pad): ReplicationPad2d((0, 0, 0, 0))
          (conv_layer): Conv2d(3, 3, kernel_size=(1, 1), stride=(1, 1))
          (non_linearity): GELU(approximate='none')
        )
      )
      (3): Sequential(
        (0): SynthesisResidualLayer(
          (pad): ReplicationPad2d((0, 0, 0, 0))
          (conv_layer): Conv2d(3, 3, kernel_size=(1, 1), stride=(1, 1))
          (non_linearity): Identity()
        )
      )
    )
    (global_net): Sequential(
      (0): SynthesisLayer(
        (pad): ReplicationPad2d((0, 0, 0, 0))
        (conv_layer): Conv2d(2, 3, kernel_size=(1, 1), stride=(1, 1))
        (non_linearity): GELU(approximate='none')
      )
      (1): SynthesisResidualLayer(
        (pad): ReplicationPad2d((0, 0, 0, 0))
        (conv_layer): Conv2d(3, 3, kernel_size=(1, 1), stride=(1, 1))
        (non_linearity): GELU(approximate='none')
      )
      (2): SynthesisResidualLayer(
        (pad): ReplicationPad2d((0, 0, 0, 0))
        (conv_layer): Conv2d(3, 3, kernel_size=(1, 1), stride=(1, 1))
        (non_linearity): GELU(approximate='none')
      )
      (3): SynthesisResidualLayer(
        (pad): ReplicationPad2d((0, 0, 0, 0))
        (conv_layer): Conv2d(3, 3, kernel_size=(1, 1), stride=(1, 1))
        (non_linearity): Identity()
      )
    )
    (agg_func): Sequential(
      (0): Sequential(
        (0): SynthesisLayer(
          (pad): ReplicationPad2d((0, 0, 0, 0))
          (conv_layer): Conv2d(18, 3, kernel_size=(1, 1), stride=(1, 1))
          (non_linearity): GELU(approximate='none')
        )
      )
      (1): Sequential(
        (0): SynthesisLayer(
          (pad): ReplicationPad2d((0, 0, 0, 0))
          (conv_layer): Conv2d(21, 3, kernel_size=(1, 1), stride=(1, 1))
          (non_linearity): GELU(approximate='none')
        )
      )
      (2): Sequential(
        (0): SynthesisLayer(
          (pad): ReplicationPad2d((0, 0, 0, 0))
          (conv_layer): Conv2d(24, 3, kernel_size=(1, 1), stride=(1, 1))
          (non_linearity): GELU(approximate='none')
        )
      )
    )
    (full_net): Sequential(
      (0): SynthesisLayer(
        (pad): ReplicationPad2d((0, 0, 0, 0))
        (conv_layer): Conv2d(7, 12, kernel_size=(1, 1), stride=(1, 1))
        (non_linearity): GELU(approximate='none')
      )
      (1): SynthesisLayer(
        (pad): ReplicationPad2d((0, 0, 0, 0))
        (conv_layer): Conv2d(12, 3, kernel_size=(1, 1), stride=(1, 1))
        (non_linearity): GELU(approximate='none')
      )
      (2): SynthesisResidualLayer(
        (pad): ReplicationPad2d((1, 1, 1, 1))
        (conv_layer): Conv2d(3, 3, kernel_size=(3, 3), stride=(1, 1))
        (non_linearity): GELU(approximate='none')
      )
      (3): SynthesisResidualLayer(
        (pad): ReplicationPad2d((1, 1, 1, 1))
        (conv_layer): Conv2d(3, 3, kernel_size=(3, 3), stride=(1, 1))
        (non_linearity): GELU(approximate='none')
      )
    )
  )
  (modulation_sf): ParameterList(
      (0): Parameter containing: [torch.float32 of size 1x1x4x8 (cuda:0)]
      (1): Parameter containing: [torch.float32 of size 1x1x8x16 (cuda:0)]
      (2): Parameter containing: [torch.float32 of size 1x1x16x32 (cuda:0)]
      (3): Parameter containing: [torch.float32 of size 1x1x32x64 (cuda:0)]
      (4): Parameter containing: [torch.float32 of size 1x1x64x128 (cuda:0)]
      (5): Parameter containing: [torch.float32 of size 1x1x128x256 (cuda:0)]
      (6): Parameter containing: [torch.float32 of size 1x1x256x512 (cuda:0)]
  )
)
train the 0 -th image
start temperature: 0.3 noise parameter: 2.0
end temperature: 0.1 noise parameter: 1.0
********************Start from stage I
********************going into stage II
eval_object_psnr: 45.09886841704145
eval_background_psnr: 41.47385442069522
eval_background_psnr: 41.47385442069522
********************Evaluation the Image 0-th, after Step 9999, BEST PSNR: 39.908336, Print rate 1.680990. *************************
Saved model at ./saved/modbase_7/context_16_arm_mod_16/sparity_0.0/inr_mod_16KODAK_ROI_Global_new_struture_7_12_3_33_orderconcat_operator_0_pw_0.0001_img_object0.pth
Trained the image with PSNR: 39.90833590486055  latent bits 1.680990219116211 latent bits number 220330.75
[np.float64(39.90833590486055)]
[1.680990219116211]
[220330.75]
load the model: ./saved/modbase_7/context_16_arm_mod_16/sparity_0.0/inr_mod_16KODAK_ROI_Global_new_struture_7_12_3_33_orderconcat_operator_0_pw_0.0001_img_object0.pth for the  0 -th image
********************Evalutation with quantization
********************Starting quantizing models
eval_object_psnr: 45.08001853249045
full_image_psnr: 39.8820351477505
object_psnr: 45.08001853249045
background_psnr: 41.44432367079655
********************Evaluation the Image 0-th, BEST PSNR: 39.882035, Print rate 1.686117, Network rate 0.087097. *************************
Evaluate the image: PSNR: 39.8820351477505 All bits: 1.7732141017913818  latent bits: 1.6861169338226318  network bits: 0.08709716796875
Evaluate arm network bits: 0.03577423095703125 Evaluate synthesis network bits: 0.0469512939453125
Image All bits num: 232418.71875 latent bits num: 221002.71875 mlp bits num: 11416.0 border bits num:
arm bits num: 4689.0 synthesis bits num: 6154.0
[np.float64(39.8820351477505)]
[1.7732141017913818]
[232418.71875]
Metrics saved to ./experiments/results.csv
Current eval Ave PSNR: 39.8820351477505 Ave Bits 1.7732141017913818
.......Copmlete all dataset training......
Ave Training PSNR: 39.90833590486055 Ave Training Bits 1.680990219116211
Training PSNR: [np.float64(39.90833590486055)]
Training rate: [1.680990219116211]
Evalutation: Ave Eval PSNR: 39.8820351477505 Ave Eval all bits: 1.7732141017913818 Ave Eval Bits 1.6861169338226318 Ave Eval Network 0.08709716796875
Eval All PSNR: [np.float64(39.8820351477505)]
Eval All rate [1.7732141017913818]
Eval Latent rate [1.6861169338226318]
Eval MLP rate [0.08709716796875]
======== ALL Results ========
Lambda = 0.01:
  all_psnr: [np.float64(27.431815090255334)]
  all_rate: [0.11294117569923401]
  all_rate_num: [14803.42578125]
  eval_all_psnr: [np.float64(27.352092884557454)]
  eval_all_y_rate: [0.11909551173448563]
  eval_all_y_rate_num: [15610.0869140625]
  eval_all_mlp_rate: [0.06818389892578125]
  eval_all_mlp_rate_num: [8937.0]
  eval_all_arm_rate: [0.02872467041015625]
  eval_all_arm_rate_num: [3765.0]
  eval_all_conv_rate: [0.0364227294921875]
  eval_all_conv_rate_num: [4774.0]
  eval_all_border_rate: [0.0]
  eval_all_border_rate_num: [0]
  eval_all_total_rate [[0.18727941066026688]]
  eval_all_total_rate_num [[24547.0869140625]]
---------------------------------
Lambda = 0.00802:
  all_psnr: [np.float64(27.871939248428458)]
  all_rate: [0.13513363897800446]
  all_rate_num: [17712.236328125]
  eval_all_psnr: [np.float64(27.76396112684845)]
  eval_all_y_rate: [0.13658353686332703]
  eval_all_y_rate_num: [17902.27734375]
  eval_all_mlp_rate: [0.07732391357421875]
  eval_all_mlp_rate_num: [10135.0]
  eval_all_arm_rate: [0.03725433349609375]
  eval_all_arm_rate_num: [4883.0]
  eval_all_conv_rate: [0.03664398193359375]
  eval_all_conv_rate_num: [4803.0]
  eval_all_border_rate: [0.0]
  eval_all_border_rate_num: [0]
  eval_all_total_rate [[0.21390745043754578]]
  eval_all_total_rate_num [[28037.27734375]]
---------------------------------
Lambda = 0.00604:
  all_psnr: [np.float64(28.36735081477726)]
  all_rate: [0.1604573130607605]
  all_rate_num: [21031.4609375]
  eval_all_psnr: [np.float64(28.30746223894377)]
  eval_all_y_rate: [0.16417935490608215]
  eval_all_y_rate_num: [21519.31640625]
  eval_all_mlp_rate: [0.07503509521484375]
  eval_all_mlp_rate_num: [9835.0]
  eval_all_arm_rate: [0.033294677734375]
  eval_all_arm_rate_num: [4364.0]
  eval_all_conv_rate: [0.039093017578125]
  eval_all_conv_rate_num: [5124.0]
  eval_all_border_rate: [0.0]
  eval_all_border_rate_num: [0]
  eval_all_total_rate [[0.2392144501209259]]
  eval_all_total_rate_num [[31354.31640625]]
---------------------------------
Lambda = 0.00406:
  all_psnr: [np.float64(29.626766122029693)]
  all_rate: [0.23983703553676605]
  all_rate_num: [31435.919921875]
  eval_all_psnr: [np.float64(29.55960844293734)]
  eval_all_y_rate: [0.241591215133667]
  eval_all_y_rate_num: [31665.84375]
  eval_all_mlp_rate: [0.07656097412109375]
  eval_all_mlp_rate_num: [10035.0]
  eval_all_arm_rate: [0.03395843505859375]
  eval_all_arm_rate_num: [4451.0]
  eval_all_conv_rate: [0.0395965576171875]
  eval_all_conv_rate_num: [5190.0]
  eval_all_border_rate: [0.0]
  eval_all_border_rate_num: [0]
  eval_all_total_rate [[0.31815218925476074]]
  eval_all_total_rate_num [[41700.84375]]
---------------------------------
Lambda = 0.00208:
  all_psnr: [np.float64(31.516989434457532)]
  all_rate: [0.3783726394176483]
  all_rate_num: [49594.05859375]
  eval_all_psnr: [np.float64(31.43124589949393)]
  eval_all_y_rate: [0.3833354115486145]
  eval_all_y_rate_num: [50244.5390625]
  eval_all_mlp_rate: [0.07627105712890625]
  eval_all_mlp_rate_num: [9997.0]
  eval_all_arm_rate: [0.0330810546875]
  eval_all_arm_rate_num: [4336.0]
  eval_all_conv_rate: [0.03923797607421875]
  eval_all_conv_rate_num: [5143.0]
  eval_all_border_rate: [0.0]
  eval_all_border_rate_num: [0]
  eval_all_total_rate [[0.45960646867752075]]
  eval_all_total_rate_num [[60241.5390625]]
---------------------------------
Lambda = 0.0001:
  all_psnr: [np.float64(39.90833590486055)]
  all_rate: [1.680990219116211]
  all_rate_num: [220330.75]
  eval_all_psnr: [np.float64(39.8820351477505)]
  eval_all_y_rate: [1.6861169338226318]
  eval_all_y_rate_num: [221002.71875]
  eval_all_mlp_rate: [0.08709716796875]
  eval_all_mlp_rate_num: [11416.0]
  eval_all_arm_rate: [0.03577423095703125]
  eval_all_arm_rate_num: [4689.0]
  eval_all_conv_rate: [0.0469512939453125]
  eval_all_conv_rate_num: [6154.0]
  eval_all_border_rate: [0.0]
  eval_all_border_rate_num: [0]
  eval_all_total_rate [[1.7732141017913818]]
  eval_all_total_rate_num [[232418.71875]]
---------------------------------
